Component: ARM Compiler 5.06 update 6 (build 750) Tool: armlink [4d35ed]

==============================================================================

Section Cross References

    startup_stm32f407xx.o(STACK) refers (Special) to heapauxi.o(.text) for __use_two_region_memory
    startup_stm32f407xx.o(HEAP) refers (Special) to heapauxi.o(.text) for __use_two_region_memory
    startup_stm32f407xx.o(RESET) refers (Special) to heapauxi.o(.text) for __use_two_region_memory
    startup_stm32f407xx.o(RESET) refers to startup_stm32f407xx.o(STACK) for __initial_sp
    startup_stm32f407xx.o(RESET) refers to startup_stm32f407xx.o(.text) for Reset_Handler
    startup_stm32f407xx.o(RESET) refers to stm32f4xx_it.o(i.NMI_Handler) for NMI_Handler
    startup_stm32f407xx.o(RESET) refers to stm32f4xx_it.o(i.HardFault_Handler) for HardFault_Handler
    startup_stm32f407xx.o(RESET) refers to stm32f4xx_it.o(i.MemManage_Handler) for MemManage_Handler
    startup_stm32f407xx.o(RESET) refers to stm32f4xx_it.o(i.BusFault_Handler) for BusFault_Handler
    startup_stm32f407xx.o(RESET) refers to stm32f4xx_it.o(i.UsageFault_Handler) for UsageFault_Handler
    startup_stm32f407xx.o(RESET) refers to port.o(.emb_text) for SVC_Handler
    startup_stm32f407xx.o(RESET) refers to stm32f4xx_it.o(i.DebugMon_Handler) for DebugMon_Handler
    startup_stm32f407xx.o(RESET) refers to stm32f4xx_it.o(i.SysTick_Handler) for SysTick_Handler
    startup_stm32f407xx.o(RESET) refers to stm32f4xx_it.o(i.EXTI0_IRQHandler) for EXTI0_IRQHandler
    startup_stm32f407xx.o(RESET) refers to stm32f4xx_it.o(i.EXTI3_IRQHandler) for EXTI3_IRQHandler
    startup_stm32f407xx.o(RESET) refers to stm32f4xx_it.o(i.EXTI4_IRQHandler) for EXTI4_IRQHandler
    startup_stm32f407xx.o(RESET) refers to stm32f4xx_it.o(i.DMA1_Stream1_IRQHandler) for DMA1_Stream1_IRQHandler
    startup_stm32f407xx.o(RESET) refers to stm32f4xx_it.o(i.CAN1_RX0_IRQHandler) for CAN1_RX0_IRQHandler
    startup_stm32f407xx.o(RESET) refers to stm32f4xx_it.o(i.EXTI9_5_IRQHandler) for EXTI9_5_IRQHandler
    startup_stm32f407xx.o(RESET) refers to remote_control.o(i.USART3_IRQHandler) for USART3_IRQHandler
    startup_stm32f407xx.o(RESET) refers to stm32f4xx_it.o(i.CAN2_RX0_IRQHandler) for CAN2_RX0_IRQHandler
    startup_stm32f407xx.o(RESET) refers to stm32f4xx_it.o(i.DMA2_Stream7_IRQHandler) for DMA2_Stream7_IRQHandler
    startup_stm32f407xx.o(.text) refers (Special) to heapauxi.o(.text) for __use_two_region_memory
    startup_stm32f407xx.o(.text) refers to system_stm32f4xx.o(i.SystemInit) for SystemInit
    startup_stm32f407xx.o(.text) refers to __main.o(!!!main) for __main
    startup_stm32f407xx.o(.text) refers to startup_stm32f407xx.o(HEAP) for Heap_Mem
    startup_stm32f407xx.o(.text) refers to startup_stm32f407xx.o(STACK) for Stack_Mem
    main.o(i.SystemClock_Config) refers to rt_memclr_w.o(.text) for __aeabi_memclr4
    main.o(i.SystemClock_Config) refers to stm32f4xx_hal_rcc.o(i.HAL_RCC_OscConfig) for HAL_RCC_OscConfig
    main.o(i.SystemClock_Config) refers to stm32f4xx_hal_rcc.o(i.HAL_RCC_ClockConfig) for HAL_RCC_ClockConfig
    main.o(i.main) refers to stm32f4xx_hal.o(i.HAL_Init) for HAL_Init
    main.o(i.main) refers to main.o(i.SystemClock_Config) for SystemClock_Config
    main.o(i.main) refers to gpio.o(i.MX_GPIO_Init) for MX_GPIO_Init
    main.o(i.main) refers to dma.o(i.MX_DMA_Init) for MX_DMA_Init
    main.o(i.main) refers to spi.o(i.MX_SPI1_Init) for MX_SPI1_Init
    main.o(i.main) refers to tim.o(i.MX_TIM5_Init) for MX_TIM5_Init
    main.o(i.main) refers to i2c.o(i.MX_I2C3_Init) for MX_I2C3_Init
    main.o(i.main) refers to tim.o(i.MX_TIM10_Init) for MX_TIM10_Init
    main.o(i.main) refers to tim.o(i.MX_TIM1_Init) for MX_TIM1_Init
    main.o(i.main) refers to can.o(i.MX_CAN1_Init) for MX_CAN1_Init
    main.o(i.main) refers to can.o(i.MX_CAN2_Init) for MX_CAN2_Init
    main.o(i.main) refers to rng.o(i.MX_RNG_Init) for MX_RNG_Init
    main.o(i.main) refers to usart.o(i.MX_USART3_UART_Init) for MX_USART3_UART_Init
    main.o(i.main) refers to usart.o(i.MX_USART1_UART_Init) for MX_USART1_UART_Init
    main.o(i.main) refers to bsp_delay.o(i.delay_init) for delay_init
    main.o(i.main) refers to remote_control.o(i.remote_control_init) for remote_control_init
    main.o(i.main) refers to bsp_can.o(i.can_filter_init) for can_filter_init
    main.o(i.main) refers to freertos.o(i.MX_FREERTOS_Init) for MX_FREERTOS_Init
    main.o(i.main) refers to cmsis_os.o(i.osKernelStart) for osKernelStart
    gpio.o(i.MX_GPIO_Init) refers to rt_memclr_w.o(.text) for __aeabi_memclr4
    gpio.o(i.MX_GPIO_Init) refers to stm32f4xx_hal_gpio.o(i.HAL_GPIO_WritePin) for HAL_GPIO_WritePin
    gpio.o(i.MX_GPIO_Init) refers to stm32f4xx_hal_gpio.o(i.HAL_GPIO_Init) for HAL_GPIO_Init
    gpio.o(i.MX_GPIO_Init) refers to stm32f4xx_hal_cortex.o(i.HAL_NVIC_SetPriority) for HAL_NVIC_SetPriority
    gpio.o(i.MX_GPIO_Init) refers to stm32f4xx_hal_cortex.o(i.HAL_NVIC_EnableIRQ) for HAL_NVIC_EnableIRQ
[...]
    __rt_lib_init_stdio_1                    0x0800021d   Thumb Code     0  libinit2.o(.ARM.Collect$$libinit$$00000025)
    __rt_lib_shutdown                        0x0800021f   Thumb Code     0  libshutdown.o(.ARM.Collect$$libshutdown$$00000000)
    __rt_lib_shutdown_cpp_1                  0x08000221   Thumb Code     0  libshutdown2.o(.ARM.Collect$$libshutdown$$00000002)
    __rt_lib_shutdown_fp_trap_1              0x08000221   Thumb Code     0  libshutdown2.o(.ARM.Collect$$libshutdown$$00000007)
    __rt_lib_shutdown_heap_1                 0x08000221   Thumb Code     0  libshutdown2.o(.ARM.Collect$$libshutdown$$0000000F)
    __rt_lib_shutdown_return                 0x08000221   Thumb Code     0  libshutdown2.o(.ARM.Collect$$libshutdown$$00000010)
    __rt_lib_shutdown_signal_1               0x08000221   Thumb Code     0  libshutdown2.o(.ARM.Collect$$libshutdown$$0000000A)
    __rt_lib_shutdown_stdio_1                0x08000221   Thumb Code     0  libshutdown2.o(.ARM.Collect$$libshutdown$$00000004)
    __rt_lib_shutdown_user_alloc_1           0x08000221   Thumb Code     0  libshutdown2.o(.ARM.Collect$$libshutdown$$0000000C)
    __rt_entry                               0x08000223   Thumb Code     0  __rtentry.o(.ARM.Collect$$rtentry$$00000000)
    __rt_entry_presh_1                       0x08000223   Thumb Code     0  __rtentry2.o(.ARM.Collect$$rtentry$$00000002)
    __rt_entry_sh                            0x08000223   Thumb Code     0  __rtentry4.o(.ARM.Collect$$rtentry$$00000004)
    __rt_entry_li                            0x08000229   Thumb Code     0  __rtentry2.o(.ARM.Collect$$rtentry$$0000000A)
    __rt_entry_postsh_1                      0x08000229   Thumb Code     0  __rtentry2.o(.ARM.Collect$$rtentry$$00000009)
    __rt_entry_main                          0x0800022d   Thumb Code     0  __rtentry2.o(.ARM.Collect$$rtentry$$0000000D)
    __rt_entry_postli_1                      0x0800022d   Thumb Code     0  __rtentry2.o(.ARM.Collect$$rtentry$$0000000C)
    __rt_exit                                0x08000235   Thumb Code     0  rtexit.o(.ARM.Collect$$rtexit$$00000000)
    __rt_exit_ls                             0x08000237   Thumb Code     0  rtexit2.o(.ARM.Collect$$rtexit$$00000003)
    __rt_exit_prels_1                        0x08000237   Thumb Code     0  rtexit2.o(.ARM.Collect$$rtexit$$00000002)
    __rt_exit_exit                           0x0800023b   Thumb Code     0  rtexit2.o(.ARM.Collect$$rtexit$$00000004)
    SVC_Handler                              0x08000241   Thumb Code    28  port.o(.emb_text)
    __asm___6_port_c_39a90d8d__prvStartFirstTask 0x08000261   Thumb Code    36  port.o(.emb_text)
    __asm___6_port_c_39a90d8d__prvEnableVFP  0x08000289   Thumb Code    16  port.o(.emb_text)
    PendSV_Handler                           0x0800029d   Thumb Code    88  port.o(.emb_text)
    vPortGetIPSR                             0x080002f9   Thumb Code     6  port.o(.emb_text)
    Reset_Handler                            0x08000301   Thumb Code     8  startup_stm32f407xx.o(.text)
    ADC_IRQHandler                           0x0800031b   Thumb Code     0  startup_stm32f407xx.o(.text)
    CAN1_RX1_IRQHandler                      0x0800031b   Thumb Code     0  startup_stm32f407xx.o(.text)
    CAN1_SCE_IRQHandler                      0x0800031b   Thumb Code     0  startup_stm32f407xx.o(.text)
    CAN1_TX_IRQHandler                       0x0800031b   Thumb Code     0  startup_stm32f407xx.o(.text)
    CAN2_RX1_IRQHandler                      0x0800031b   Thumb Code     0  startup_stm32f407xx.o(.text)
    CAN2_SCE_IRQHandler                      0x0800031b   Thumb Code     0  startup_stm32f407xx.o(.text)
    CAN2_TX_IRQHandler                       0x0800031b   Thumb Code     0  startup_stm32f407xx.o(.text)
    DCMI_IRQHandler                          0x0800031b   Thumb Code     0  startup_stm32f407xx.o(.text)
    DMA1_Stream0_IRQHandler                  0x0800031b   Thumb Code     0  startup_stm32f407xx.o(.text)
    DMA1_Stream2_IRQHandler                  0x0800031b   Thumb Code     0  startup_stm32f407xx.o(.text)
    DMA1_Stream3_IRQHandler                  0x0800031b   Thumb Code     0  startup_stm32f407xx.o(.text)
    DMA1_Stream4_IRQHandler                  0x0800031b   Thumb Code     0  startup_stm32f407xx.o(.text)
    DMA1_Stream5_IRQHandler                  0x0800031b   Thumb Code     0  startup_stm32f407xx.o(.text)
    DMA1_Stream6_IRQHandler                  0x0800031b   Thumb Code     0  startup_stm32f407xx.o(.text)
    DMA1_Stream7_IRQHandler                  0x0800031b   Thumb Code     0  startup_stm32f407xx.o(.text)
    DMA2_Stream0_IRQHandler                  0x0800031b   Thumb Code     0  startup_stm32f407xx.o(.text)
    DMA2_Stream1_IRQHandler                  0x0800031b   Thumb Code     0  startup_stm32f407xx.o(.text)
    DMA2_Stream2_IRQHandler                  0x0800031b   Thumb Code     0  startup_stm32f407xx.o(.text)
    DMA2_Stream3_IRQHandler                  0x0800031b   Thumb Code     0  startup_stm32f407xx.o(.text)
    DMA2_Stream4_IRQHandler                  0x0800031b   Thumb Code     0  startup_stm32f407xx.o(.text)
    DMA2_Stream5_IRQHandler                  0x0800031b   Thumb Code     0  startup_stm32f407xx.o(.text)
    DMA2_Stream6_IRQHandler                  0x0800031b   Thumb Code     0  startup_stm32f407xx.o(.text)
    ETH_IRQHandler                           0x0800031b   Thumb Code     0  startup_stm32f407xx.o(.text)
    ETH_WKUP_IRQHandler                      0x0800031b   Thumb Code     0  startup_stm32f407xx.o(.text)
    EXTI15_10_IRQHandler                     0x0800031b   Thumb Code     0  startup_stm32f407xx.o(.text)
    EXTI1_IRQHandler                         0x0800031b   Thumb Code     0  startup_stm32f407xx.o(.text)
    EXTI2_IRQHandler                         0x0800031b   Thumb Code     0  startup_stm32f407xx.o(.text)
    FLASH_IRQHandler                         0x0800031b   Thumb Code     0  startup_stm32f407xx.o(.text)
    FMC_IRQHandler                           0x0800031b   Thumb Code     0  startup_stm32f407xx.o(.text)
    FPU_IRQHandler                           0x0800031b   Thumb Code     0  startup_stm32f407xx.o(.text)
    HASH_RNG_IRQHandler                      0x0800031b   Thumb Code     0  startup_stm32f407xx.o(.text)
    I2C1_ER_IRQHandler                       0x0800031b   Thumb Code     0  startup_stm32f407xx.o(.text)
    I2C1_EV_IRQHandler                       0x0800031b   Thumb Code     0  startup_stm32f407xx.o(.text)
    I2C2_ER_IRQHandler                       0x0800031b   Thumb Code     0  startup_stm32f407xx.o(.text)
    I2C2_EV_IRQHandler                       0x0800031b   Thumb Code     0  startup_stm32f407xx.o(.text)
    I2C3_ER_IRQHandler                       0x0800031b   Thumb Code     0  startup_stm32f407xx.o(.text)
    I2C3_EV_IRQHandler                       0x0800031b   Thumb Code     0  startup_stm32f407xx.o(.text)
    OTG_FS_IRQHandler                        0x0800031b   Thumb Code     0  startup_stm32f407xx.o(.text)
    OTG_FS_WKUP_IRQHandler                   0x0800031b   Thumb Code     0  startup_stm32f407xx.o(.text)
    OTG_HS_EP1_IN_IRQHandler                 0x0800031b   Thumb Code     0  startup_stm32f407xx.o(.text)
    OTG_HS_EP1_OUT_IRQHandler                0x0800031b   Thumb Code     0  startup_stm32f407xx.o(.text)
    OTG_HS_IRQHandler                        0x0800031b   Thumb Code     0  startup_stm32f407xx.o(.text)
    OTG_HS_WKUP_IRQHandler                   0x0800031b   Thumb Code     0  startup_stm32f407xx.o(.text)
    PVD_IRQHandler                           0x0800031b   Thumb Code     0  startup_stm32f407xx.o(.text)
    RCC_IRQHandler                           0x0800031b   Thumb Code     0  startup_stm32f407xx.o(.text)
    RTC_Alarm_IRQHandler                     0x0800031b   Thumb Code     0  startup_stm32f407xx.o(.text)
    RTC_WKUP_IRQHandler                      0x0800031b   Thumb Code     0  startup_stm32f407xx.o(.text)
    SDIO_IRQHandler                          0x0800031b   Thumb Code     0  startup_stm32f407xx.o(.text)
    SPI1_IRQHandler                          0x0800031b   Thumb Code     0  startup_stm32f407xx.o(.text)
    SPI2_IRQHandler                          0x0800031b   Thumb Code     0  startup_stm32f407xx.o(.text)
    SPI3_IRQHandler                          0x0800031b   Thumb Code     0  startup_stm32f407xx.o(.text)
    TAMP_STAMP_IRQHandler                    0x0800031b   Thumb Code     0  startup_stm32f407xx.o(.text)
    TIM1_BRK_TIM9_IRQHandler                 0x0800031b   Thumb Code     0  startup_stm32f407xx.o(.text)
    TIM1_CC_IRQHandler                       0x0800031b   Thumb Code     0  startup_stm32f407xx.o(.text)
    TIM1_TRG_COM_TIM11_IRQHandler            0x0800031b   Thumb Code     0  startup_stm32f407xx.o(.text)
    TIM1_UP_TIM10_IRQHandler                 0x0800031b   Thumb Code     0  startup_stm32f407xx.o(.text)
    TIM2_IRQHandler                          0x0800031b   Thumb Code     0  startup_stm32f407xx.o(.text)
    TIM3_IRQHandler                          0x0800031b   Thumb Code     0  startup_stm32f407xx.o(.text)
    TIM4_IRQHandler                          0x0800031b   Thumb Code     0  startup_stm32f407xx.o(.text)
    TIM5_IRQHandler                          0x0800031b   Thumb Code     0  startup_stm32f407xx.o(.text)
    TIM6_DAC_IRQHandler                      0x0800031b   Thumb Code     0  startup_stm32f407xx.o(.text)
    TIM7_IRQHandler                          0x0800031b   Thumb Code     0  startup_stm32f407xx.o(.text)
    TIM8_BRK_TIM12_IRQHandler                0x0800031b   Thumb Code     0  startup_stm32f407xx.o(.text)
    TIM8_CC_IRQHandler                       0x0800031b   Thumb Code     0  startup_stm32f407xx.o(.text)
    TIM8_TRG_COM_TIM14_IRQHandler            0x0800031b   Thumb Code     0  startup_stm32f407xx.o(.text)
    TIM8_UP_TIM13_IRQHandler                 0x0800031b   Thumb Code     0  startup_stm32f407xx.o(.text)
    UART4_IRQHandler                         0x0800031b   Thumb Code     0  startup_stm32f407xx.o(.text)
    UART5_IRQHandler                         0x0800031b   Thumb Code     0  startup_stm32f407xx.o(.text)
    USART1_IRQHandler                        0x0800031b   Thumb Code     0  startup_stm32f407xx.o(.text)
    USART2_IRQHandler                        0x0800031b   Thumb Code     0  startup_stm32f407xx.o(.text)
    USART6_IRQHandler                        0x0800031b   Thumb Code     0  startup_stm32f407xx.o(.text)
    WWDG_IRQHandler                          0x0800031b   Thumb Code     0  startup_stm32f407xx.o(.text)
    __user_initial_stackheap                 0x0800031d   Thumb Code     0  startup_stm32f407xx.o(.text)
    __use_no_semihosting                     0x08000341   Thumb Code     2  use_no_semi_2.o(.text)
    __aeabi_uldivmod                         0x08000343   Thumb Code     0  lludivv7m.o(.text)
    _ll_udiv                                 0x08000343   Thumb Code   238  lludivv7m.o(.text)
    __2printf                                0x08000431   Thumb Code    20  noretval__2printf.o(.text)
    __printf                                 0x08000449   Thumb Code   270  __printf_wp.o(.text)
    __aeabi_memcpy                           0x08000557   Thumb Code     0  rt_memcpy_v6.o(.text)
    __rt_memcpy                              0x08000557   Thumb Code   138  rt_memcpy_v6.o(.text)
    _memcpy_lastbytes                        0x080005bd   Thumb Code     0  rt_memcpy_v6.o(.text)
    __aeabi_memcpy4                          0x080005e1   Thumb Code     0  rt_memcpy_w.o(.text)
    __aeabi_memcpy8                          0x080005e1   Thumb Code     0  rt_memcpy_w.o(.text)
    __rt_memcpy_w                            0x080005e1   Thumb Code   100  rt_memcpy_w.o(.text)
    _memcpy_lastbytes_aligned                0x08000629   Thumb Code     0  rt_memcpy_w.o(.text)
    __aeabi_memset                           0x08000645   Thumb Code    16  aeabi_memset.o(.text)
    __aeabi_memclr4                          0x08000655   Thumb Code     0  rt_memclr_w.o(.text)
    __aeabi_memclr8                          0x08000655   Thumb Code     0  rt_memclr_w.o(.text)
    __rt_memclr_w                            0x08000655   Thumb Code    78  rt_memclr_w.o(.text)
    _memset_w                                0x08000659   Thumb Code     0  rt_memclr_w.o(.text)
    __use_two_region_memory                  0x080006a3   Thumb Code     2  heapauxi.o(.text)
    __rt_heap_escrow$2region                 0x080006a5   Thumb Code     2  heapauxi.o(.text)
    __rt_heap_expand$2region                 0x080006a7   Thumb Code     2  heapauxi.o(.text)
    __semihosting$guard                      0x080006a9   Thumb Code     0  use_no_semi.o(.text)
    __use_no_semihosting_swi                 0x080006a9   Thumb Code     2  use_no_semi.o(.text)
    __lib_sel_fp_printf                      0x080006ab   Thumb Code     2  _printf_fp_dec.o(.text)
    _printf_fp_dec_real                      0x0800085d   Thumb Code   620  _printf_fp_dec.o(.text)
    _printf_char_file                        0x08000ac9   Thumb Code    32  _printf_char_file.o(.text)
    __aeabi_memclr                           0x08000aed   Thumb Code     0  rt_memclr.o(.text)
    __rt_memclr                              0x08000aed   Thumb Code    68  rt_memclr.o(.text)
    _memset                                  0x08000af1   Thumb Code     0  rt_memclr.o(.text)
    __rt_locale                              0x08000b31   Thumb Code     8  rt_locale_intlibspace.o(.text)
    _ll_udiv10                               0x08000b39   Thumb Code   138  lludiv10.o(.text)
    _printf_char_common                      0x08000bcf   Thumb Code    32  _printf_char_common.o(.text)
    _printf_fp_infnan                        0x08000bf5   Thumb Code   112  _printf_fp_infnan.o(.text)
    _btod_etento                             0x08000c75   Thumb Code   224  bigflt0.o(.text)
    ferror                                   0x08000d59   Thumb Code     8  ferror.o(.text)
    __user_libspace                          0x08000d61   Thumb Code     8  libspace.o(.text)
    __user_perproc_libspace                  0x08000d61   Thumb Code     0  libspace.o(.text)
    __user_perthread_libspace                0x08000d61   Thumb Code     0  libspace.o(.text)
    __user_setup_stackheap                   0x08000d69   Thumb Code    74  sys_stackheap_outer.o(.text)
    exit                                     0x08000db3   Thumb Code    18  exit.o(.text)
    strcmp                                   0x08000dc5   Thumb Code   128  strcmpv7m.o(.text)
    _btod_d2e                                0x08000e45   Thumb Code    62  btod.o(CL$$btod_d2e)
    _d2e_denorm_low                          0x08000e83   Thumb Code    70  btod.o(CL$$btod_d2e_denorm_low)
    _d2e_norm_op1                            0x08000ec9   Thumb Code    96  btod.o(CL$$btod_d2e_norm_op1)
    __btod_div_common                        0x08000f29   Thumb Code   696  btod.o(CL$$btod_div_common)
    _e2e                                     0x08001261   Thumb Code   220  btod.o(CL$$btod_e2e)
    _btod_ediv                               0x0800133d   Thumb Code    42  btod.o(CL$$btod_ediv)
    _btod_emul                               0x08001367   Thumb Code    42  btod.o(CL$$btod_emul)
    __btod_mult_common                       0x08001391   Thumb Code   580  btod.o(CL$$btod_mult_common)
    BusFault_Handler                         0x080015d5   Thumb Code     2  stm32f4xx_it.o(i.BusFault_Handler)
    CAN1_RX0_IRQHandler                      0x080015d9   Thumb Code     6  stm32f4xx_it.o(i.CAN1_RX0_IRQHandler)
    CAN2_RX0_IRQHandler                      0x080015e5   Thumb Code     6  stm32f4xx_it.o(i.CAN2_RX0_IRQHandler)
    CAN_cmd_can2                             0x080015f1   Thumb Code    58  can_bus.o(i.CAN_cmd_can2)
    CAN_cmd_fricl                            0x08001639   Thumb Code    58  can_bus.o(i.CAN_cmd_fricl)
    CAN_cmd_fricr                            0x08001681   Thumb Code    58  can_bus.o(i.CAN_cmd_fricr)
    DMA1_Stream1_IRQHandler                  0x080016c9   Thumb Code     6  stm32f4xx_it.o(i.DMA1_Stream1_IRQHandler)
    DMA2_Stream7_IRQHandler                  0x080016d5   Thumb Code     6  stm32f4xx_it.o(i.DMA2_Stream7_IRQHandler)
    DebugMon_Handler                         0x08001793   Thumb Code     2  stm32f4xx_it.o(i.DebugMon_Handler)
    EXTI0_IRQHandler                         0x08001795   Thumb Code     6  stm32f4xx_it.o(i.EXTI0_IRQHandler)
    EXTI3_IRQHandler                         0x0800179b   Thumb Code     6  stm32f4xx_it.o(i.EXTI3_IRQHandler)
    EXTI4_IRQHandler                         0x080017a1   Thumb Code     6  stm32f4xx_it.o(i.EXTI4_IRQHandler)
    EXTI9_5_IRQHandler                       0x080017a7   Thumb Code     6  stm32f4xx_it.o(i.EXTI9_5_IRQHandler)
    Error_Handler                            0x080017ad   Thumb Code     2  main.o(i.Error_Handler)
    HAL_CAN_ActivateNotification             0x080017af   Thumb Code    36  stm32f4xx_hal_can.o(i.HAL_CAN_ActivateNotification)
    HAL_CAN_AddTxMessage                     0x080017d3   Thumb Code   260  stm32f4xx_hal_can.o(i.HAL_CAN_AddTxMessage)
    HAL_CAN_ConfigFilter                     0x080018d9   Thumb Code   290  stm32f4xx_hal_can.o(i.HAL_CAN_ConfigFilter)
    HAL_CAN_ErrorCallback                    0x08001a01   Thumb Code     2  stm32f4xx_hal_can.o(i.HAL_CAN_ErrorCallback)
    HAL_CAN_GetRxMessage                     0x08001a03   Thumb Code   364  stm32f4xx_hal_can.o(i.HAL_CAN_GetRxMessage)
    HAL_CAN_IRQHandler                       0x08001b6f   Thumb Code   564  stm32f4xx_hal_can.o(i.HAL_CAN_IRQHandler)
    HAL_CAN_Init                             0x08001da3   Thumb Code   360  stm32f4xx_hal_can.o(i.HAL_CAN_Init)
    HAL_CAN_MspInit                          0x08001f0d   Thumb Code   222  can.o(i.HAL_CAN_MspInit)
    HAL_CAN_RxFifo0FullCallback              0x08002005   Thumb Code     2  stm32f4xx_hal_can.o(i.HAL_CAN_RxFifo0FullCallback)
    HAL_CAN_RxFifo0MsgPendingCallback        0x08002009   Thumb Code   208  can_bus.o(i.HAL_CAN_RxFifo0MsgPendingCallback)
    HAL_CAN_RxFifo1FullCallback              0x080020e9   Thumb Code     2  stm32f4xx_hal_can.o(i.HAL_CAN_RxFifo1FullCallback)
    HAL_CAN_RxFifo1MsgPendingCallback        0x080020eb   Thumb Code     2  stm32f4xx_hal_can.o(i.HAL_CAN_RxFifo1MsgPendingCallback)
    HAL_CAN_SleepCallback                    0x080020ed   Thumb Code     2  stm32f4xx_hal_can.o(i.HAL_CAN_SleepCallback)
    HAL_CAN_Start                            0x080020ef   Thumb Code   100  stm32f4xx_hal_can.o(i.HAL_CAN_Start)
    HAL_CAN_TxMailbox0AbortCallback          0x08002153   Thumb Code     2  stm32f4xx_hal_can.o(i.HAL_CAN_TxMailbox0AbortCallback)
    HAL_CAN_TxMailbox0CompleteCallback       0x08002155   Thumb Code     2  stm32f4xx_hal_can.o(i.HAL_CAN_TxMailbox0CompleteCallback)
    HAL_CAN_TxMailbox1AbortCallback          0x08002157   Thumb Code     2  stm32f4xx_hal_can.o(i.HAL_CAN_TxMailbox1AbortCallback)
    HAL_CAN_TxMailbox1CompleteCallback       0x08002159   Thumb Code     2  stm32f4xx_hal_can.o(i.HAL_CAN_TxMailbox1CompleteCallback)
    HAL_CAN_TxMailbox2AbortCallback          0x0800215b   Thumb Code     2  stm32f4xx_hal_can.o(i.HAL_CAN_TxMailbox2AbortCallback)
    HAL_CAN_TxMailbox2CompleteCallback       0x0800215d   Thumb Code     2  stm32f4xx_hal_can.o(i.HAL_CAN_TxMailbox2CompleteCallback)
    HAL_CAN_WakeUpFromRxMsgCallback          0x0800215f   Thumb Code     2  stm32f4xx_hal_can.o(i.HAL_CAN_WakeUpFromRxMsgCallback)
    HAL_DMA_IRQHandler                       0x08002161   Thumb Code   488  stm32f4xx_hal_dma.o(i.HAL_DMA_IRQHandler)
    HAL_DMA_Init                             0x0800234d   Thumb Code   230  stm32f4xx_hal_dma.o(i.HAL_DMA_Init)
    HAL_GPIO_EXTI_Callback                   0x08002439   Thumb Code     2  stm32f4xx_hal_gpio.o(i.HAL_GPIO_EXTI_Callback)
    HAL_GPIO_EXTI_IRQHandler                 0x0800243d   Thumb Code    18  stm32f4xx_hal_gpio.o(i.HAL_GPIO_EXTI_IRQHandler)
    HAL_GPIO_Init                            0x08002455   Thumb Code   518  stm32f4xx_hal_gpio.o(i.HAL_GPIO_Init)
    HAL_GPIO_WritePin                        0x08002671   Thumb Code    14  stm32f4xx_hal_gpio.o(i.HAL_GPIO_WritePin)
    HAL_GetTick                              0x08002681   Thumb Code     6  stm32f4xx_hal.o(i.HAL_GetTick)
    HAL_I2C_Init                             0x0800268d   Thumb Code   390  stm32f4xx_hal_i2c.o(i.HAL_I2C_Init)
    HAL_I2C_MspInit                          0x08002825   Thumb Code   122  i2c.o(i.HAL_I2C_MspInit)
    HAL_IncTick                              0x080028b1   Thumb Code    12  stm32f4xx_hal.o(i.HAL_IncTick)
    HAL_Init                                 0x080028c1   Thumb Code    48  stm32f4xx_hal.o(i.HAL_Init)
    HAL_InitTick                             0x080028f5   Thumb Code    58  stm32f4xx_hal.o(i.HAL_InitTick)
    HAL_MspInit                              0x08002939   Thumb Code    52  stm32f4xx_hal_msp.o(i.HAL_MspInit)
    HAL_NVIC_EnableIRQ                       0x08002971   Thumb Code    28  stm32f4xx_hal_cortex.o(i.HAL_NVIC_EnableIRQ)
    HAL_NVIC_SetPriority                     0x0800298d   Thumb Code    98  stm32f4xx_hal_cortex.o(i.HAL_NVIC_SetPriority)
    HAL_NVIC_SetPriorityGrouping             0x080029f5   Thumb Code    30  stm32f4xx_hal_cortex.o(i.HAL_NVIC_SetPriorityGrouping)
    HAL_RCC_ClockConfig                      0x08002a19   Thumb Code   352  stm32f4xx_hal_rcc.o(i.HAL_RCC_ClockConfig)
    HAL_RCC_GetHCLKFreq                      0x08002b8d   Thumb Code     6  stm32f4xx_hal_rcc.o(i.HAL_RCC_GetHCLKFreq)
    HAL_RCC_GetPCLK1Freq                     0x08002b99   Thumb Code    22  stm32f4xx_hal_rcc.o(i.HAL_RCC_GetPCLK1Freq)
    HAL_RCC_GetPCLK2Freq                     0x08002bb9   Thumb Code    22  stm32f4xx_hal_rcc.o(i.HAL_RCC_GetPCLK2Freq)
    HAL_RCC_GetSysClockFreq                  0x08002bd9   Thumb Code    94  stm32f4xx_hal_rcc.o(i.HAL_RCC_GetSysClockFreq)
    HAL_RCC_OscConfig                        0x08002c49   Thumb Code  1078  stm32f4xx_hal_rcc.o(i.HAL_RCC_OscConfig)
    HAL_RNG_Init                             0x0800307f   Thumb Code    52  stm32f4xx_hal_rng.o(i.HAL_RNG_Init)
    HAL_RNG_MspInit                          0x080030b5   Thumb Code    30  rng.o(i.HAL_RNG_MspInit)
    HAL_SPI_Init                             0x080030dd   Thumb Code   130  stm32f4xx_hal_spi.o(i.HAL_SPI_Init)
    HAL_SPI_MspInit                          0x08003161   Thumb Code   226  spi.o(i.HAL_SPI_MspInit)
    HAL_SYSTICK_Config                       0x0800325d   Thumb Code    36  stm32f4xx_hal_cortex.o(i.HAL_SYSTICK_Config)
    HAL_TIMEx_ConfigBreakDeadTime            0x08003285   Thumb Code   102  stm32f4xx_hal_tim_ex.o(i.HAL_TIMEx_ConfigBreakDeadTime)
    HAL_TIMEx_MasterConfigSynchronization    0x080032eb   Thumb Code    78  stm32f4xx_hal_tim_ex.o(i.HAL_TIMEx_MasterConfigSynchronization)
    HAL_TIM_Base_Init                        0x08003339   Thumb Code    56  stm32f4xx_hal_tim.o(i.HAL_TIM_Base_Init)
    HAL_TIM_Base_MspInit                     0x08003371   Thumb Code    56  tim.o(i.HAL_TIM_Base_MspInit)
    HAL_TIM_Base_Start                       0x080033b5   Thumb Code    36  stm32f4xx_hal_tim.o(i.HAL_TIM_Base_Start)
    HAL_TIM_ConfigClockSource                0x080033d9   Thumb Code   228  stm32f4xx_hal_tim.o(i.HAL_TIM_ConfigClockSource)
    HAL_TIM_MspPostInit                      0x080034bd   Thumb Code   202  tim.o(i.HAL_TIM_MspPostInit)
    HAL_TIM_PWM_ConfigChannel                0x080035a9   Thumb Code   220  stm32f4xx_hal_tim.o(i.HAL_TIM_PWM_ConfigChannel)
    HAL_TIM_PWM_Init                         0x08003685   Thumb Code    56  stm32f4xx_hal_tim.o(i.HAL_TIM_PWM_Init)
    HAL_TIM_PWM_MspInit                      0x080036bd   Thumb Code    30  tim.o(i.HAL_TIM_PWM_MspInit)
    HAL_TIM_PWM_Start                        0x080036e5   Thumb Code    66  stm32f4xx_hal_tim.o(i.HAL_TIM_PWM_Start)
    HAL_UART_Init                            0x08003727   Thumb Code   100  stm32f4xx_hal_uart.o(i.HAL_UART_Init)
    HAL_UART_MspInit                         0x0800378d   Thumb Code   326  usart.o(i.HAL_UART_MspInit)
    HardFault_Handler                        0x080038f9   Thumb Code     2  stm32f4xx_it.o(i.HardFault_Handler)
    MX_CAN1_Init                             0x080038fd   Thumb Code    60  can.o(i.MX_CAN1_Init)
    MX_CAN2_Init                             0x08003941   Thumb Code    60  can.o(i.MX_CAN2_Init)
    MX_DMA_Init                              0x08003985   Thumb Code   104  dma.o(i.MX_DMA_Init)
    MX_FREERTOS_Init                         0x080039f1   Thumb Code   162  freertos.o(i.MX_FREERTOS_Init)
    MX_GPIO_Init                             0x08003a9d   Thumb Code   378  gpio.o(i.MX_GPIO_Init)
    MX_I2C3_Init                             0x08003c35   Thumb Code    50  i2c.o(i.MX_I2C3_Init)
    MX_RNG_Init                              0x08003c75   Thumb Code    28  rng.o(i.MX_RNG_Init)
    MX_SPI1_Init                             0x08003c99   Thumb Code    64  spi.o(i.MX_SPI1_Init)
    MX_TIM10_Init                            0x08003ce1   Thumb Code    92  tim.o(i.MX_TIM10_Init)
    MX_TIM1_Init                             0x08003d45   Thumb Code   172  tim.o(i.MX_TIM1_Init)
    MX_TIM5_Init                             0x08003df9   Thumb Code   174  tim.o(i.MX_TIM5_Init)
    MX_USART1_UART_Init                      0x08003eb1   Thumb Code    48  usart.o(i.MX_USART1_UART_Init)
    MX_USART3_UART_Init                      0x08003ee9   Thumb Code    46  usart.o(i.MX_USART3_UART_Init)
    MemManage_Handler                        0x08003f25   Thumb Code     2  stm32f4xx_it.o(i.MemManage_Handler)
    NMI_Handler                              0x08003f27   Thumb Code     2  stm32f4xx_it.o(i.NMI_Handler)
    PID_calc                                 0x08003f29   Thumb Code   292  pid.o(i.PID_calc)
    PID_clear                                0x08004051   Thumb Code    58  pid.o(i.PID_clear)
    PID_init                                 0x08004091   Thumb Code    88  pid.o(i.PID_init)
    RC_Init                                  0x080040ed   Thumb Code    84  bsp_rc.o(i.RC_Init)
    SysTick_Handler                          0x0800414d   Thumb Code    24  stm32f4xx_it.o(i.SysTick_Handler)
    SystemClock_Config                       0x08004165   Thumb Code   124  main.o(i.SystemClock_Config)
    SystemInit                               0x080041e9   Thumb Code    66  system_stm32f4xx.o(i.SystemInit)
    TIM_Base_SetConfig                       0x0800423d   Thumb Code   182  stm32f4xx_hal_tim.o(i.TIM_Base_SetConfig)
    TIM_CCxChannelCmd                        0x08004309   Thumb Code    30  stm32f4xx_hal_tim.o(i.TIM_CCxChannelCmd)
    TIM_ETR_SetConfig                        0x08004327   Thumb Code    22  stm32f4xx_hal_tim.o(i.TIM_ETR_SetConfig)
    TIM_OC2_SetConfig                        0x080043bd   Thumb Code   112  stm32f4xx_hal_tim.o(i.TIM_OC2_SetConfig)
    USART3_IRQHandler                        0x08004891   Thumb Code   142  remote_control.o(i.USART3_IRQHandler)
    UsageFault_Handler                       0x08004939   Thumb Code     2  stm32f4xx_it.o(i.UsageFault_Handler)
    __ARM_fpclassify                         0x0800493b   Thumb Code    48  fpclassify.o(i.__ARM_fpclassify)
    _is_digit                                0x0800496b   Thumb Code    14  __printf_wp.o(i._is_digit)
    _sys_exit                                0x08004979   Thumb Code     2  usart.o(i._sys_exit)
    aRGB_led_show                            0x0800497d   Thumb Code    52  bsp_led.o(i.aRGB_led_show)
    abs_limit                                0x080049b9   Thumb Code    34  user_lib.o(i.abs_limit)
    can_filter_init                          0x080049dd   Thumb Code    80  bsp_can.o(i.can_filter_init)
    debug_send                               0x08004a35   Thumb Code   140  debug.o(i.debug_send)
    delay_init                               0x08004af1   Thumb Code    26  bsp_delay.o(i.delay_init)
    fputc                                    0x08004b19   Thumb Code    14  usart.o(i.fputc)
    fric_task                                0x08004d49   Thumb Code   114  fric_task.o(i.fric_task)
    get_fric_mode                            0x08004dc5   Thumb Code     6  fric_task.o(i.get_fric_mode)
    get_motor_measure                        0x08004dd1   Thumb Code    28  can_bus.o(i.get_motor_measure)
    get_motor_measure_point                  0x08004ded   Thumb Code   124  can_bus.o(i.get_motor_measure_point)
    get_remote_control_point                 0x08004e6d   Thumb Code     4  remote_control.o(i.get_remote_control_point)
    get_runner_mode                          0x08004e75   Thumb Code     6  runner_task.o(i.get_runner_mode)
    gimbal_PID_clear                         0x08004f01   Thumb Code    42  gimbal_task.o(i.gimbal_PID_clear)
    gimbal_free_control                      0x08004fad   Thumb Code    10  gimbal_task.o(i.gimbal_free_control)
    gimbal_locked_control                    0x08005061   Thumb Code    10  gimbal_task.o(i.gimbal_locked_control)
    gimbal_mode_change_control_transit       0x0800506b   Thumb Code    38  gimbal_task.o(i.gimbal_mode_change_control_transit)
    gimbal_rc_control                        0x08005091   Thumb Code   130  gimbal_task.o(i.gimbal_rc_control)
    gimbal_task                              0x08005129   Thumb Code   104  gimbal_task.o(i.gimbal_task)
    gpio_task                                0x08005195   Thumb Code     8  freertos.o(i.gpio_task)
    led_RGB_flow_task                        0x0800519d   Thumb Code   270  led_flow_task.o(i.led_RGB_flow_task)
    main                                     0x080052b5   Thumb Code    78  main.o(i.main)
    osDelay                                  0x0800530f   Thumb Code    16  cmsis_os.o(i.osDelay)
    osKernelStart                            0x0800531f   Thumb Code    10  cmsis_os.o(i.osKernelStart)
    osThreadCreate                           0x08005329   Thumb Code    92  cmsis_os.o(i.osThreadCreate)
    pvPortMalloc                             0x08005b8d   Thumb Code   218  heap_4.o(i.pvPortMalloc)
    pxPortInitialiseStack                    0x08005c71   Thumb Code    38  port.o(i.pxPortInitialiseStack)
    remote_control_init                      0x08005c9d   Thumb Code    12  remote_control.o(i.remote_control_init)
    runner_task                              0x08005edd   Thumb Code    98  runner_task.o(i.runner_task)
    servo_pwm_init                           0x08005ffd   Thumb Code    20  bsp_servo_pwm.o(i.servo_pwm_init)
    servo_pwm_set                            0x08006015   Thumb Code    12  bsp_servo_pwm.o(i.servo_pwm_set)
    servo_set_mode                           0x08006025   Thumb Code    66  servo_task.o(i.servo_set_mode)
    servo_task                               0x0800606d   Thumb Code    84  servo_task.o(i.servo_task)
    test_task                                0x080060c5   Thumb Code     8  test_task.o(i.test_task)
    uxListRemove                             0x080060cd   Thumb Code    38  list.o(i.uxListRemove)
    vApplicationGetIdleTaskMemory            0x080060f5   Thumb Code    16  freertos.o(i.vApplicationGetIdleTaskMemory)
    vApplicationGetTimerTaskMemory           0x08006109   Thumb Code    18  freertos.o(i.vApplicationGetTimerTaskMemory)
    vListInitialise                          0x08006121   Thumb Code    22  list.o(i.vListInitialise)
    vListInitialiseItem                      0x08006137   Thumb Code     6  list.o(i.vListInitialiseItem)
    vListInsert                              0x0800613d   Thumb Code    54  list.o(i.vListInsert)
    vListInsertEnd                           0x08006173   Thumb Code    24  list.o(i.vListInsertEnd)
    vPortEnterCritical                       0x0800618d   Thumb Code    54  port.o(i.vPortEnterCritical)
    vPortExitCritical                        0x080061cd   Thumb Code    38  port.o(i.vPortExitCritical)
    vPortFree                                0x080061f9   Thumb Code    88  heap_4.o(i.vPortFree)
    vPortSetupTimerInterrupt                 0x08006255   Thumb Code    32  port.o(i.vPortSetupTimerInterrupt)
    vPortValidateInterruptPriority           0x08006279   Thumb Code    74  port.o(i.vPortValidateInterruptPriority)
    vQueueAddToRegistry                      0x080062cd   Thumb Code    34  queue.o(i.vQueueAddToRegistry)
    vQueueWaitForMessageRestricted           0x080062f5   Thumb Code    74  queue.o(i.vQueueWaitForMessageRestricted)
    vTaskDelay                               0x08006341   Thumb Code    70  tasks.o(i.vTaskDelay)
    vTaskInternalSetTimeOutState             0x08006391   Thumb Code    12  tasks.o(i.vTaskInternalSetTimeOutState)
    vTaskMissedYield                         0x080063a1   Thumb Code     8  tasks.o(i.vTaskMissedYield)
    vTaskPlaceOnEventList                    0x080063ad   Thumb Code    48  tasks.o(i.vTaskPlaceOnEventList)
    vTaskPlaceOnEventListRestricted          0x080063e1   Thumb Code    54  tasks.o(i.vTaskPlaceOnEventListRestricted)
    vTaskStartScheduler                      0x0800641d   Thumb Code   128  tasks.o(i.vTaskStartScheduler)
    vTaskSuspendAll                          0x080064ad   Thumb Code    10  tasks.o(i.vTaskSuspendAll)
    vTaskSwitchContext                       0x080064bd   Thumb Code    86  tasks.o(i.vTaskSwitchContext)
    xPortStartScheduler                      0x0800651d   Thumb Code   232  port.o(i.xPortStartScheduler)
    xPortSysTickHandler                      0x08006621   Thumb Code    38  port.o(i.xPortSysTickHandler)
    xQueueGenericCreateStatic                0x0800664d   Thumb Code   112  queue.o(i.xQueueGenericCreateStatic)
    xQueueGenericReset                       0x080066bd   Thumb Code   138  queue.o(i.xQueueGenericReset)
    xQueueGenericSend                        0x0800674d   Thumb Code   362  queue.o(i.xQueueGenericSend)
    xQueueGenericSendFromISR                 0x080068bd   Thumb Code   188  queue.o(i.xQueueGenericSendFromISR)
    xQueueReceive                            0x08006979   Thumb Code   322  queue.o(i.xQueueReceive)
    xTaskCheckForTimeOut                     0x08006ac1   Thumb Code   148  tasks.o(i.xTaskCheckForTimeOut)
    xTaskCreate                              0x08006b59   Thumb Code   108  tasks.o(i.xTaskCreate)
    xTaskCreateStatic                        0x08006bc5   Thumb Code    96  tasks.o(i.xTaskCreateStatic)
    xTaskGetSchedulerState                   0x08006c25   Thumb Code    24  tasks.o(i.xTaskGetSchedulerState)
    xTaskGetTickCount                        0x08006c41   Thumb Code     6  tasks.o(i.xTaskGetTickCount)
    xTaskIncrementTick                       0x08006c4d   Thumb Code   200  tasks.o(i.xTaskIncrementTick)
    xTaskPriorityDisinherit                  0x08006d1d   Thumb Code   146  tasks.o(i.xTaskPriorityDisinherit)
    xTaskRemoveFromEventList                 0x08006db9   Thumb Code   108  tasks.o(i.xTaskRemoveFromEventList)
    xTaskResumeAll                           0x08006e31   Thumb Code   190  tasks.o(i.xTaskResumeAll)
    xTimerCreateTimerTask                    0x08006efd   Thumb Code    86  timers.o(i.xTimerCreateTimerTask)
    xTimerGenericCommand                     0x08006f65   Thumb Code   112  timers.o(i.xTimerGenericCommand)
    _get_lc_numeric                          0x08006fd9   Thumb Code    44  lc_numeric_c.o(locale$$code)
    __aeabi_d2f                              0x08007005   Thumb Code     0  d2f.o(x$fpl$d2f)
    _d2f                                     0x08007005   Thumb Code    98  d2f.o(x$fpl$d2f)
    __aeabi_dadd                             0x08007069   Thumb Code     0  daddsub_clz.o(x$fpl$dadd)
    _dadd                                    0x08007069   Thumb Code   332  daddsub_clz.o(x$fpl$dadd)
    __aeabi_ddiv                             0x080071b9   Thumb Code     0  ddiv.o(x$fpl$ddiv)
    _ddiv                                    0x080071b9   Thumb Code   552  ddiv.o(x$fpl$ddiv)
    __aeabi_i2d                              0x08007469   Thumb Code     0  dflt_clz.o(x$fpl$dflt)
    _dflt                                    0x08007469   Thumb Code    46  dflt_clz.o(x$fpl$dflt)
    __aeabi_dmul                             0x08007499   Thumb Code     0  dmul.o(x$fpl$dmul)
    _dmul                                    0x08007499   Thumb Code   332  dmul.o(x$fpl$dmul)
    __fpl_dnaninf                            0x080075ed   Thumb Code   156  dnaninf.o(x$fpl$dnaninf)
    __fpl_dretinf                            0x08007689   Thumb Code    12  dretinf.o(x$fpl$dretinf)
    __aeabi_dsub                             0x08007695   Thumb Code     0  daddsub_clz.o(x$fpl$dsub)
    _dsub                                    0x08007695   Thumb Code   464  daddsub_clz.o(x$fpl$dsub)
    __aeabi_f2d                              0x08007869   Thumb Code     0  f2d.o(x$fpl$f2d)
    _f2d                                     0x08007869   Thumb Code    86  f2d.o(x$fpl$f2d)
    __fpl_fnaninf                            0x080078bf   Thumb Code   140  fnaninf.o(x$fpl$fnaninf)
    _fp_init                                 0x0800794b   Thumb Code    10  fpinit.o(x$fpl$fpinit)
    __fplib_config_fpu_vfp                   0x08007953   Thumb Code     0  fpinit.o(x$fpl$fpinit)
    __fplib_config_pureend_doubles           0x08007953   Thumb Code     0  fpinit.o(x$fpl$fpinit)
    __fpl_fretinf                            0x08007955   Thumb Code    10  fretinf.o(x$fpl$fretinf)
    _printf_fp_dec                           0x0800795f   Thumb Code     4  printf1.o(x$fpl$printf1)
    __I$use$fp                               0x08007962   Number         0  usenofp.o(x$fpl$usenofp)
    AHBPrescTable                            0x08007a28   Data          16  system_stm32f4xx.o(.constdata)
    APBPrescTable                            0x08007a38   Data           8  system_stm32f4xx.o(.constdata)
    Region$$Table$$Base                      0x08007b8c   Number         0  anon$$obj.o(Region$$Table)
    Region$$Table$$Limit                     0x08007bac   Number         0  anon$$obj.o(Region$$Table)
    testHandle                               0x20000000   Data           4  freertos.o(.data)
    ServoTaskHandle                          0x20000004   Data           4  freertos.o(.data)
    GpioTaskHandle                           0x20000008   Data           4  freertos.o(.data)
    FricTaskHandle                           0x2000000c   Data           4  freertos.o(.data)
    RunnerTaskHandle                         0x20000010   Data           4  freertos.o(.data)
    LedFlowTaskHandle                        0x20000014   Data           4  freertos.o(.data)
    GimbalTaskHandle                         0x20000018   Data           4  freertos.o(.data)
    __stdout                                 0x20000020   Data           4  usart.o(.data)
    SystemCoreClock                          0x20000024   Data           4  system_stm32f4xx.o(.data)
    RGB_flow_color                           0x20000038   Data          28  led_flow_task.o(.data)
    servo_mode                               0x20000054   Data           1  servo_task.o(.data)
    last_servo_mode                          0x20000055   Data           1  servo_task.o(.data)
    RC_data                                  0x20000058   Data           4  servo_task.o(.data)
    count_i                                  0x20000068   Data           4  can_bus.o(.data)
    count_j                                  0x20000086   Data           2  fric_task.o(.data)
    uwTickFreq                               0x2000008c   Data           1  stm32f4xx_hal.o(.data)
    uwTickPrio                               0x20000090   Data           4  stm32f4xx_hal.o(.data)
    uwTick                                   0x20000094   Data           4  stm32f4xx_hal.o(.data)
    pxCurrentTCB                             0x20000098   Data           4  tasks.o(.data)
    hcan1                                    0x200007b4   Data          40  can.o(.bss)
    hcan2                                    0x200007dc   Data          40  can.o(.bss)
    hi2c3                                    0x20000804   Data          84  i2c.o(.bss)
    hrng                                     0x20000858   Data          16  rng.o(.bss)
    hspi1                                    0x20000868   Data          88  spi.o(.bss)
    hdma_spi1_rx                             0x200008c0   Data          96  spi.o(.bss)
    hdma_spi1_tx                             0x20000920   Data          96  spi.o(.bss)
    htim1                                    0x20000980   Data          64  tim.o(.bss)
    htim5                                    0x200009c0   Data          64  tim.o(.bss)
    htim10                                   0x20000a00   Data          64  tim.o(.bss)
    huart1                                   0x20000a40   Data          64  usart.o(.bss)
    huart3                                   0x20000a80   Data          64  usart.o(.bss)
    hdma_usart1_tx                           0x20000ac0   Data          96  usart.o(.bss)
    hdma_usart3_rx                           0x20000b20   Data          96  usart.o(.bss)
    rc_ctrl                                  0x20000c34   Data          23  remote_control.o(.bss)
    runner_act                               0x20000c94   Data         164  runner_task.o(.bss)
    fric_act                                 0x20000d38   Data         560  fric_task.o(.bss)
    gimbal_act                               0x20000f68   Data         172  gimbal_task.o(.bss)
    xQueueRegistry                           0x20001014   Data          64  queue.o(.bss)
    __libspace_start                         0x20007254   Data          96  libspace.o(.bss)
    __temporary_stack_top$libspace           0x200072b4   Data           0  libspace.o(.bss)



==============================================================================

Memory Map of the image

  Image Entry point : 0x08000189

  Load Region LR_IROM1 (Base: 0x08000000, Size: 0x00007cd4, Max: 0x00100000, ABSOLUTE)

    Execution Region ER_IROM1 (Exec base: 0x08000000, Load base: 0x08000000, Size: 0x00007bc8, Max: 0x00100000, ABSOLUTE)

    Exec Addr    Load Addr    Size         Type   Attr      Idx    E Section Name        Object

    0x08000000   0x08000000   0x00000188   Data   RO            3    RESET               startup_stm32f407xx.o
    0x08000188   0x08000188   0x00000008   Code   RO         7475  * !!!main             c_w.l(__main.o)
    0x08000190   0x08000190   0x00000034   Code   RO         7755    !!!scatter          c_w.l(__scatter.o)
    0x080001c4   0x080001c4   0x0000001a   Code   RO         7757    !!handler_copy      c_w.l(__scatter_copy.o)
    0x080001de   0x080001de   0x00000002   PAD
    0x080001e0   0x080001e0   0x0000001c   Code   RO         7759    !!handler_zi        c_w.l(__scatter_zi.o)
    0x080001fc   0x080001fc   0x00000000   Code   RO         7460    .ARM.Collect$$_printf_percent$$00000000  c_w.l(_printf_percent.o)
    0x080001fc   0x080001fc   0x00000006   Code   RO         7459    .ARM.Collect$$_printf_percent$$00000003  c_w.l(_printf_f.o)
    0x08000202   0x08000202   0x00000004   Code   RO         7530    .ARM.Collect$$_printf_percent$$00000017  c_w.l(_printf_percent_end.o)
    0x08000206   0x08000206   0x00000002   Code   RO         7637    .ARM.Collect$$libinit$$00000000  c_w.l(libinit.o)
    0x08000208   0x08000208   0x00000004   Code   RO         7638    .ARM.Collect$$libinit$$00000001  c_w.l(libinit2.o)
    0x0800020c   0x0800020c   0x00000000   Code   RO         7641    .ARM.Collect$$libinit$$00000004  c_w.l(libinit2.o)
    0x0800020c   0x0800020c   0x00000000   Code   RO         7644    .ARM.Collect$$libinit$$0000000A  c_w.l(libinit2.o)
    0x0800020c   0x0800020c   0x00000000   Code   RO         7646    .ARM.Collect$$libinit$$0000000C  c_w.l(libinit2.o)
    0x0800020c   0x0800020c   0x00000000   Code   RO         7648    .ARM.Collect$$libinit$$0000000E  c_w.l(libinit2.o)
    0x0800020c   0x0800020c   0x00000006   Code   RO         7649    .ARM.Collect$$libinit$$0000000F  c_w.l(libinit2.o)
    0x08000212   0x08000212   0x00000000   Code   RO         7651    .ARM.Collect$$libinit$$00000011  c_w.l(libinit2.o)
    0x08000212   0x08000212   0x00000000   Code   RO         7653    .ARM.Collect$$libinit$$00000013  c_w.l(libinit2.o)
    0x08000212   0x08000212   0x00000000   Code   RO         7655    .ARM.Collect$$libinit$$00000015  c_w.l(libinit2.o)
    0x08000212   0x08000212   0x0000000a   Code   RO         7656    .ARM.Collect$$libinit$$00000016  c_w.l(libinit2.o)
    0x0800021c   0x0800021c   0x00000000   Code   RO         7657    .ARM.Collect$$libinit$$00000017  c_w.l(libinit2.o)
    0x0800021c   0x0800021c   0x00000000   Code   RO         7659    .ARM.Collect$$libinit$$00000019  c_w.l(libinit2.o)
    0x0800021c   0x0800021c   0x00000000   Code   RO         7661    .ARM.Collect$$libinit$$0000001B  c_w.l(libinit2.o)
    0x0800021c   0x0800021c   0x00000000   Code   RO         7663    .ARM.Collect$$libinit$$0000001D  c_w.l(libinit2.o)
    0x0800021c   0x0800021c   0x00000000   Code   RO         7665    .ARM.Collect$$libinit$$0000001F  c_w.l(libinit2.o)
    0x0800021c   0x0800021c   0x00000000   Code   RO         7667    .ARM.Collect$$libinit$$00000021  c_w.l(libinit2.o)
    0x0800021c   0x0800021c   0x00000000   Code   RO         7669    .ARM.Collect$$libinit$$00000023  c_w.l(libinit2.o)
    0x0800021c   0x0800021c   0x00000000   Code   RO         7671    .ARM.Collect$$libinit$$00000025  c_w.l(libinit2.o)
    0x0800021c   0x0800021c   0x00000000   Code   RO         7675    .ARM.Collect$$libinit$$0000002C  c_w.l(libinit2.o)
    0x0800021c   0x0800021c   0x00000000   Code   RO         7677    .ARM.Collect$$libinit$$0000002E  c_w.l(libinit2.o)
    0x0800021c   0x0800021c   0x00000000   Code   RO         7679    .ARM.Collect$$libinit$$00000030  c_w.l(libinit2.o)
    0x0800021c   0x0800021c   0x00000000   Code   RO         7681    .ARM.Collect$$libinit$$00000032  c_w.l(libinit2.o)
    0x0800021c   0x0800021c   0x00000002   Code   RO         7682    .ARM.Collect$$libinit$$00000033  c_w.l(libinit2.o)
    0x0800021e   0x0800021e   0x00000002   Code   RO         7720    .ARM.Collect$$libshutdown$$00000000  c_w.l(libshutdown.o)
    0x08000220   0x08000220   0x00000000   Code   RO         7738    .ARM.Collect$$libshutdown$$00000002  c_w.l(libshutdown2.o)
    0x08000220   0x08000220   0x00000000   Code   RO         7740    .ARM.Collect$$libshutdown$$00000004  c_w.l(libshutdown2.o)
    0x08000220   0x08000220   0x00000000   Code   RO         7743    .ARM.Collect$$libshutdown$$00000007  c_w.l(libshutdown2.o)
    0x08000220   0x08000220   0x00000000   Code   RO         7746    .ARM.Collect$$libshutdown$$0000000A  c_w.l(libshutdown2.o)
    0x08000220   0x08000220   0x00000000   Code   RO         7748    .ARM.Collect$$libshutdown$$0000000C  c_w.l(libshutdown2.o)
    0x08000220   0x08000220   0x00000000   Code   RO         7751    .ARM.Collect$$libshutdown$$0000000F  c_w.l(libshutdown2.o)
    0x08000220   0x08000220   0x00000002   Code   RO         7752    .ARM.Collect$$libshutdown$$00000010  c_w.l(libshutdown2.o)
    0x08000222   0x08000222   0x00000000   Code   RO         7519    .ARM.Collect$$rtentry$$00000000  c_w.l(__rtentry.o)
    0x08000222   0x08000222   0x00000000   Code   RO         7547    .ARM.Collect$$rtentry$$00000002  c_w.l(__rtentry2.o)
    0x08000222   0x08000222   0x00000006   Code   RO         7559    .ARM.Collect$$rtentry$$00000004  c_w.l(__rtentry4.o)
    0x08000228   0x08000228   0x00000000   Code   RO         7549    .ARM.Collect$$rtentry$$00000009  c_w.l(__rtentry2.o)
    0x08000228   0x08000228   0x00000004   Code   RO         7550    .ARM.Collect$$rtentry$$0000000A  c_w.l(__rtentry2.o)
    0x0800022c   0x0800022c   0x00000000   Code   RO         7552    .ARM.Collect$$rtentry$$0000000C  c_w.l(__rtentry2.o)
    0x0800022c   0x0800022c   0x00000008   Code   RO         7553    .ARM.Collect$$rtentry$$0000000D  c_w.l(__rtentry2.o)
    0x08000234   0x08000234   0x00000002   Code   RO         7683    .ARM.Collect$$rtexit$$00000000  c_w.l(rtexit.o)
    0x08000236   0x08000236   0x00000000   Code   RO         7696    .ARM.Collect$$rtexit$$00000002  c_w.l(rtexit2.o)
    0x08000236   0x08000236   0x00000004   Code   RO         7697    .ARM.Collect$$rtexit$$00000003  c_w.l(rtexit2.o)
    0x0800023a   0x0800023a   0x00000006   Code   RO         7698    .ARM.Collect$$rtexit$$00000004  c_w.l(rtexit2.o)
    0x08000240   0x08000240   0x000000be   Code   RO         7350    .emb_text           port.o
    0x080002fe   0x080002fe   0x00000002   PAD
    0x08000300   0x08000300   0x00000040   Code   RO            4    .text               startup_stm32f407xx.o
    0x08000340   0x08000340   0x00000002   Code   RO         7429    .text               c_w.l(use_no_semi_2.o)
    0x08000342   0x08000342   0x000000ee   Code   RO         7431    .text               c_w.l(lludivv7m.o)
    0x08000430   0x08000430   0x00000018   Code   RO         7435    .text               c_w.l(noretval__2printf.o)
    0x08000448   0x08000448   0x0000010e   Code   RO         7447    .text               c_w.l(__printf_wp.o)
    0x08000556   0x08000556   0x0000008a   Code   RO         7463    .text               c_w.l(rt_memcpy_v6.o)
    0x080005e0   0x080005e0   0x00000064   Code   RO         7465    .text               c_w.l(rt_memcpy_w.o)
    0x08000644   0x08000644   0x00000010   Code   RO         7469    .text               c_w.l(aeabi_memset.o)
    0x08000654   0x08000654   0x0000004e   Code   RO         7471    .text               c_w.l(rt_memclr_w.o)
    0x080006a2   0x080006a2   0x00000006   Code   RO         7473    .text               c_w.l(heapauxi.o)
    0x080006a8   0x080006a8   0x00000002   Code   RO         7517    .text               c_w.l(use_no_semi.o)
    0x080006aa   0x080006aa   0x0000041e   Code   RO         7526    .text               c_w.l(_printf_fp_dec.o)
    0x08000ac8   0x08000ac8   0x00000024   Code   RO         7528    .text               c_w.l(_printf_char_file.o)
    0x08000aec   0x08000aec   0x00000044   Code   RO         7531    .text               c_w.l(rt_memclr.o)
    0x08000b30   0x08000b30   0x00000008   Code   RO         7566    .text               c_w.l(rt_locale_intlibspace.o)
    0x08000b38   0x08000b38   0x0000008a   Code   RO         7573    .text               c_w.l(lludiv10.o)
    0x08000bc2   0x08000bc2   0x00000002   PAD
    0x08000bc4   0x08000bc4   0x00000030   Code   RO         7575    .text               c_w.l(_printf_char_common.o)
    0x08000bf4   0x08000bf4   0x00000080   Code   RO         7577    .text               c_w.l(_printf_fp_infnan.o)
    0x08000c74   0x08000c74   0x000000e4   Code   RO         7579    .text               c_w.l(bigflt0.o)
    0x08000d58   0x08000d58   0x00000008   Code   RO         7604    .text               c_w.l(ferror.o)
    0x08000d60   0x08000d60   0x00000008   Code   RO         7617    .text               c_w.l(libspace.o)
    0x08000d68   0x08000d68   0x0000004a   Code   RO         7620    .text               c_w.l(sys_stackheap_outer.o)
    0x08000db2   0x08000db2   0x00000012   Code   RO         7624    .text               c_w.l(exit.o)
    0x08000dc4   0x08000dc4   0x00000080   Code   RO         7630    .text               c_w.l(strcmpv7m.o)
    0x08000e44   0x08000e44   0x0000003e   Code   RO         7582    CL$$btod_d2e        c_w.l(btod.o)
    0x08000e82   0x08000e82   0x00000046   Code   RO         7584    CL$$btod_d2e_denorm_low  c_w.l(btod.o)
    0x08000ec8   0x08000ec8   0x00000060   Code   RO         7583    CL$$btod_d2e_norm_op1  c_w.l(btod.o)
    0x08000f28   0x08000f28   0x00000338   Code   RO         7592    CL$$btod_div_common  c_w.l(btod.o)
    0x08001260   0x08001260   0x000000dc   Code   RO         7589    CL$$btod_e2e        c_w.l(btod.o)
    0x0800133c   0x0800133c   0x0000002a   Code   RO         7586    CL$$btod_ediv       c_w.l(btod.o)
    0x08001366   0x08001366   0x0000002a   Code   RO         7585    CL$$btod_emul       c_w.l(btod.o)
    0x08001390   0x08001390   0x00000244   Code   RO         7591    CL$$btod_mult_common  c_w.l(btod.o)
    0x080015d4   0x080015d4   0x00000002   Code   RO          719    i.BusFault_Handler  stm32f4xx_it.o
    0x080015d6   0x080015d6   0x00000002   PAD
    0x080015d8   0x080015d8   0x0000000c   Code   RO          720    i.CAN1_RX0_IRQHandler  stm32f4xx_it.o
    0x080015e4   0x080015e4   0x0000000c   Code   RO          721    i.CAN2_RX0_IRQHandler  stm32f4xx_it.o
    0x080015f0   0x080015f0   0x00000048   Code   RO         1485    i.CAN_cmd_can2      can_bus.o
    0x08001638   0x08001638   0x00000048   Code   RO         1486    i.CAN_cmd_fricl     can_bus.o
    0x08001680   0x08001680   0x00000048   Code   RO         1487    i.CAN_cmd_fricr     can_bus.o
    0x080016c8   0x080016c8   0x0000000c   Code   RO          722    i.DMA1_Stream1_IRQHandler  stm32f4xx_it.o
    0x080016d4   0x080016d4   0x0000000c   Code   RO          723    i.DMA2_Stream7_IRQHandler  stm32f4xx_it.o
    0x080016e0   0x080016e0   0x00000034   Code   RO         3096    i.DMA_CalcBaseAndBitshift  stm32f4xx_hal_dma.o
    0x08001714   0x08001714   0x0000007e   Code   RO         3097    i.DMA_CheckFifoParam  stm32f4xx_hal_dma.o
    0x08001792   0x08001792   0x00000002   Code   RO          724    i.DebugMon_Handler  stm32f4xx_it.o
    0x08001794   0x08001794   0x00000006   Code   RO          725    i.EXTI0_IRQHandler  stm32f4xx_it.o
    0x0800179a   0x0800179a   0x00000006   Code   RO          726    i.EXTI3_IRQHandler  stm32f4xx_it.o
    0x080017a0   0x080017a0   0x00000006   Code   RO          727    i.EXTI4_IRQHandler  stm32f4xx_it.o
    0x080017a6   0x080017a6   0x00000006   Code   RO          728    i.EXTI9_5_IRQHandler  stm32f4xx_it.o
    0x080017ac   0x080017ac   0x00000002   Code   RO           13    i.Error_Handler     main.o
    0x080017ae   0x080017ae   0x00000024   Code   RO         2359    i.HAL_CAN_ActivateNotification  stm32f4xx_hal_can.o
    0x080017d2   0x080017d2   0x00000104   Code   RO         2360    i.HAL_CAN_AddTxMessage  stm32f4xx_hal_can.o
    0x080018d6   0x080018d6   0x00000002   PAD
    0x080018d8   0x080018d8   0x00000128   Code   RO         2361    i.HAL_CAN_ConfigFilter  stm32f4xx_hal_can.o
    0x08001a00   0x08001a00   0x00000002   Code   RO         2364    i.HAL_CAN_ErrorCallback  stm32f4xx_hal_can.o
    0x08001a02   0x08001a02   0x0000016c   Code   RO         2367    i.HAL_CAN_GetRxMessage  stm32f4xx_hal_can.o
    0x08001b6e   0x08001b6e   0x00000234   Code   RO         2371    i.HAL_CAN_IRQHandler  stm32f4xx_hal_can.o
    0x08001da2   0x08001da2   0x00000168   Code   RO         2372    i.HAL_CAN_Init      stm32f4xx_hal_can.o
    0x08001f0a   0x08001f0a   0x00000002   PAD
    0x08001f0c   0x08001f0c   0x000000f8   Code   RO          372    i.HAL_CAN_MspInit   can.o
    0x08002004   0x08002004   0x00000002   Code   RO         2379    i.HAL_CAN_RxFifo0FullCallback  stm32f4xx_hal_can.o
    0x08002006   0x08002006   0x00000002   PAD
    0x08002008   0x08002008   0x000000e0   Code   RO         1488    i.HAL_CAN_RxFifo0MsgPendingCallback  can_bus.o
    0x080020e8   0x080020e8   0x00000002   Code   RO         2381    i.HAL_CAN_RxFifo1FullCallback  stm32f4xx_hal_can.o
    0x080020ea   0x080020ea   0x00000002   Code   RO         2382    i.HAL_CAN_RxFifo1MsgPendingCallback  stm32f4xx_hal_can.o
    0x080020ec   0x080020ec   0x00000002   Code   RO         2383    i.HAL_CAN_SleepCallback  stm32f4xx_hal_can.o
    0x080020ee   0x080020ee   0x00000064   Code   RO         2384    i.HAL_CAN_Start     stm32f4xx_hal_can.o
    0x08002152   0x08002152   0x00000002   Code   RO         2386    i.HAL_CAN_TxMailbox0AbortCallback  stm32f4xx_hal_can.o
    0x08002154   0x08002154   0x00000002   Code   RO         2387    i.HAL_CAN_TxMailbox0CompleteCallback  stm32f4xx_hal_can.o
    0x08002156   0x08002156   0x00000002   Code   RO         2388    i.HAL_CAN_TxMailbox1AbortCallback  stm32f4xx_hal_can.o
    0x08002158   0x08002158   0x00000002   Code   RO         2389    i.HAL_CAN_TxMailbox1CompleteCallback  stm32f4xx_hal_can.o
    0x0800215a   0x0800215a   0x00000002   Code   RO         2390    i.HAL_CAN_TxMailbox2AbortCallback  stm32f4xx_hal_can.o
    0x0800215c   0x0800215c   0x00000002   Code   RO         2391    i.HAL_CAN_TxMailbox2CompleteCallback  stm32f4xx_hal_can.o
    0x0800215e   0x0800215e   0x00000002   Code   RO         2393    i.HAL_CAN_WakeUpFromRxMsgCallback  stm32f4xx_hal_can.o
    0x08002160   0x08002160   0x000001ec   Code   RO         3104    i.HAL_DMA_IRQHandler  stm32f4xx_hal_dma.o
    0x0800234c   0x0800234c   0x000000ec   Code   RO         3105    i.HAL_DMA_Init      stm32f4xx_hal_dma.o
    0x08002438   0x08002438   0x00000002   Code   RO         2990    i.HAL_GPIO_EXTI_Callback  stm32f4xx_hal_gpio.o
    0x0800243a   0x0800243a   0x00000002   PAD
    0x0800243c   0x0800243c   0x00000018   Code   RO         2991    i.HAL_GPIO_EXTI_IRQHandler  stm32f4xx_hal_gpio.o
    0x08002454   0x08002454   0x0000021c   Code   RO         2992    i.HAL_GPIO_Init     stm32f4xx_hal_gpio.o
    0x08002670   0x08002670   0x0000000e   Code   RO         2996    i.HAL_GPIO_WritePin  stm32f4xx_hal_gpio.o
    0x0800267e   0x0800267e   0x00000002   PAD
    0x08002680   0x08002680   0x0000000c   Code   RO         3519    i.HAL_GetTick       stm32f4xx_hal.o
    0x0800268c   0x0800268c   0x00000198   Code   RO         3772    i.HAL_I2C_Init      stm32f4xx_hal_i2c.o
    0x08002824   0x08002824   0x0000008c   Code   RO          445    i.HAL_I2C_MspInit   i2c.o
    0x080028b0   0x080028b0   0x00000010   Code   RO         3525    i.HAL_IncTick       stm32f4xx_hal.o
    0x080028c0   0x080028c0   0x00000034   Code   RO         3526    i.HAL_Init          stm32f4xx_hal.o
    0x080028f4   0x080028f4   0x00000044   Code   RO         3527    i.HAL_InitTick      stm32f4xx_hal.o
    0x08002938   0x08002938   0x00000038   Code   RO          831    i.HAL_MspInit       stm32f4xx_hal_msp.o
    0x08002970   0x08002970   0x0000001c   Code   RO         3381    i.HAL_NVIC_EnableIRQ  stm32f4xx_hal_cortex.o
    0x0800298c   0x0800298c   0x00000068   Code   RO         3387    i.HAL_NVIC_SetPriority  stm32f4xx_hal_cortex.o
    0x080029f4   0x080029f4   0x00000024   Code   RO         3388    i.HAL_NVIC_SetPriorityGrouping  stm32f4xx_hal_cortex.o
    0x08002a18   0x08002a18   0x00000174   Code   RO         2593    i.HAL_RCC_ClockConfig  stm32f4xx_hal_rcc.o
    0x08002b8c   0x08002b8c   0x0000000c   Code   RO         2598    i.HAL_RCC_GetHCLKFreq  stm32f4xx_hal_rcc.o
    0x08002b98   0x08002b98   0x00000020   Code   RO         2600    i.HAL_RCC_GetPCLK1Freq  stm32f4xx_hal_rcc.o
    0x08002bb8   0x08002bb8   0x00000020   Code   RO         2601    i.HAL_RCC_GetPCLK2Freq  stm32f4xx_hal_rcc.o
    0x08002bd8   0x08002bd8   0x00000070   Code   RO         2602    i.HAL_RCC_GetSysClockFreq  stm32f4xx_hal_rcc.o
    0x08002c48   0x08002c48   0x00000436   Code   RO         2605    i.HAL_RCC_OscConfig  stm32f4xx_hal_rcc.o
    0x0800307e   0x0800307e   0x00000034   Code   RO         4250    i.HAL_RNG_Init      stm32f4xx_hal_rng.o
    0x080030b2   0x080030b2   0x00000002   PAD
    0x080030b4   0x080030b4   0x00000028   Code   RO          487    i.HAL_RNG_MspInit   rng.o
    0x080030dc   0x080030dc   0x00000082   Code   RO         4354    i.HAL_SPI_Init      stm32f4xx_hal_spi.o
    0x0800315e   0x0800315e   0x00000002   PAD
    0x08003160   0x08003160   0x000000fc   Code   RO          529    i.HAL_SPI_MspInit   spi.o
    0x0800325c   0x0800325c   0x00000028   Code   RO         3392    i.HAL_SYSTICK_Config  stm32f4xx_hal_cortex.o
    0x08003284   0x08003284   0x00000066   Code   RO         5356    i.HAL_TIMEx_ConfigBreakDeadTime  stm32f4xx_hal_tim_ex.o
    0x080032ea   0x080032ea   0x0000004e   Code   RO         5371    i.HAL_TIMEx_MasterConfigSynchronization  stm32f4xx_hal_tim_ex.o
    0x08003338   0x08003338   0x00000038   Code   RO         4667    i.HAL_TIM_Base_Init  stm32f4xx_hal_tim.o
    0x08003370   0x08003370   0x00000044   Code   RO          571    i.HAL_TIM_Base_MspInit  tim.o
    0x080033b4   0x080033b4   0x00000024   Code   RO         4670    i.HAL_TIM_Base_Start  stm32f4xx_hal_tim.o
    0x080033d8   0x080033d8   0x000000e4   Code   RO         4676    i.HAL_TIM_ConfigClockSource  stm32f4xx_hal_tim.o
    0x080034bc   0x080034bc   0x000000ec   Code   RO          572    i.HAL_TIM_MspPostInit  tim.o
    0x080035a8   0x080035a8   0x000000dc   Code   RO         4734    i.HAL_TIM_PWM_ConfigChannel  stm32f4xx_hal_tim.o
    0x08003684   0x08003684   0x00000038   Code   RO         4737    i.HAL_TIM_PWM_Init  stm32f4xx_hal_tim.o
    0x080036bc   0x080036bc   0x00000028   Code   RO          574    i.HAL_TIM_PWM_MspInit  tim.o
    0x080036e4   0x080036e4   0x00000042   Code   RO         4742    i.HAL_TIM_PWM_Start  stm32f4xx_hal_tim.o
    0x08003726   0x08003726   0x00000064   Code   RO         5629    i.HAL_UART_Init     stm32f4xx_hal_uart.o
    0x0800378a   0x0800378a   0x00000002   PAD
    0x0800378c   0x0800378c   0x0000016c   Code   RO          643    i.HAL_UART_MspInit  usart.o
    0x080038f8   0x080038f8   0x00000002   Code   RO          729    i.HardFault_Handler  stm32f4xx_it.o
    0x080038fa   0x080038fa   0x00000002   PAD
    0x080038fc   0x080038fc   0x00000044   Code   RO          373    i.MX_CAN1_Init      can.o
    0x08003940   0x08003940   0x00000044   Code   RO          374    i.MX_CAN2_Init      can.o
    0x08003984   0x08003984   0x0000006c   Code   RO          420    i.MX_DMA_Init       dma.o
    0x080039f0   0x080039f0   0x000000ac   Code   RO          274    i.MX_FREERTOS_Init  freertos.o
    0x08003a9c   0x08003a9c   0x00000198   Code   RO          250    i.MX_GPIO_Init      gpio.o
    0x08003c34   0x08003c34   0x00000040   Code   RO          446    i.MX_I2C3_Init      i2c.o
    0x08003c74   0x08003c74   0x00000024   Code   RO          488    i.MX_RNG_Init       rng.o
    0x08003c98   0x08003c98   0x00000048   Code   RO          530    i.MX_SPI1_Init      spi.o
    0x08003ce0   0x08003ce0   0x00000064   Code   RO          575    i.MX_TIM10_Init     tim.o
    0x08003d44   0x08003d44   0x000000b4   Code   RO          576    i.MX_TIM1_Init      tim.o
    0x08003df8   0x08003df8   0x000000b8   Code   RO          577    i.MX_TIM5_Init      tim.o
    0x08003eb0   0x08003eb0   0x00000038   Code   RO          644    i.MX_USART1_UART_Init  usart.o
    0x08003ee8   0x08003ee8   0x0000003c   Code   RO          645    i.MX_USART3_UART_Init  usart.o
    0x08003f24   0x08003f24   0x00000002   Code   RO          730    i.MemManage_Handler  stm32f4xx_it.o
    0x08003f26   0x08003f26   0x00000002   Code   RO          731    i.NMI_Handler       stm32f4xx_it.o
    0x08003f28   0x08003f28   0x00000128   Code   RO         1975    i.PID_calc          pid.o
    0x08004050   0x08004050   0x00000040   Code   RO         1976    i.PID_clear         pid.o
    0x08004090   0x08004090   0x0000005c   Code   RO         1977    i.PID_init          pid.o
    0x080040ec   0x080040ec   0x00000060   Code   RO         1164    i.RC_Init           bsp_rc.o
    0x0800414c   0x0800414c   0x00000018   Code   RO          732    i.SysTick_Handler   stm32f4xx_it.o
    0x08004164   0x08004164   0x00000084   Code   RO           14    i.SystemClock_Config  main.o
    0x080041e8   0x080041e8   0x00000054   Code   RO          856    i.SystemInit        system_stm32f4xx.o
    0x0800423c   0x0800423c   0x000000cc   Code   RO         4755    i.TIM_Base_SetConfig  stm32f4xx_hal_tim.o
    0x08004308   0x08004308   0x0000001e   Code   RO         4756    i.TIM_CCxChannelCmd  stm32f4xx_hal_tim.o
    0x08004326   0x08004326   0x00000016   Code   RO         4766    i.TIM_ETR_SetConfig  stm32f4xx_hal_tim.o
    0x0800433c   0x0800433c   0x00000010   Code   RO         4767    i.TIM_ITRx_SetConfig  stm32f4xx_hal_tim.o
    0x0800434c   0x0800434c   0x00000070   Code   RO         4768    i.TIM_OC1_SetConfig  stm32f4xx_hal_tim.o
    0x080043bc   0x080043bc   0x00000078   Code   RO         4769    i.TIM_OC2_SetConfig  stm32f4xx_hal_tim.o
    0x08004434   0x08004434   0x00000078   Code   RO         4770    i.TIM_OC3_SetConfig  stm32f4xx_hal_tim.o
    0x080044ac   0x080044ac   0x00000058   Code   RO         4771    i.TIM_OC4_SetConfig  stm32f4xx_hal_tim.o
    0x08004504   0x08004504   0x00000026   Code   RO         4773    i.TIM_TI1_ConfigInputStage  stm32f4xx_hal_tim.o
    0x0800452a   0x0800452a   0x00000024   Code   RO         4775    i.TIM_TI2_ConfigInputStage  stm32f4xx_hal_tim.o
    0x0800454e   0x0800454e   0x00000002   PAD
    0x08004550   0x08004550   0x00000340   Code   RO         5656    i.UART_SetConfig    stm32f4xx_hal_uart.o
    0x08004890   0x08004890   0x000000a8   Code   RO         1559    i.USART3_IRQHandler  remote_control.o
    0x08004938   0x08004938   0x00000002   Code   RO          733    i.UsageFault_Handler  stm32f4xx_it.o
    0x0800493a   0x0800493a   0x00000030   Code   RO         7615    i.__ARM_fpclassify  m_wm.l(fpclassify.o)
    0x0800496a   0x0800496a   0x0000000e   Code   RO         7449    i._is_digit         c_w.l(__printf_wp.o)
    0x08004978   0x08004978   0x00000002   Code   RO          647    i._sys_exit         usart.o
    0x0800497a   0x0800497a   0x00000002   PAD
    0x0800497c   0x0800497c   0x0000003c   Code   RO         1033    i.aRGB_led_show     bsp_led.o
    0x080049b8   0x080049b8   0x00000022   Code   RO         1860    i.abs_limit         user_lib.o
    0x080049da   0x080049da   0x00000002   PAD
    0x080049dc   0x080049dc   0x00000058   Code   RO         1238    i.can_filter_init   bsp_can.o
    0x08004a34   0x08004a34   0x000000bc   Code   RO         1696    i.debug_send        debug.o
    0x08004af0   0x08004af0   0x00000028   Code   RO          893    i.delay_init        bsp_delay.o
    0x08004b18   0x08004b18   0x00000014   Code   RO          649    i.fputc             usart.o
    0x08004b2c   0x08004b2c   0x000000e8   Code   RO         1718    i.fric_control_loop  fric_task.o
    0x08004c14   0x08004c14   0x0000002a   Code   RO         1719    i.fric_feedback_update  fric_task.o
    0x08004c3e   0x08004c3e   0x00000002   PAD
    0x08004c40   0x08004c40   0x00000108   Code   RO         1720    i.fric_init         fric_task.o
    0x08004d48   0x08004d48   0x0000007c   Code   RO         1721    i.fric_task         fric_task.o
    0x08004dc4   0x08004dc4   0x0000000c   Code   RO         1722    i.get_fric_mode     fric_task.o
    0x08004dd0   0x08004dd0   0x0000001c   Code   RO         1489    i.get_motor_measure  can_bus.o
    0x08004dec   0x08004dec   0x00000080   Code   RO         1490    i.get_motor_measure_point  can_bus.o
    0x08004e6c   0x08004e6c   0x00000008   Code   RO         1560    i.get_remote_control_point  remote_control.o
    0x08004e74   0x08004e74   0x0000000c   Code   RO         1633    i.get_runner_mode   runner_task.o
    0x08004e80   0x08004e80   0x00000080   Code   RO         1777    i.gimbal_PID_calc   gimbal_task.o
    0x08004f00   0x08004f00   0x00000030   Code   RO         1778    i.gimbal_PID_clear  gimbal_task.o
    0x08004f30   0x08004f30   0x00000038   Code   RO         1779    i.gimbal_current_calc  gimbal_task.o
    0x08004f68   0x08004f68   0x00000044   Code   RO         1780    i.gimbal_feedback_update  gimbal_task.o
    0x08004fac   0x08004fac   0x0000000a   Code   RO         1781    i.gimbal_free_control  gimbal_task.o
    0x08004fb6   0x08004fb6   0x00000002   PAD
    0x08004fb8   0x08004fb8   0x000000a8   Code   RO         1782    i.gimbal_init       gimbal_task.o
    0x08005060   0x08005060   0x0000000a   Code   RO         1783    i.gimbal_locked_control  gimbal_task.o
    0x0800506a   0x0800506a   0x00000026   Code   RO         1784    i.gimbal_mode_change_control_transit  gimbal_task.o
    0x08005090   0x08005090   0x00000098   Code   RO         1785    i.gimbal_rc_control  gimbal_task.o
    0x08005128   0x08005128   0x0000006c   Code   RO         1786    i.gimbal_task       gimbal_task.o
    0x08005194   0x08005194   0x00000008   Code   RO          277    i.gpio_task         freertos.o
    0x0800519c   0x0800519c   0x00000118   Code   RO         1266    i.led_RGB_flow_task  led_flow_task.o
    0x080052b4   0x080052b4   0x0000004e   Code   RO           15    i.main              main.o
    0x08005302   0x08005302   0x0000000c   Code   RO         6922    i.makeFreeRtosPriority  cmsis_os.o
    0x0800530e   0x0800530e   0x00000010   Code   RO         6924    i.osDelay           cmsis_os.o
    0x0800531e   0x0800531e   0x0000000a   Code   RO         6927    i.osKernelStart     cmsis_os.o
    0x08005328   0x08005328   0x0000005c   Code   RO         6961    i.osThreadCreate    cmsis_os.o
    0x08005384   0x08005384   0x00000080   Code   RO         6420    i.prvAddCurrentTaskToDelayedList  tasks.o
    0x08005404   0x08005404   0x00000088   Code   RO         6421    i.prvAddNewTaskToReadyList  tasks.o
    0x0800548c   0x0800548c   0x0000005c   Code   RO         6769    i.prvCheckForValidListAndQueue  timers.o
    0x080054e8   0x080054e8   0x00000040   Code   RO         6422    i.prvCheckTasksWaitingTermination  tasks.o
    0x08005528   0x08005528   0x00000024   Code   RO         6076    i.prvCopyDataFromQueue  queue.o
    0x0800554c   0x0800554c   0x0000006e   Code   RO         6077    i.prvCopyDataToQueue  queue.o
    0x080055ba   0x080055ba   0x00000040   Code   RO         6423    i.prvDeleteTCB      tasks.o
    0x080055fa   0x080055fa   0x00000002   PAD
    0x080055fc   0x080055fc   0x00000024   Code   RO         6770    i.prvGetNextExpireTime  timers.o
    0x08005620   0x08005620   0x00000050   Code   RO         7301    i.prvHeapInit       heap_4.o
    0x08005670   0x08005670   0x00000028   Code   RO         6424    i.prvIdleTask       tasks.o
    0x08005698   0x08005698   0x00000018   Code   RO         6080    i.prvInitialiseNewQueue  queue.o
    0x080056b0   0x080056b0   0x00000090   Code   RO         6425    i.prvInitialiseNewTask  tasks.o
    0x08005740   0x08005740   0x00000060   Code   RO         6426    i.prvInitialiseTaskLists  tasks.o
    0x080057a0   0x080057a0   0x0000005c   Code   RO         7302    i.prvInsertBlockIntoFreeList  heap_4.o
    0x080057fc   0x080057fc   0x00000048   Code   RO         6772    i.prvInsertTimerInActiveList  timers.o
    0x08005844   0x08005844   0x0000001a   Code   RO         6081    i.prvIsQueueEmpty   queue.o
    0x0800585e   0x0800585e   0x0000001e   Code   RO         6082    i.prvIsQueueFull    queue.o
    0x0800587c   0x0800587c   0x0000005c   Code   RO         6773    i.prvProcessExpiredTimer  timers.o
    0x080058d8   0x080058d8   0x000000d8   Code   RO         6774    i.prvProcessReceivedCommands  timers.o
    0x080059b0   0x080059b0   0x0000006c   Code   RO         6775    i.prvProcessTimerOrBlockTask  timers.o
    0x08005a1c   0x08005a1c   0x00000024   Code   RO         6427    i.prvResetNextTaskUnblockTime  tasks.o
    0x08005a40   0x08005a40   0x0000002c   Code   RO         6776    i.prvSampleTimeNow  timers.o
    0x08005a6c   0x08005a6c   0x00000074   Code   RO         6777    i.prvSwitchTimerLists  timers.o
    0x08005ae0   0x08005ae0   0x00000030   Code   RO         7351    i.prvTaskExitError  port.o
    0x08005b10   0x08005b10   0x00000014   Code   RO         6778    i.prvTimerTask      timers.o
    0x08005b24   0x08005b24   0x00000068   Code   RO         6083    i.prvUnlockQueue    queue.o
    0x08005b8c   0x08005b8c   0x000000e4   Code   RO         7303    i.pvPortMalloc      heap_4.o
    0x08005c70   0x08005c70   0x0000002c   Code   RO         7352    i.pxPortInitialiseStack  port.o
    0x08005c9c   0x08005c9c   0x00000010   Code   RO         1561    i.remote_control_init  remote_control.o
    0x08005cac   0x08005cac   0x00000080   Code   RO         1634    i.runner_PID_calc   runner_task.o
    0x08005d2c   0x08005d2c   0x000000dc   Code   RO         1635    i.runner_control_loop  runner_task.o
    0x08005e08   0x08005e08   0x0000003c   Code   RO         1636    i.runner_feedback_update  runner_task.o
    0x08005e44   0x08005e44   0x00000098   Code   RO         1637    i.runner_init       runner_task.o
    0x08005edc   0x08005edc   0x0000006c   Code   RO         1638    i.runner_task       runner_task.o
    0x08005f48   0x08005f48   0x000000b4   Code   RO         1562    i.sbus_to_rc        remote_control.o
    0x08005ffc   0x08005ffc   0x00000018   Code   RO         1096    i.servo_pwm_init    bsp_servo_pwm.o
    0x08006014   0x08006014   0x00000010   Code   RO         1097    i.servo_pwm_set     bsp_servo_pwm.o
    0x08006024   0x08006024   0x00000048   Code   RO         1429    i.servo_set_mode    servo_task.o
    0x0800606c   0x0800606c   0x00000058   Code   RO         1430    i.servo_task        servo_task.o
    0x080060c4   0x080060c4   0x00000008   Code   RO         1398    i.test_task         test_task.o
    0x080060cc   0x080060cc   0x00000026   Code   RO         6036    i.uxListRemove      list.o
    0x080060f2   0x080060f2   0x00000002   PAD
    0x080060f4   0x080060f4   0x00000014   Code   RO          282    i.vApplicationGetIdleTaskMemory  freertos.o
    0x08006108   0x08006108   0x00000018   Code   RO          283    i.vApplicationGetTimerTaskMemory  freertos.o
    0x08006120   0x08006120   0x00000016   Code   RO         6037    i.vListInitialise   list.o
    0x08006136   0x08006136   0x00000006   Code   RO         6038    i.vListInitialiseItem  list.o
    0x0800613c   0x0800613c   0x00000036   Code   RO         6039    i.vListInsert       list.o
    0x08006172   0x08006172   0x00000018   Code   RO         6040    i.vListInsertEnd    list.o
    0x0800618a   0x0800618a   0x00000002   PAD
    0x0800618c   0x0800618c   0x00000040   Code   RO         7354    i.vPortEnterCritical  port.o
    0x080061cc   0x080061cc   0x0000002c   Code   RO         7355    i.vPortExitCritical  port.o
    0x080061f8   0x080061f8   0x0000005c   Code   RO         7304    i.vPortFree         heap_4.o
    0x08006254   0x08006254   0x00000024   Code   RO         7356    i.vPortSetupTimerInterrupt  port.o
    0x08006278   0x08006278   0x00000054   Code   RO         7357    i.vPortValidateInterruptPriority  port.o
    0x080062cc   0x080062cc   0x00000028   Code   RO         6087    i.vQueueAddToRegistry  queue.o
    0x080062f4   0x080062f4   0x0000004a   Code   RO         6090    i.vQueueWaitForMessageRestricted  queue.o
    0x0800633e   0x0800633e   0x00000002   PAD
    0x08006340   0x08006340   0x00000050   Code   RO         6438    i.vTaskDelay        tasks.o
    0x08006390   0x08006390   0x00000010   Code   RO         6442    i.vTaskInternalSetTimeOutState  tasks.o
    0x080063a0   0x080063a0   0x0000000c   Code   RO         6443    i.vTaskMissedYield  tasks.o
    0x080063ac   0x080063ac   0x00000034   Code   RO         6445    i.vTaskPlaceOnEventList  tasks.o
    0x080063e0   0x080063e0   0x0000003c   Code   RO         6446    i.vTaskPlaceOnEventListRestricted  tasks.o
    0x0800641c   0x0800641c   0x00000090   Code   RO         6453    i.vTaskStartScheduler  tasks.o
    0x080064ac   0x080064ac   0x00000010   Code   RO         6455    i.vTaskSuspendAll   tasks.o
    0x080064bc   0x080064bc   0x00000060   Code   RO         6456    i.vTaskSwitchContext  tasks.o
    0x0800651c   0x0800651c   0x00000104   Code   RO         7358    i.xPortStartScheduler  port.o
    0x08006620   0x08006620   0x0000002c   Code   RO         7359    i.xPortSysTickHandler  port.o
    0x0800664c   0x0800664c   0x00000070   Code   RO         6094    i.xQueueGenericCreateStatic  queue.o
    0x080066bc   0x080066bc   0x00000090   Code   RO         6095    i.xQueueGenericReset  queue.o
    0x0800674c   0x0800674c   0x00000170   Code   RO         6096    i.xQueueGenericSend  queue.o
    0x080068bc   0x080068bc   0x000000bc   Code   RO         6097    i.xQueueGenericSendFromISR  queue.o
    0x08006978   0x08006978   0x00000148   Code   RO         6105    i.xQueueReceive     queue.o
    0x08006ac0   0x08006ac0   0x00000098   Code   RO         6458    i.xTaskCheckForTimeOut  tasks.o
    0x08006b58   0x08006b58   0x0000006c   Code   RO         6459    i.xTaskCreate       tasks.o
    0x08006bc4   0x08006bc4   0x00000060   Code   RO         6460    i.xTaskCreateStatic  tasks.o
    0x08006c24   0x08006c24   0x0000001c   Code   RO         6465    i.xTaskGetSchedulerState  tasks.o
    0x08006c40   0x08006c40   0x0000000c   Code   RO         6466    i.xTaskGetTickCount  tasks.o
    0x08006c4c   0x08006c4c   0x000000d0   Code   RO         6468    i.xTaskIncrementTick  tasks.o
    0x08006d1c   0x08006d1c   0x0000009c   Code   RO         6471    i.xTaskPriorityDisinherit  tasks.o
    0x08006db8   0x08006db8   0x00000078   Code   RO         6473    i.xTaskRemoveFromEventList  tasks.o
    0x08006e30   0x08006e30   0x000000cc   Code   RO         6474    i.xTaskResumeAll    tasks.o
    0x08006efc   0x08006efc   0x00000068   Code   RO         6783    i.xTimerCreateTimerTask  timers.o
    0x08006f64   0x08006f64   0x00000074   Code   RO         6784    i.xTimerGenericCommand  timers.o
    0x08006fd8   0x08006fd8   0x0000002c   Code   RO         7609    locale$$code        c_w.l(lc_numeric_c.o)
    0x08007004   0x08007004   0x00000062   Code   RO         7479    x$fpl$d2f           fz_wm.l(d2f.o)
    0x08007066   0x08007066   0x00000002   PAD
    0x08007068   0x08007068   0x00000150   Code   RO         7481    x$fpl$dadd          fz_wm.l(daddsub_clz.o)
    0x080071b8   0x080071b8   0x000002b0   Code   RO         7488    x$fpl$ddiv          fz_wm.l(ddiv.o)
    0x08007468   0x08007468   0x0000002e   Code   RO         7492    x$fpl$dflt          fz_wm.l(dflt_clz.o)
    0x08007496   0x08007496   0x00000002   PAD
    0x08007498   0x08007498   0x00000154   Code   RO         7497    x$fpl$dmul          fz_wm.l(dmul.o)
    0x080075ec   0x080075ec   0x0000009c   Code   RO         7535    x$fpl$dnaninf       fz_wm.l(dnaninf.o)
    0x08007688   0x08007688   0x0000000c   Code   RO         7537    x$fpl$dretinf       fz_wm.l(dretinf.o)
    0x08007694   0x08007694   0x000001d4   Code   RO         7483    x$fpl$dsub          fz_wm.l(daddsub_clz.o)
    0x08007868   0x08007868   0x00000056   Code   RO         7501    x$fpl$f2d           fz_wm.l(f2d.o)
    0x080078be   0x080078be   0x0000008c   Code   RO         7541    x$fpl$fnaninf       fz_wm.l(fnaninf.o)
    0x0800794a   0x0800794a   0x0000000a   Code   RO         7693    x$fpl$fpinit        fz_wm.l(fpinit.o)
    0x08007954   0x08007954   0x0000000a   Code   RO         7543    x$fpl$fretinf       fz_wm.l(fretinf.o)
    0x0800795e   0x0800795e   0x00000004   Code   RO         7503    x$fpl$printf1       fz_wm.l(printf1.o)
    0x08007962   0x08007962   0x00000000   Code   RO         7545    x$fpl$usenofp       fz_wm.l(usenofp.o)
    0x08007962   0x08007962   0x00000002   PAD
    0x08007964   0x08007964   0x000000c4   Data   RO          285    .constdata          freertos.o
    0x08007a28   0x08007a28   0x00000010   Data   RO          857    .constdata          system_stm32f4xx.o
    0x08007a38   0x08007a38   0x00000008   Data   RO          858    .constdata          system_stm32f4xx.o
    0x08007a40   0x08007a40   0x0000000c   Data   RO         1640    .constdata          runner_task.o
    0x08007a4c   0x08007a4c   0x00000048   Data   RO         1724    .constdata          fric_task.o
    0x08007a94   0x08007a94   0x0000000c   Data   RO         1788    .constdata          gimbal_task.o
    0x08007aa0   0x08007aa0   0x00000008   Data   RO         3111    .constdata          stm32f4xx_hal_dma.o
    0x08007aa8   0x08007aa8   0x00000094   Data   RO         7580    .constdata          c_w.l(bigflt0.o)
    0x08007b3c   0x08007b3c   0x0000004d   Data   RO          286    .conststring        freertos.o
    0x08007b89   0x08007b89   0x00000003   PAD
    0x08007b8c   0x08007b8c   0x00000020   Data   RO         7753    Region$$Table       anon$$obj.o
    0x08007bac   0x08007bac   0x0000001c   Data   RO         7608    locale$$data        c_w.l(lc_numeric_c.o)


    Execution Region RW_IRAM1 (Exec base: 0x20000000, Load base: 0x08007bc8, Size: 0x0000b2b8, Max: 0x00020000, ABSOLUTE)

    Exec Addr    Load Addr    Size         Type   Attr      Idx    E Section Name        Object

    0x20000000   0x08007bc8   0x0000001c   Data   RW          289    .data               freertos.o
    0x2000001c   0x08007be4   0x00000004   Data   RW          376    .data               can.o
    0x20000020   0x08007be8   0x00000004   Data   RW          651    .data               usart.o
    0x20000024   0x08007bec   0x00000004   Data   RW          859    .data               system_stm32f4xx.o
    0x20000028   0x08007bf0   0x00000008   Data   RW          896    .data               bsp_delay.o
    0x20000030   0x08007bf8   0x00000008   Data   RW         1034    .data               bsp_led.o
    0x20000038   0x08007c00   0x0000001c   Data   RW         1267    .data               led_flow_task.o
    0x20000054   0x08007c1c   0x00000008   Data   RW         1431    .data               servo_task.o
    0x2000005c   0x08007c24   0x00000028   Data   RW         1492    .data               can_bus.o
    0x20000084   0x08007c4c   0x00000002   Data   RW         1567    .data               remote_control.o
    0x20000086   0x08007c4e   0x00000002   Data   RW         1725    .data               fric_task.o
    0x20000088   0x08007c50   0x00000002   Data   RW         1789    .data               gimbal_task.o
    0x2000008a   0x08007c52   0x00000002   PAD
    0x2000008c   0x08007c54   0x0000000c   Data   RW         3533    .data               stm32f4xx_hal.o
    0x20000098   0x08007c60   0x0000003c   Data   RW         6477    .data               tasks.o
    0x200000d4   0x08007c9c   0x00000014   Data   RW         6792    .data               timers.o
    0x200000e8   0x08007cb0   0x00000018   Data   RW         7309    .data               heap_4.o
    0x20000100   0x08007cc8   0x0000000c   Data   RW         7360    .data               port.o
    0x2000010c        -       0x000006a8   Zero   RW          284    .bss                freertos.o
    0x200007b4        -       0x00000050   Zero   RW          375    .bss                can.o
    0x20000804        -       0x00000054   Zero   RW          447    .bss                i2c.o
    0x20000858        -       0x00000010   Zero   RW          489    .bss                rng.o
    0x20000868        -       0x00000118   Zero   RW          531    .bss                spi.o
    0x20000980        -       0x000000c0   Zero   RW          578    .bss                tim.o
    0x20000a40        -       0x00000140   Zero   RW          650    .bss                usart.o
    0x20000b80        -       0x000000b4   Zero   RW         1491    .bss                can_bus.o
    0x20000c34        -       0x0000005f   Zero   RW         1566    .bss                remote_control.o
    0x20000c93   0x08007cd4   0x00000001   PAD
    0x20000c94        -       0x000000a4   Zero   RW         1639    .bss                runner_task.o
    0x20000d38        -       0x00000230   Zero   RW         1723    .bss                fric_task.o
    0x20000f68        -       0x000000ac   Zero   RW         1787    .bss                gimbal_task.o
    0x20001014        -       0x00000040   Zero   RW         6108    .bss                queue.o
    0x20001054        -       0x000000f0   Zero   RW         6476    .bss                tasks.o
    0x20001144        -       0x00000110   Zero   RW         6791    .bss                timers.o
    0x20001254        -       0x00006000   Zero   RW         7308    .bss                heap_4.o
    0x20007254        -       0x00000060   Zero   RW         7618    .bss                c_w.l(libspace.o)
    0x200072b4   0x08007cd4   0x00000004   PAD
    0x200072b8        -       0x00002000   Zero   RW            2    HEAP                startup_stm32f407xx.o
    0x200092b8        -       0x00002000   Zero   RW            1    STACK               startup_stm32f407xx.o


==============================================================================

Image component sizes


      Code (inc. data)   RO Data    RW Data    ZI Data      Debug   Object Name

        88          8          0          0          0        590   bsp_can.o
        40         14          0          8          0     593177   bsp_delay.o
        60          8          0          8          0        624   bsp_led.o
        96         12          0          0          0       1030   bsp_rc.o
        40          8          0          0          0       1077   bsp_servo_pwm.o
       384         42          0          4         80       2478   can.o
       596         70          0         40        180       5706   can_bus.o
       130          0          0          0          0      22107   cmsis_os.o
       188         48          0          0          0        889   debug.o
       108          4          0          0          0        830   dma.o
         0          0          0          0          0      17852   event_groups.o
       224         20        273         28       1704       3829   freertos.o
       674         38         72          2        560       5615   fric_task.o
       786         76         12          2        172       7415   gimbal_task.o
       408         30          0          0          0       1191   gpio.o
       492         32          0         24      24576       4979   heap_4.o
       204         32          0          0         84       1721   i2c.o
       280         10          0         28          0     621973   led_flow_task.o
       144          0          0          0          0       3634   list.o
       212          8          0          0          0     748904   main.o
       452         14          0          0          0       3066   pid.o
       814         92          0         12          0      12093   port.o
      1584         24          0          0         64      15144   queue.o
       372         34          0          2         95       3335   remote_control.o
        76         18          0          0         16       1519   rng.o
       680         70         12          0        164       6714   runner_task.o
       160         10          0          8          0       7123   servo_task.o
       324         34          0          0        280       1907   spi.o
        64         26        392          0      16384        852   startup_stm32f407xx.o
       148         24          0         12          0       3993   stm32f4xx_hal.o
      2004          6          0          0          0      15159   stm32f4xx_hal_can.o
       208         16          0          0          0      33711   stm32f4xx_hal_cortex.o
       906         18          8          0          0       4344   stm32f4xx_hal_dma.o
       580         28          0          0          0       3768   stm32f4xx_hal_gpio.o
       408         18          0          0          0       2103   stm32f4xx_hal_i2c.o
        56          4          0          0          0        854   stm32f4xx_hal_msp.o
      1638        100          0          0          0       6476   stm32f4xx_hal_rcc.o
        52          0          0          0          0       1107   stm32f4xx_hal_rng.o
       130          0          0          0          0       1195   stm32f4xx_hal_spi.o
      1448         46          0          0          0      12713   stm32f4xx_hal_tim.o
       180          0          0          0          0       2268   stm32f4xx_hal_tim_ex.o
       932         14          0          0          0       1892   stm32f4xx_hal_uart.o
       108         24          0          0          0       7085   stm32f4xx_it.o
         0          0          0          0          0        388   stream_buffer.o
        84         18         24          4          0       1183   system_stm32f4xx.o
      2268        194          0         60        240      25262   tasks.o
         8          0          0          0          0        492   test_task.o
       808         82          0          0        192       4514   tim.o
      1016         96          0         20        272      27511   timers.o
       502         66          0          4        320       4997   usart.o
        34          0          0          0          0       1520   user_lib.o

    ----------------------------------------------------------------------
     23238       1536        828        268      45384    2259909   Object Totals
         0          0         32          0          0          0   (incl. Generated)
        40          0          3          2          1          0   (incl. Padding)

    ----------------------------------------------------------------------

      Code (inc. data)   RO Data    RW Data    ZI Data      Debug   Library Member Name

         8          0          0          0          0         68   __main.o
       284          0          0          0          0        156   __printf_wp.o
         0          0          0          0          0          0   __rtentry.o
        12          0          0          0          0          0   __rtentry2.o
         6          0          0          0          0          0   __rtentry4.o
        52          8          0          0          0          0   __scatter.o
        26          0          0          0          0          0   __scatter_copy.o
        28          0          0          0          0          0   __scatter_zi.o
        48          6          0          0          0         96   _printf_char_common.o
        36          4          0          0          0         80   _printf_char_file.o
         6          0          0          0          0          0   _printf_f.o
      1054          0          0          0          0        216   _printf_fp_dec.o
       128         16          0          0          0         84   _printf_fp_infnan.o
         0          0          0          0          0          0   _printf_percent.o
         4          0          0          0          0          0   _printf_percent_end.o
        16          0          0          0          0         68   aeabi_memset.o
       228          4        148          0          0         96   bigflt0.o
      1936        128          0          0          0        672   btod.o
        18          0          0          0          0         80   exit.o
         8          0          0          0          0         68   ferror.o
         6          0          0          0          0        152   heapauxi.o
        44         10         28          0          0         76   lc_numeric_c.o
         2          0          0          0          0          0   libinit.o
        22          0          0          0          0          0   libinit2.o
         2          0          0          0          0          0   libshutdown.o
         2          0          0          0          0          0   libshutdown2.o
         8          4          0          0         96         68   libspace.o
       138          0          0          0          0         80   lludiv10.o
       238          0          0          0          0        100   lludivv7m.o
        24          4          0          0          0         84   noretval__2printf.o
         8          4          0          0          0         68   rt_locale_intlibspace.o
        68          0          0          0          0         68   rt_memclr.o
        78          0          0          0          0         80   rt_memclr_w.o
       138          0          0          0          0         68   rt_memcpy_v6.o
       100          0          0          0          0         80   rt_memcpy_w.o
         2          0          0          0          0          0   rtexit.o
        10          0          0          0          0          0   rtexit2.o
       128          0          0          0          0         68   strcmpv7m.o
        74          0          0          0          0         80   sys_stackheap_outer.o
         2          0          0          0          0         68   use_no_semi.o
         2          0          0          0          0         68   use_no_semi_2.o
        98          4          0          0          0        140   d2f.o
       804         16          0          0          0        368   daddsub_clz.o
       688        140          0          0          0        256   ddiv.o
        46          0          0          0          0        116   dflt_clz.o
       340         12          0          0          0        152   dmul.o
       156          4          0          0          0        140   dnaninf.o
        12          0          0          0          0        116   dretinf.o
        86          4          0          0          0        132   f2d.o
       140          4          0          0          0        132   fnaninf.o
        10          0          0          0          0        116   fpinit.o
        10          0          0          0          0        116   fretinf.o
         4          0          0          0          0        116   printf1.o
         0          0          0          0          0          0   usenofp.o
        48          0          0          0          0        124   fpclassify.o

    ----------------------------------------------------------------------
      7446        372        176          0        100       4916   Library Totals
        10          0          0          0          4          0   (incl. Padding)

    ----------------------------------------------------------------------

      Code (inc. data)   RO Data    RW Data    ZI Data      Debug   Library Name

      4994        188        176          0         96       2892   c_w.l
      2394        184          0          0          0       1900   fz_wm.l
        48          0          0          0          0        124   m_wm.l

    ----------------------------------------------------------------------
      7446        372        176          0        100       4916   Library Totals

    ----------------------------------------------------------------------

==============================================================================


      Code (inc. data)   RO Data    RW Data    ZI Data      Debug   

     30684       1908       1004        268      45484    2240713   Grand Totals
     30684       1908       1004        268      45484    2240713   ELF Image Totals
     30684       1908       1004        268          0          0   ROM Totals

==============================================================================

    Total RO  Size (Code + RO Data)                31688 (  30.95kB)
    Total RW  Size (RW Data + ZI Data)             45752 (  44.68kB)
    Total ROM Size (Code + RO Data + RW Data)      31956 (  31.21kB)

==============================================================================

