Component: ARM Compiler 5.06 update 6 (build 750) Tool: armlink [4d35ed]

==============================================================================

Section Cross References

    startup_stm32f407xx.o(STACK) refers (Special) to heapauxi.o(.text) for __use_two_region_memory
    startup_stm32f407xx.o(HEAP) refers (Special) to heapauxi.o(.text) for __use_two_region_memory
    startup_stm32f407xx.o(RESET) refers (Special) to heapauxi.o(.text) for __use_two_region_memory
    startup_stm32f407xx.o(RESET) refers to startup_stm32f407xx.o(STACK) for __initial_sp
    startup_stm32f407xx.o(RESET) refers to startup_stm32f407xx.o(.text) for Reset_Handler
    startup_stm32f407xx.o(RESET) refers to stm32f4xx_it.o(i.NMI_Handler) for NMI_Handler
    startup_stm32f407xx.o(RESET) refers to stm32f4xx_it.o(i.HardFault_Handler) for HardFault_Handler
    startup_stm32f407xx.o(RESET) refers to stm32f4xx_it.o(i.MemManage_Handler) for MemManage_Handler
    startup_stm32f407xx.o(RESET) refers to stm32f4xx_it.o(i.BusFault_Handler) for BusFault_Handler
    startup_stm32f407xx.o(RESET) refers to stm32f4xx_it.o(i.UsageFault_Handler) for UsageFault_Handler
    startup_stm32f407xx.o(RESET) refers to port.o(.emb_text) for SVC_Handler
    startup_stm32f407xx.o(RESET) refers to stm32f4xx_it.o(i.DebugMon_Handler) for DebugMon_Handler
    startup_stm32f407xx.o(RESET) refers to stm32f4xx_it.o(i.SysTick_Handler) for SysTick_Handler
    startup_stm32f407xx.o(RESET) refers to stm32f4xx_it.o(i.EXTI0_IRQHandler) for EXTI0_IRQHandler
    startup_stm32f407xx.o(RESET) refers to stm32f4xx_it.o(i.EXTI3_IRQHandler) for EXTI3_IRQHandler
    startup_stm32f407xx.o(RESET) refers to stm32f4xx_it.o(i.EXTI4_IRQHandler) for EXTI4_IRQHandler
    startup_stm32f407xx.o(RESET) refers to stm32f4xx_it.o(i.DMA1_Stream1_IRQHandler) for DMA1_Stream1_IRQHandler
    startup_stm32f407xx.o(RESET) refers to stm32f4xx_it.o(i.CAN1_RX0_IRQHandler) for CAN1_RX0_IRQHandler
    startup_stm32f407xx.o(RESET) refers to stm32f4xx_it.o(i.EXTI9_5_IRQHandler) for EXTI9_5_IRQHandler
    startup_stm32f407xx.o(RESET) refers to remote_control.o(i.USART3_IRQHandler) for USART3_IRQHandler
    startup_stm32f407xx.o(RESET) refers to stm32f4xx_it.o(i.CAN2_RX0_IRQHandler) for CAN2_RX0_IRQHandler
    startup_stm32f407xx.o(RESET) refers to stm32f4xx_it.o(i.DMA2_Stream7_IRQHandler) for DMA2_Stream7_IRQHandler
    startup_stm32f407xx.o(.text) refers (Special) to heapauxi.o(.text) for __use_two_region_memory
    startup_stm32f407xx.o(.text) refers to system_stm32f4xx.o(i.SystemInit) for SystemInit
    startup_stm32f407xx.o(.text) refers to __main.o(!!!main) for __main
    startup_stm32f407xx.o(.text) refers to startup_stm32f407xx.o(HEAP) for Heap_Mem
    startup_stm32f407xx.o(.text) refers to startup_stm32f407xx.o(STACK) for Stack_Mem
    main.o(i.SystemClock_Config) refers to rt_memclr_w.o(.text) for __aeabi_memclr4
    main.o(i.SystemClock_Config) refers to stm32f4xx_hal_rcc.o(i.HAL_RCC_OscConfig) for HAL_RCC_OscConfig
    main.o(i.SystemClock_Config) refers to stm32f4xx_hal_rcc.o(i.HAL_RCC_ClockConfig) for HAL_RCC_ClockConfig
    main.o(i.main) refers to stm32f4xx_hal.o(i.HAL_Init) for HAL_Init
    main.o(i.main) refers to main.o(i.SystemClock_Config) for SystemClock_Config
    main.o(i.main) refers to gpio.o(i.MX_GPIO_Init) for MX_GPIO_Init
    main.o(i.main) refers to dma.o(i.MX_DMA_Init) for MX_DMA_Init
    main.o(i.main) refers to spi.o(i.MX_SPI1_Init) for MX_SPI1_Init
    main.o(i.main) refers to tim.o(i.MX_TIM5_Init) for MX_TIM5_Init
    main.o(i.main) refers to i2c.o(i.MX_I2C3_Init) for MX_I2C3_Init
    main.o(i.main) refers to tim.o(i.MX_TIM10_Init) for MX_TIM10_Init
    main.o(i.main) refers to tim.o(i.MX_TIM1_Init) for MX_TIM1_Init
    main.o(i.main) refers to can.o(i.MX_CAN1_Init) for MX_CAN1_Init
    main.o(i.main) refers to can.o(i.MX_CAN2_Init) for MX_CAN2_Init
    main.o(i.main) refers to rng.o(i.MX_RNG_Init) for MX_RNG_Init
    main.o(i.main) refers to usart.o(i.MX_USART3_UART_Init) for MX_USART3_UART_Init
    main.o(i.main) refers to usart.o(i.MX_USART1_UART_Init) for MX_USART1_UART_Init
    main.o(i.main) refers to tim.o(i.MX_TIM4_Init) for MX_TIM4_Init
    main.o(i.main) refers to stm32f4xx_hal_tim.o(i.HAL_TIM_Base_Start) for HAL_TIM_Base_Start
    main.o(i.main) refers to stm32f4xx_hal_tim.o(i.HAL_TIM_PWM_Start) for HAL_TIM_PWM_Start
    main.o(i.main) refers to bsp_delay.o(i.delay_init) for delay_init
    main.o(i.main) refers to remote_control.o(i.remote_control_init) for remote_control_init
    main.o(i.main) refers to bsp_can.o(i.can_filter_init) for can_filter_init
    main.o(i.main) refers to freertos.o(i.MX_FREERTOS_Init) for MX_FREERTOS_Init
    main.o(i.main) refers to cmsis_os.o(i.osKernelStart) for osKernelStart
    main.o(i.main) refers to tim.o(.bss) for htim4
    main.o(i.user_delay_ms) refers to main.o(i.user_delay_us) for user_delay_us
    gpio.o(i.MX_GPIO_Init) refers to rt_memclr_w.o(.text) for __aeabi_memclr4
[...]
    __scatterload                            0x08000191   Thumb Code     0  __scatter.o(!!!scatter)
    __scatterload_rt2                        0x08000191   Thumb Code    44  __scatter.o(!!!scatter)
    __scatterload_rt2_thumb_only             0x08000191   Thumb Code     0  __scatter.o(!!!scatter)
    __scatterload_null                       0x0800019f   Thumb Code     0  __scatter.o(!!!scatter)
    __decompress                             0x080001c5   Thumb Code    90  __dczerorl2.o(!!dczerorl2)
    __decompress1                            0x080001c5   Thumb Code     0  __dczerorl2.o(!!dczerorl2)
    __scatterload_zeroinit                   0x08000221   Thumb Code    28  __scatter_zi.o(!!handler_zi)
    __rt_lib_init                            0x0800023d   Thumb Code     0  libinit.o(.ARM.Collect$$libinit$$00000000)
    __rt_lib_init_fp_1                       0x0800023f   Thumb Code     0  libinit2.o(.ARM.Collect$$libinit$$00000001)
    __rt_lib_init_alloca_1                   0x08000243   Thumb Code     0  libinit2.o(.ARM.Collect$$libinit$$0000002E)
    __rt_lib_init_argv_1                     0x08000243   Thumb Code     0  libinit2.o(.ARM.Collect$$libinit$$0000002C)
    __rt_lib_init_atexit_1                   0x08000243   Thumb Code     0  libinit2.o(.ARM.Collect$$libinit$$0000001B)
    __rt_lib_init_clock_1                    0x08000243   Thumb Code     0  libinit2.o(.ARM.Collect$$libinit$$00000021)
    __rt_lib_init_cpp_1                      0x08000243   Thumb Code     0  libinit2.o(.ARM.Collect$$libinit$$00000032)
    __rt_lib_init_exceptions_1               0x08000243   Thumb Code     0  libinit2.o(.ARM.Collect$$libinit$$00000030)
    __rt_lib_init_fp_trap_1                  0x08000243   Thumb Code     0  libinit2.o(.ARM.Collect$$libinit$$0000001F)
    __rt_lib_init_getenv_1                   0x08000243   Thumb Code     0  libinit2.o(.ARM.Collect$$libinit$$00000023)
    __rt_lib_init_heap_1                     0x08000243   Thumb Code     0  libinit2.o(.ARM.Collect$$libinit$$0000000A)
    __rt_lib_init_lc_collate_1               0x08000243   Thumb Code     0  libinit2.o(.ARM.Collect$$libinit$$00000011)
    __rt_lib_init_lc_ctype_1                 0x08000243   Thumb Code     0  libinit2.o(.ARM.Collect$$libinit$$00000013)
    __rt_lib_init_lc_monetary_1              0x08000243   Thumb Code     0  libinit2.o(.ARM.Collect$$libinit$$00000015)
    __rt_lib_init_lc_numeric_1               0x08000243   Thumb Code     0  libinit2.o(.ARM.Collect$$libinit$$00000017)
    __rt_lib_init_lc_time_1                  0x08000243   Thumb Code     0  libinit2.o(.ARM.Collect$$libinit$$00000019)
    __rt_lib_init_preinit_1                  0x08000243   Thumb Code     0  libinit2.o(.ARM.Collect$$libinit$$00000004)
    __rt_lib_init_rand_1                     0x08000243   Thumb Code     0  libinit2.o(.ARM.Collect$$libinit$$0000000E)
    __rt_lib_init_return                     0x08000243   Thumb Code     0  libinit2.o(.ARM.Collect$$libinit$$00000033)
    __rt_lib_init_signal_1                   0x08000243   Thumb Code     0  libinit2.o(.ARM.Collect$$libinit$$0000001D)
    __rt_lib_init_stdio_1                    0x08000243   Thumb Code     0  libinit2.o(.ARM.Collect$$libinit$$00000025)
    __rt_lib_init_user_alloc_1               0x08000243   Thumb Code     0  libinit2.o(.ARM.Collect$$libinit$$0000000C)
    __rt_lib_shutdown                        0x08000245   Thumb Code     0  libshutdown.o(.ARM.Collect$$libshutdown$$00000000)
    __rt_lib_shutdown_cpp_1                  0x08000247   Thumb Code     0  libshutdown2.o(.ARM.Collect$$libshutdown$$00000002)
    __rt_lib_shutdown_fp_trap_1              0x08000247   Thumb Code     0  libshutdown2.o(.ARM.Collect$$libshutdown$$00000007)
    __rt_lib_shutdown_heap_1                 0x08000247   Thumb Code     0  libshutdown2.o(.ARM.Collect$$libshutdown$$0000000F)
    __rt_lib_shutdown_return                 0x08000247   Thumb Code     0  libshutdown2.o(.ARM.Collect$$libshutdown$$00000010)
    __rt_lib_shutdown_signal_1               0x08000247   Thumb Code     0  libshutdown2.o(.ARM.Collect$$libshutdown$$0000000A)
    __rt_lib_shutdown_stdio_1                0x08000247   Thumb Code     0  libshutdown2.o(.ARM.Collect$$libshutdown$$00000004)
    __rt_lib_shutdown_user_alloc_1           0x08000247   Thumb Code     0  libshutdown2.o(.ARM.Collect$$libshutdown$$0000000C)
    __rt_entry                               0x08000249   Thumb Code     0  __rtentry.o(.ARM.Collect$$rtentry$$00000000)
    __rt_entry_presh_1                       0x08000249   Thumb Code     0  __rtentry2.o(.ARM.Collect$$rtentry$$00000002)
    __rt_entry_sh                            0x08000249   Thumb Code     0  __rtentry4.o(.ARM.Collect$$rtentry$$00000004)
    __rt_entry_li                            0x0800024f   Thumb Code     0  __rtentry2.o(.ARM.Collect$$rtentry$$0000000A)
    __rt_entry_postsh_1                      0x0800024f   Thumb Code     0  __rtentry2.o(.ARM.Collect$$rtentry$$00000009)
    __rt_entry_main                          0x08000253   Thumb Code     0  __rtentry2.o(.ARM.Collect$$rtentry$$0000000D)
    __rt_entry_postli_1                      0x08000253   Thumb Code     0  __rtentry2.o(.ARM.Collect$$rtentry$$0000000C)
    __rt_exit                                0x0800025b   Thumb Code     0  rtexit.o(.ARM.Collect$$rtexit$$00000000)
    __rt_exit_ls                             0x0800025d   Thumb Code     0  rtexit2.o(.ARM.Collect$$rtexit$$00000003)
    __rt_exit_prels_1                        0x0800025d   Thumb Code     0  rtexit2.o(.ARM.Collect$$rtexit$$00000002)
    __rt_exit_exit                           0x08000261   Thumb Code     0  rtexit2.o(.ARM.Collect$$rtexit$$00000004)
    SVC_Handler                              0x08000269   Thumb Code    28  port.o(.emb_text)
    __asm___6_port_c_39a90d8d__prvStartFirstTask 0x08000289   Thumb Code    36  port.o(.emb_text)
    __asm___6_port_c_39a90d8d__prvEnableVFP  0x080002b1   Thumb Code    16  port.o(.emb_text)
    PendSV_Handler                           0x080002c5   Thumb Code    88  port.o(.emb_text)
    vPortGetIPSR                             0x08000321   Thumb Code     6  port.o(.emb_text)
    Reset_Handler                            0x08000329   Thumb Code     8  startup_stm32f407xx.o(.text)
    ADC_IRQHandler                           0x08000343   Thumb Code     0  startup_stm32f407xx.o(.text)
    CAN1_RX1_IRQHandler                      0x08000343   Thumb Code     0  startup_stm32f407xx.o(.text)
    CAN1_SCE_IRQHandler                      0x08000343   Thumb Code     0  startup_stm32f407xx.o(.text)
    CAN1_TX_IRQHandler                       0x08000343   Thumb Code     0  startup_stm32f407xx.o(.text)
    CAN2_RX1_IRQHandler                      0x08000343   Thumb Code     0  startup_stm32f407xx.o(.text)
    CAN2_SCE_IRQHandler                      0x08000343   Thumb Code     0  startup_stm32f407xx.o(.text)
    CAN2_TX_IRQHandler                       0x08000343   Thumb Code     0  startup_stm32f407xx.o(.text)
    DCMI_IRQHandler                          0x08000343   Thumb Code     0  startup_stm32f407xx.o(.text)
    DMA1_Stream0_IRQHandler                  0x08000343   Thumb Code     0  startup_stm32f407xx.o(.text)
    DMA1_Stream2_IRQHandler                  0x08000343   Thumb Code     0  startup_stm32f407xx.o(.text)
    DMA1_Stream3_IRQHandler                  0x08000343   Thumb Code     0  startup_stm32f407xx.o(.text)
    DMA1_Stream4_IRQHandler                  0x08000343   Thumb Code     0  startup_stm32f407xx.o(.text)
    DMA1_Stream5_IRQHandler                  0x08000343   Thumb Code     0  startup_stm32f407xx.o(.text)
    DMA1_Stream6_IRQHandler                  0x08000343   Thumb Code     0  startup_stm32f407xx.o(.text)
    DMA1_Stream7_IRQHandler                  0x08000343   Thumb Code     0  startup_stm32f407xx.o(.text)
    DMA2_Stream0_IRQHandler                  0x08000343   Thumb Code     0  startup_stm32f407xx.o(.text)
    DMA2_Stream1_IRQHandler                  0x08000343   Thumb Code     0  startup_stm32f407xx.o(.text)
    DMA2_Stream2_IRQHandler                  0x08000343   Thumb Code     0  startup_stm32f407xx.o(.text)
    DMA2_Stream3_IRQHandler                  0x08000343   Thumb Code     0  startup_stm32f407xx.o(.text)
    DMA2_Stream4_IRQHandler                  0x08000343   Thumb Code     0  startup_stm32f407xx.o(.text)
    DMA2_Stream5_IRQHandler                  0x08000343   Thumb Code     0  startup_stm32f407xx.o(.text)
    DMA2_Stream6_IRQHandler                  0x08000343   Thumb Code     0  startup_stm32f407xx.o(.text)
    ETH_IRQHandler                           0x08000343   Thumb Code     0  startup_stm32f407xx.o(.text)
    ETH_WKUP_IRQHandler                      0x08000343   Thumb Code     0  startup_stm32f407xx.o(.text)
    EXTI15_10_IRQHandler                     0x08000343   Thumb Code     0  startup_stm32f407xx.o(.text)
    EXTI1_IRQHandler                         0x08000343   Thumb Code     0  startup_stm32f407xx.o(.text)
    EXTI2_IRQHandler                         0x08000343   Thumb Code     0  startup_stm32f407xx.o(.text)
    FLASH_IRQHandler                         0x08000343   Thumb Code     0  startup_stm32f407xx.o(.text)
    FMC_IRQHandler                           0x08000343   Thumb Code     0  startup_stm32f407xx.o(.text)
    FPU_IRQHandler                           0x08000343   Thumb Code     0  startup_stm32f407xx.o(.text)
    HASH_RNG_IRQHandler                      0x08000343   Thumb Code     0  startup_stm32f407xx.o(.text)
    I2C1_ER_IRQHandler                       0x08000343   Thumb Code     0  startup_stm32f407xx.o(.text)
    I2C1_EV_IRQHandler                       0x08000343   Thumb Code     0  startup_stm32f407xx.o(.text)
    I2C2_ER_IRQHandler                       0x08000343   Thumb Code     0  startup_stm32f407xx.o(.text)
    I2C2_EV_IRQHandler                       0x08000343   Thumb Code     0  startup_stm32f407xx.o(.text)
    I2C3_ER_IRQHandler                       0x08000343   Thumb Code     0  startup_stm32f407xx.o(.text)
    I2C3_EV_IRQHandler                       0x08000343   Thumb Code     0  startup_stm32f407xx.o(.text)
    OTG_FS_IRQHandler                        0x08000343   Thumb Code     0  startup_stm32f407xx.o(.text)
    OTG_FS_WKUP_IRQHandler                   0x08000343   Thumb Code     0  startup_stm32f407xx.o(.text)
    OTG_HS_EP1_IN_IRQHandler                 0x08000343   Thumb Code     0  startup_stm32f407xx.o(.text)
    OTG_HS_EP1_OUT_IRQHandler                0x08000343   Thumb Code     0  startup_stm32f407xx.o(.text)
    OTG_HS_IRQHandler                        0x08000343   Thumb Code     0  startup_stm32f407xx.o(.text)
    OTG_HS_WKUP_IRQHandler                   0x08000343   Thumb Code     0  startup_stm32f407xx.o(.text)
    PVD_IRQHandler                           0x08000343   Thumb Code     0  startup_stm32f407xx.o(.text)
    RCC_IRQHandler                           0x08000343   Thumb Code     0  startup_stm32f407xx.o(.text)
    RTC_Alarm_IRQHandler                     0x08000343   Thumb Code     0  startup_stm32f407xx.o(.text)
    RTC_WKUP_IRQHandler                      0x08000343   Thumb Code     0  startup_stm32f407xx.o(.text)
    SDIO_IRQHandler                          0x08000343   Thumb Code     0  startup_stm32f407xx.o(.text)
    SPI1_IRQHandler                          0x08000343   Thumb Code     0  startup_stm32f407xx.o(.text)
    SPI2_IRQHandler                          0x08000343   Thumb Code     0  startup_stm32f407xx.o(.text)
    SPI3_IRQHandler                          0x08000343   Thumb Code     0  startup_stm32f407xx.o(.text)
    TAMP_STAMP_IRQHandler                    0x08000343   Thumb Code     0  startup_stm32f407xx.o(.text)
    TIM1_BRK_TIM9_IRQHandler                 0x08000343   Thumb Code     0  startup_stm32f407xx.o(.text)
    TIM1_CC_IRQHandler                       0x08000343   Thumb Code     0  startup_stm32f407xx.o(.text)
    TIM1_TRG_COM_TIM11_IRQHandler            0x08000343   Thumb Code     0  startup_stm32f407xx.o(.text)
    TIM1_UP_TIM10_IRQHandler                 0x08000343   Thumb Code     0  startup_stm32f407xx.o(.text)
    TIM2_IRQHandler                          0x08000343   Thumb Code     0  startup_stm32f407xx.o(.text)
    TIM3_IRQHandler                          0x08000343   Thumb Code     0  startup_stm32f407xx.o(.text)
    TIM4_IRQHandler                          0x08000343   Thumb Code     0  startup_stm32f407xx.o(.text)
    TIM5_IRQHandler                          0x08000343   Thumb Code     0  startup_stm32f407xx.o(.text)
    TIM6_DAC_IRQHandler                      0x08000343   Thumb Code     0  startup_stm32f407xx.o(.text)
    TIM7_IRQHandler                          0x08000343   Thumb Code     0  startup_stm32f407xx.o(.text)
    TIM8_BRK_TIM12_IRQHandler                0x08000343   Thumb Code     0  startup_stm32f407xx.o(.text)
    TIM8_CC_IRQHandler                       0x08000343   Thumb Code     0  startup_stm32f407xx.o(.text)
    TIM8_TRG_COM_TIM14_IRQHandler            0x08000343   Thumb Code     0  startup_stm32f407xx.o(.text)
    TIM8_UP_TIM13_IRQHandler                 0x08000343   Thumb Code     0  startup_stm32f407xx.o(.text)
    UART4_IRQHandler                         0x08000343   Thumb Code     0  startup_stm32f407xx.o(.text)
    UART5_IRQHandler                         0x08000343   Thumb Code     0  startup_stm32f407xx.o(.text)
    USART1_IRQHandler                        0x08000343   Thumb Code     0  startup_stm32f407xx.o(.text)
    USART2_IRQHandler                        0x08000343   Thumb Code     0  startup_stm32f407xx.o(.text)
    USART6_IRQHandler                        0x08000343   Thumb Code     0  startup_stm32f407xx.o(.text)
    WWDG_IRQHandler                          0x08000343   Thumb Code     0  startup_stm32f407xx.o(.text)
    __user_initial_stackheap                 0x08000345   Thumb Code     0  startup_stm32f407xx.o(.text)
    __use_no_semihosting                     0x08000369   Thumb Code     2  use_no_semi_2.o(.text)
    __aeabi_uldivmod                         0x0800036b   Thumb Code     0  lludivv7m.o(.text)
    _ll_udiv                                 0x0800036b   Thumb Code   238  lludivv7m.o(.text)
    __aeabi_memcpy                           0x08000459   Thumb Code     0  rt_memcpy_v6.o(.text)
    __rt_memcpy                              0x08000459   Thumb Code   138  rt_memcpy_v6.o(.text)
    _memcpy_lastbytes                        0x080004bf   Thumb Code     0  rt_memcpy_v6.o(.text)
    __aeabi_memcpy4                          0x080004e3   Thumb Code     0  rt_memcpy_w.o(.text)
    __aeabi_memcpy8                          0x080004e3   Thumb Code     0  rt_memcpy_w.o(.text)
    __rt_memcpy_w                            0x080004e3   Thumb Code   100  rt_memcpy_w.o(.text)
    _memcpy_lastbytes_aligned                0x0800052b   Thumb Code     0  rt_memcpy_w.o(.text)
    __aeabi_memset                           0x08000547   Thumb Code    16  aeabi_memset.o(.text)
    __aeabi_memclr4                          0x08000557   Thumb Code     0  rt_memclr_w.o(.text)
    __aeabi_memclr8                          0x08000557   Thumb Code     0  rt_memclr_w.o(.text)
    __rt_memclr_w                            0x08000557   Thumb Code    78  rt_memclr_w.o(.text)
    _memset_w                                0x0800055b   Thumb Code     0  rt_memclr_w.o(.text)
    __use_two_region_memory                  0x080005a5   Thumb Code     2  heapauxi.o(.text)
    __rt_heap_escrow$2region                 0x080005a7   Thumb Code     2  heapauxi.o(.text)
    __rt_heap_expand$2region                 0x080005a9   Thumb Code     2  heapauxi.o(.text)
    __semihosting$guard                      0x080005ab   Thumb Code     0  use_no_semi.o(.text)
    __use_no_semihosting_swi                 0x080005ab   Thumb Code     2  use_no_semi.o(.text)
    __aeabi_memclr                           0x080005ad   Thumb Code     0  rt_memclr.o(.text)
    __rt_memclr                              0x080005ad   Thumb Code    68  rt_memclr.o(.text)
    _memset                                  0x080005b1   Thumb Code     0  rt_memclr.o(.text)
    __user_libspace                          0x080005f1   Thumb Code     8  libspace.o(.text)
    __user_perproc_libspace                  0x080005f1   Thumb Code     0  libspace.o(.text)
    __user_perthread_libspace                0x080005f1   Thumb Code     0  libspace.o(.text)
    __user_setup_stackheap                   0x080005f9   Thumb Code    74  sys_stackheap_outer.o(.text)
    exit                                     0x08000643   Thumb Code    18  exit.o(.text)
    BusFault_Handler                         0x08000655   Thumb Code     2  stm32f4xx_it.o(i.BusFault_Handler)
    Buzzer_Task                              0x08000659   Thumb Code    64  buzzer_task.o(i.Buzzer_Task)
    Buzzer_control_mode                      0x080006a1   Thumb Code   128  buzzer_task.o(i.Buzzer_control_mode)
    Buzzer_game_mode                         0x08000721   Thumb Code   124  buzzer_task.o(i.Buzzer_game_mode)
    CAN1_RX0_IRQHandler                      0x0800079d   Thumb Code     6  stm32f4xx_it.o(i.CAN1_RX0_IRQHandler)
    CAN2_RX0_IRQHandler                      0x080007a9   Thumb Code     6  stm32f4xx_it.o(i.CAN2_RX0_IRQHandler)
    CAN_cmd_can2                             0x080007b5   Thumb Code    58  can_bus.o(i.CAN_cmd_can2)
    CAN_cmd_fricl                            0x080007fd   Thumb Code    58  can_bus.o(i.CAN_cmd_fricl)
    CAN_cmd_fricr                            0x08000845   Thumb Code    58  can_bus.o(i.CAN_cmd_fricr)
    DMA1_Stream1_IRQHandler                  0x0800088d   Thumb Code     6  stm32f4xx_it.o(i.DMA1_Stream1_IRQHandler)
    DMA2_Stream7_IRQHandler                  0x08000899   Thumb Code     6  stm32f4xx_it.o(i.DMA2_Stream7_IRQHandler)
    DebugMon_Handler                         0x08000957   Thumb Code     2  stm32f4xx_it.o(i.DebugMon_Handler)
    EXTI0_IRQHandler                         0x08000959   Thumb Code     6  stm32f4xx_it.o(i.EXTI0_IRQHandler)
    EXTI3_IRQHandler                         0x0800095f   Thumb Code     6  stm32f4xx_it.o(i.EXTI3_IRQHandler)
    EXTI4_IRQHandler                         0x08000965   Thumb Code     6  stm32f4xx_it.o(i.EXTI4_IRQHandler)
    EXTI9_5_IRQHandler                       0x0800096b   Thumb Code     6  stm32f4xx_it.o(i.EXTI9_5_IRQHandler)
    Error_Handler                            0x08000971   Thumb Code     2  main.o(i.Error_Handler)
    HAL_CAN_ActivateNotification             0x08000973   Thumb Code    36  stm32f4xx_hal_can.o(i.HAL_CAN_ActivateNotification)
    HAL_CAN_AddTxMessage                     0x08000997   Thumb Code   260  stm32f4xx_hal_can.o(i.HAL_CAN_AddTxMessage)
    HAL_CAN_ConfigFilter                     0x08000a9d   Thumb Code   290  stm32f4xx_hal_can.o(i.HAL_CAN_ConfigFilter)
    HAL_CAN_ErrorCallback                    0x08000bc5   Thumb Code     2  stm32f4xx_hal_can.o(i.HAL_CAN_ErrorCallback)
    HAL_CAN_GetRxMessage                     0x08000bc7   Thumb Code   364  stm32f4xx_hal_can.o(i.HAL_CAN_GetRxMessage)
    HAL_CAN_IRQHandler                       0x08000d33   Thumb Code   564  stm32f4xx_hal_can.o(i.HAL_CAN_IRQHandler)
    HAL_CAN_Init                             0x08000f67   Thumb Code   360  stm32f4xx_hal_can.o(i.HAL_CAN_Init)
    HAL_CAN_MspInit                          0x080010d1   Thumb Code   222  can.o(i.HAL_CAN_MspInit)
    HAL_CAN_RxFifo0FullCallback              0x080011c9   Thumb Code     2  stm32f4xx_hal_can.o(i.HAL_CAN_RxFifo0FullCallback)
    HAL_CAN_RxFifo0MsgPendingCallback        0x080011cd   Thumb Code   280  can_bus.o(i.HAL_CAN_RxFifo0MsgPendingCallback)
    HAL_CAN_RxFifo1FullCallback              0x08001301   Thumb Code     2  stm32f4xx_hal_can.o(i.HAL_CAN_RxFifo1FullCallback)
    HAL_CAN_RxFifo1MsgPendingCallback        0x08001303   Thumb Code     2  stm32f4xx_hal_can.o(i.HAL_CAN_RxFifo1MsgPendingCallback)
    HAL_CAN_SleepCallback                    0x08001305   Thumb Code     2  stm32f4xx_hal_can.o(i.HAL_CAN_SleepCallback)
    HAL_CAN_Start                            0x08001307   Thumb Code   100  stm32f4xx_hal_can.o(i.HAL_CAN_Start)
    HAL_CAN_TxMailbox0AbortCallback          0x0800136b   Thumb Code     2  stm32f4xx_hal_can.o(i.HAL_CAN_TxMailbox0AbortCallback)
    HAL_CAN_TxMailbox0CompleteCallback       0x0800136d   Thumb Code     2  stm32f4xx_hal_can.o(i.HAL_CAN_TxMailbox0CompleteCallback)
    HAL_CAN_TxMailbox1AbortCallback          0x0800136f   Thumb Code     2  stm32f4xx_hal_can.o(i.HAL_CAN_TxMailbox1AbortCallback)
    HAL_CAN_TxMailbox1CompleteCallback       0x08001371   Thumb Code     2  stm32f4xx_hal_can.o(i.HAL_CAN_TxMailbox1CompleteCallback)
    HAL_CAN_TxMailbox2AbortCallback          0x08001373   Thumb Code     2  stm32f4xx_hal_can.o(i.HAL_CAN_TxMailbox2AbortCallback)
    HAL_CAN_TxMailbox2CompleteCallback       0x08001375   Thumb Code     2  stm32f4xx_hal_can.o(i.HAL_CAN_TxMailbox2CompleteCallback)
    HAL_CAN_WakeUpFromRxMsgCallback          0x08001377   Thumb Code     2  stm32f4xx_hal_can.o(i.HAL_CAN_WakeUpFromRxMsgCallback)
    HAL_DMA_IRQHandler                       0x08001379   Thumb Code   488  stm32f4xx_hal_dma.o(i.HAL_DMA_IRQHandler)
    HAL_DMA_Init                             0x08001565   Thumb Code   230  stm32f4xx_hal_dma.o(i.HAL_DMA_Init)
    HAL_GPIO_EXTI_Callback                   0x08001651   Thumb Code     2  stm32f4xx_hal_gpio.o(i.HAL_GPIO_EXTI_Callback)
    HAL_GPIO_EXTI_IRQHandler                 0x08001655   Thumb Code    18  stm32f4xx_hal_gpio.o(i.HAL_GPIO_EXTI_IRQHandler)
    HAL_GPIO_Init                            0x0800166d   Thumb Code   518  stm32f4xx_hal_gpio.o(i.HAL_GPIO_Init)
    HAL_GPIO_WritePin                        0x08001889   Thumb Code    14  stm32f4xx_hal_gpio.o(i.HAL_GPIO_WritePin)
    HAL_GetTick                              0x08001899   Thumb Code     6  stm32f4xx_hal.o(i.HAL_GetTick)
    HAL_I2C_Init                             0x080018a5   Thumb Code   390  stm32f4xx_hal_i2c.o(i.HAL_I2C_Init)
    HAL_I2C_MspInit                          0x08001a3d   Thumb Code   122  i2c.o(i.HAL_I2C_MspInit)
    HAL_IncTick                              0x08001ac9   Thumb Code    12  stm32f4xx_hal.o(i.HAL_IncTick)
    HAL_Init                                 0x08001ad9   Thumb Code    48  stm32f4xx_hal.o(i.HAL_Init)
    HAL_InitTick                             0x08001b0d   Thumb Code    58  stm32f4xx_hal.o(i.HAL_InitTick)
    HAL_MspInit                              0x08001b51   Thumb Code    52  stm32f4xx_hal_msp.o(i.HAL_MspInit)
    HAL_NVIC_EnableIRQ                       0x08001b89   Thumb Code    28  stm32f4xx_hal_cortex.o(i.HAL_NVIC_EnableIRQ)
    HAL_NVIC_SetPriority                     0x08001ba5   Thumb Code    98  stm32f4xx_hal_cortex.o(i.HAL_NVIC_SetPriority)
    HAL_NVIC_SetPriorityGrouping             0x08001c0d   Thumb Code    30  stm32f4xx_hal_cortex.o(i.HAL_NVIC_SetPriorityGrouping)
    HAL_RCC_ClockConfig                      0x08001c31   Thumb Code   352  stm32f4xx_hal_rcc.o(i.HAL_RCC_ClockConfig)
    HAL_RCC_GetHCLKFreq                      0x08001da5   Thumb Code     6  stm32f4xx_hal_rcc.o(i.HAL_RCC_GetHCLKFreq)
    HAL_RCC_GetPCLK1Freq                     0x08001db1   Thumb Code    22  stm32f4xx_hal_rcc.o(i.HAL_RCC_GetPCLK1Freq)
    HAL_RCC_GetPCLK2Freq                     0x08001dd1   Thumb Code    22  stm32f4xx_hal_rcc.o(i.HAL_RCC_GetPCLK2Freq)
    HAL_RCC_GetSysClockFreq                  0x08001df1   Thumb Code    94  stm32f4xx_hal_rcc.o(i.HAL_RCC_GetSysClockFreq)
    HAL_RCC_OscConfig                        0x08001e61   Thumb Code  1078  stm32f4xx_hal_rcc.o(i.HAL_RCC_OscConfig)
    HAL_RNG_Init                             0x08002297   Thumb Code    52  stm32f4xx_hal_rng.o(i.HAL_RNG_Init)
    HAL_RNG_MspInit                          0x080022cd   Thumb Code    30  rng.o(i.HAL_RNG_MspInit)
    HAL_SPI_Init                             0x080022f5   Thumb Code   130  stm32f4xx_hal_spi.o(i.HAL_SPI_Init)
    HAL_SPI_MspInit                          0x08002379   Thumb Code   226  spi.o(i.HAL_SPI_MspInit)
    HAL_SYSTICK_Config                       0x08002475   Thumb Code    36  stm32f4xx_hal_cortex.o(i.HAL_SYSTICK_Config)
    HAL_TIMEx_ConfigBreakDeadTime            0x0800249d   Thumb Code   102  stm32f4xx_hal_tim_ex.o(i.HAL_TIMEx_ConfigBreakDeadTime)
    HAL_TIMEx_MasterConfigSynchronization    0x08002503   Thumb Code    78  stm32f4xx_hal_tim_ex.o(i.HAL_TIMEx_MasterConfigSynchronization)
    HAL_TIM_Base_Init                        0x08002551   Thumb Code    56  stm32f4xx_hal_tim.o(i.HAL_TIM_Base_Init)
    HAL_TIM_Base_MspInit                     0x08002589   Thumb Code    56  tim.o(i.HAL_TIM_Base_MspInit)
    HAL_TIM_Base_Start                       0x080025cd   Thumb Code    36  stm32f4xx_hal_tim.o(i.HAL_TIM_Base_Start)
    HAL_TIM_ConfigClockSource                0x080025f1   Thumb Code   228  stm32f4xx_hal_tim.o(i.HAL_TIM_ConfigClockSource)
    HAL_TIM_MspPostInit                      0x080026d5   Thumb Code   238  tim.o(i.HAL_TIM_MspPostInit)
    HAL_TIM_PWM_ConfigChannel                0x080027ed   Thumb Code   220  stm32f4xx_hal_tim.o(i.HAL_TIM_PWM_ConfigChannel)
    HAL_TIM_PWM_Init                         0x080028c9   Thumb Code    56  stm32f4xx_hal_tim.o(i.HAL_TIM_PWM_Init)
    HAL_TIM_PWM_MspInit                      0x08002901   Thumb Code    56  tim.o(i.HAL_TIM_PWM_MspInit)
    HAL_TIM_PWM_Start                        0x08002945   Thumb Code    66  stm32f4xx_hal_tim.o(i.HAL_TIM_PWM_Start)
    HAL_UART_Init                            0x08002987   Thumb Code   100  stm32f4xx_hal_uart.o(i.HAL_UART_Init)
    HAL_UART_MspInit                         0x080029ed   Thumb Code   326  usart.o(i.HAL_UART_MspInit)
    HardFault_Handler                        0x08002b59   Thumb Code     2  stm32f4xx_it.o(i.HardFault_Handler)
    MX_CAN1_Init                             0x08002b5d   Thumb Code    60  can.o(i.MX_CAN1_Init)
    MX_CAN2_Init                             0x08002ba1   Thumb Code    60  can.o(i.MX_CAN2_Init)
    MX_DMA_Init                              0x08002be5   Thumb Code   104  dma.o(i.MX_DMA_Init)
    MX_FREERTOS_Init                         0x08002c51   Thumb Code   228  freertos.o(i.MX_FREERTOS_Init)
    MX_GPIO_Init                             0x08002d3d   Thumb Code   412  gpio.o(i.MX_GPIO_Init)
    MX_I2C3_Init                             0x08002ef5   Thumb Code    50  i2c.o(i.MX_I2C3_Init)
    MX_RNG_Init                              0x08002f35   Thumb Code    28  rng.o(i.MX_RNG_Init)
    MX_SPI1_Init                             0x08002f59   Thumb Code    64  spi.o(i.MX_SPI1_Init)
    MX_TIM10_Init                            0x08002fa1   Thumb Code    92  tim.o(i.MX_TIM10_Init)
    MX_TIM1_Init                             0x08003005   Thumb Code   172  tim.o(i.MX_TIM1_Init)
    MX_TIM4_Init                             0x080030b9   Thumb Code   104  tim.o(i.MX_TIM4_Init)
    MX_TIM5_Init                             0x08003129   Thumb Code   174  tim.o(i.MX_TIM5_Init)
    MX_USART1_UART_Init                      0x080031e1   Thumb Code    48  usart.o(i.MX_USART1_UART_Init)
    MX_USART3_UART_Init                      0x08003219   Thumb Code    46  usart.o(i.MX_USART3_UART_Init)
    MemManage_Handler                        0x08003255   Thumb Code     2  stm32f4xx_it.o(i.MemManage_Handler)
    NMI_Handler                              0x08003257   Thumb Code     2  stm32f4xx_it.o(i.NMI_Handler)
    PID_calc                                 0x08003259   Thumb Code   292  pid.o(i.PID_calc)
    PID_clear                                0x08003381   Thumb Code    58  pid.o(i.PID_clear)
    PID_init                                 0x080033c1   Thumb Code    88  pid.o(i.PID_init)
    RC_Init                                  0x0800341d   Thumb Code    84  bsp_rc.o(i.RC_Init)
    SysTick_Handler                          0x0800347d   Thumb Code    24  stm32f4xx_it.o(i.SysTick_Handler)
    SystemClock_Config                       0x08003495   Thumb Code   124  main.o(i.SystemClock_Config)
    SystemInit                               0x08003519   Thumb Code    66  system_stm32f4xx.o(i.SystemInit)
    TIM_Base_SetConfig                       0x0800356d   Thumb Code   182  stm32f4xx_hal_tim.o(i.TIM_Base_SetConfig)
    TIM_CCxChannelCmd                        0x08003639   Thumb Code    30  stm32f4xx_hal_tim.o(i.TIM_CCxChannelCmd)
    TIM_ETR_SetConfig                        0x08003657   Thumb Code    22  stm32f4xx_hal_tim.o(i.TIM_ETR_SetConfig)
    TIM_OC2_SetConfig                        0x080036ed   Thumb Code   112  stm32f4xx_hal_tim.o(i.TIM_OC2_SetConfig)
    USART3_IRQHandler                        0x08003bc1   Thumb Code   142  remote_control.o(i.USART3_IRQHandler)
    UsageFault_Handler                       0x08003c69   Thumb Code     2  stm32f4xx_it.o(i.UsageFault_Handler)
    _sys_exit                                0x08003c6b   Thumb Code     2  usart.o(i._sys_exit)
    aRGB_led_show                            0x08003c6d   Thumb Code    52  bsp_led.o(i.aRGB_led_show)
    abs_limit                                0x08003ca9   Thumb Code    34  user_lib.o(i.abs_limit)
    advance_task                             0x08004025   Thumb Code    46  advance_task.o(i.advance_task)
    can_filter_init                          0x08004059   Thumb Code    80  bsp_can.o(i.can_filter_init)
    delay_init                               0x080040b1   Thumb Code    26  bsp_delay.o(i.delay_init)
    fn_BuzzerClose                           0x080040d9   Thumb Code    10  buzzer_task.o(i.fn_BuzzerClose)
    fric_task                                0x080043d9   Thumb Code    48  fric_task.o(i.fric_task)
    get_motor_measure                        0x08004411   Thumb Code    28  can_bus.o(i.get_motor_measure)
    get_motor_measure_point                  0x0800442d   Thumb Code   124  can_bus.o(i.get_motor_measure_point)
    get_remote_control_point                 0x080044ad   Thumb Code     4  remote_control.o(i.get_remote_control_point)
    gimbal_PID_clear                         0x08004535   Thumb Code    42  gimbal_task.o(i.gimbal_PID_clear)
    gimbal_free_control                      0x080045cd   Thumb Code    10  gimbal_task.o(i.gimbal_free_control)
    gimbal_locked_control                    0x08004695   Thumb Code    32  gimbal_task.o(i.gimbal_locked_control)
    gimbal_locked_set                        0x080046b5   Thumb Code   112  gimbal_locked_task.o(i.gimbal_locked_set)
    gimbal_locked_task                       0x08004735   Thumb Code    18  gimbal_locked_task.o(i.gimbal_locked_task)
    gimbal_mode_change_control_transit       0x0800474d   Thumb Code    38  gimbal_task.o(i.gimbal_mode_change_control_transit)
    gimbal_rc_control                        0x08004775   Thumb Code   162  gimbal_task.o(i.gimbal_rc_control)
    gimbal_task                              0x0800482d   Thumb Code   114  gimbal_task.o(i.gimbal_task)
    init_ecd_record                          0x080048a9   Thumb Code    18  can_bus.o(i.init_ecd_record)
    laser_control                            0x080048bd   Thumb Code    26  laser_task.o(i.laser_control)
    laser_task                               0x080048dd   Thumb Code    16  laser_task.o(i.laser_task)
    led_RGB_flow_task                        0x080048ed   Thumb Code   452  led_flow_task.o(i.led_RGB_flow_task)
    main                                     0x08004ac1   Thumb Code    96  main.o(i.main)
    mode_set_task                            0x08004b31   Thumb Code   100  mode_set_task.o(i.mode_set_task)
    osDelay                                  0x08004ba1   Thumb Code    16  cmsis_os.o(i.osDelay)
    osKernelStart                            0x08004bb1   Thumb Code    10  cmsis_os.o(i.osKernelStart)
    osThreadCreate                           0x08004bbb   Thumb Code    92  cmsis_os.o(i.osThreadCreate)
    pvPortMalloc                             0x08005421   Thumb Code   218  heap_4.o(i.pvPortMalloc)
    pxPortInitialiseStack                    0x08005505   Thumb Code    38  port.o(i.pxPortInitialiseStack)
    remote_control_init                      0x08005531   Thumb Code    12  remote_control.o(i.remote_control_init)
    test_task                                0x080055f5   Thumb Code     8  test_task.o(i.test_task)
    tim0                                     0x080055fd   Thumb Code    44  buzzer_task.o(i.tim0)
    tim1                                     0x08005635   Thumb Code    44  buzzer_task.o(i.tim1)
    tim2                                     0x0800566d   Thumb Code    46  buzzer_task.o(i.tim2)
    translate_task                           0x08005949   Thumb Code    86  translate_task.o(i.translate_task)
    uxListRemove                             0x080059ad   Thumb Code    38  list.o(i.uxListRemove)
    vApplicationGetIdleTaskMemory            0x080059d5   Thumb Code    16  freertos.o(i.vApplicationGetIdleTaskMemory)
    vApplicationGetTimerTaskMemory           0x080059e9   Thumb Code    18  freertos.o(i.vApplicationGetTimerTaskMemory)
    vListInitialise                          0x08005a01   Thumb Code    22  list.o(i.vListInitialise)
    vListInitialiseItem                      0x08005a17   Thumb Code     6  list.o(i.vListInitialiseItem)
    vListInsert                              0x08005a1d   Thumb Code    54  list.o(i.vListInsert)
    vListInsertEnd                           0x08005a53   Thumb Code    24  list.o(i.vListInsertEnd)
    vPortEnterCritical                       0x08005a6d   Thumb Code    54  port.o(i.vPortEnterCritical)
    vPortExitCritical                        0x08005aad   Thumb Code    38  port.o(i.vPortExitCritical)
    vPortFree                                0x08005ad9   Thumb Code    88  heap_4.o(i.vPortFree)
    vPortSetupTimerInterrupt                 0x08005b35   Thumb Code    32  port.o(i.vPortSetupTimerInterrupt)
    vPortValidateInterruptPriority           0x08005b59   Thumb Code    74  port.o(i.vPortValidateInterruptPriority)
    vQueueAddToRegistry                      0x08005bad   Thumb Code    34  queue.o(i.vQueueAddToRegistry)
    vQueueWaitForMessageRestricted           0x08005bd5   Thumb Code    74  queue.o(i.vQueueWaitForMessageRestricted)
    vTaskDelay                               0x08005c21   Thumb Code    70  tasks.o(i.vTaskDelay)
    vTaskInternalSetTimeOutState             0x08005c71   Thumb Code    12  tasks.o(i.vTaskInternalSetTimeOutState)
    vTaskMissedYield                         0x08005c81   Thumb Code     8  tasks.o(i.vTaskMissedYield)
    vTaskPlaceOnEventList                    0x08005c8d   Thumb Code    48  tasks.o(i.vTaskPlaceOnEventList)
    vTaskPlaceOnEventListRestricted          0x08005cc1   Thumb Code    54  tasks.o(i.vTaskPlaceOnEventListRestricted)
    vTaskStartScheduler                      0x08005cfd   Thumb Code   128  tasks.o(i.vTaskStartScheduler)
    vTaskSuspendAll                          0x08005d8d   Thumb Code    10  tasks.o(i.vTaskSuspendAll)
    vTaskSwitchContext                       0x08005d9d   Thumb Code    86  tasks.o(i.vTaskSwitchContext)
    xPortStartScheduler                      0x08005dfd   Thumb Code   232  port.o(i.xPortStartScheduler)
    xPortSysTickHandler                      0x08005f01   Thumb Code    38  port.o(i.xPortSysTickHandler)
    xQueueGenericCreateStatic                0x08005f2d   Thumb Code   112  queue.o(i.xQueueGenericCreateStatic)
    xQueueGenericReset                       0x08005f9d   Thumb Code   138  queue.o(i.xQueueGenericReset)
    xQueueGenericSend                        0x0800602d   Thumb Code   362  queue.o(i.xQueueGenericSend)
    xQueueGenericSendFromISR                 0x0800619d   Thumb Code   188  queue.o(i.xQueueGenericSendFromISR)
    xQueueReceive                            0x08006259   Thumb Code   322  queue.o(i.xQueueReceive)
    xTaskCheckForTimeOut                     0x080063a1   Thumb Code   148  tasks.o(i.xTaskCheckForTimeOut)
    xTaskCreate                              0x08006439   Thumb Code   108  tasks.o(i.xTaskCreate)
    xTaskCreateStatic                        0x080064a5   Thumb Code    96  tasks.o(i.xTaskCreateStatic)
    xTaskGetSchedulerState                   0x08006505   Thumb Code    24  tasks.o(i.xTaskGetSchedulerState)
    xTaskGetTickCount                        0x08006521   Thumb Code     6  tasks.o(i.xTaskGetTickCount)
    xTaskIncrementTick                       0x0800652d   Thumb Code   200  tasks.o(i.xTaskIncrementTick)
    xTaskPriorityDisinherit                  0x080065fd   Thumb Code   146  tasks.o(i.xTaskPriorityDisinherit)
    xTaskRemoveFromEventList                 0x08006699   Thumb Code   108  tasks.o(i.xTaskRemoveFromEventList)
    xTaskResumeAll                           0x08006711   Thumb Code   190  tasks.o(i.xTaskResumeAll)
    xTimerCreateTimerTask                    0x080067dd   Thumb Code    86  timers.o(i.xTimerCreateTimerTask)
    xTimerGenericCommand                     0x08006845   Thumb Code   112  timers.o(i.xTimerGenericCommand)
    __aeabi_d2f                              0x080068b9   Thumb Code     0  d2f.o(x$fpl$d2f)
    _d2f                                     0x080068b9   Thumb Code    98  d2f.o(x$fpl$d2f)
    __aeabi_dadd                             0x0800691d   Thumb Code     0  daddsub_clz.o(x$fpl$dadd)
    _dadd                                    0x0800691d   Thumb Code   332  daddsub_clz.o(x$fpl$dadd)
    __aeabi_ddiv                             0x08006a6d   Thumb Code     0  ddiv.o(x$fpl$ddiv)
    _ddiv                                    0x08006a6d   Thumb Code   552  ddiv.o(x$fpl$ddiv)
    __aeabi_d2uiz                            0x08006d1d   Thumb Code     0  dfixu.o(x$fpl$dfixu)
    _dfixu                                   0x08006d1d   Thumb Code    90  dfixu.o(x$fpl$dfixu)
    __aeabi_i2d                              0x08006d77   Thumb Code     0  dflt_clz.o(x$fpl$dflt)
    _dflt                                    0x08006d77   Thumb Code    46  dflt_clz.o(x$fpl$dflt)
    __aeabi_ui2d                             0x08006da5   Thumb Code     0  dflt_clz.o(x$fpl$dfltu)
    _dfltu                                   0x08006da5   Thumb Code    38  dflt_clz.o(x$fpl$dfltu)
    __aeabi_dmul                             0x08006dcd   Thumb Code     0  dmul.o(x$fpl$dmul)
    _dmul                                    0x08006dcd   Thumb Code   332  dmul.o(x$fpl$dmul)
    __fpl_dnaninf                            0x08006f21   Thumb Code   156  dnaninf.o(x$fpl$dnaninf)
    __fpl_dretinf                            0x08006fbd   Thumb Code    12  dretinf.o(x$fpl$dretinf)
    __aeabi_dsub                             0x08006fc9   Thumb Code     0  daddsub_clz.o(x$fpl$dsub)
    _dsub                                    0x08006fc9   Thumb Code   464  daddsub_clz.o(x$fpl$dsub)
    __aeabi_f2d                              0x0800719d   Thumb Code     0  f2d.o(x$fpl$f2d)
    _f2d                                     0x0800719d   Thumb Code    86  f2d.o(x$fpl$f2d)
    __fpl_fnaninf                            0x080071f3   Thumb Code   140  fnaninf.o(x$fpl$fnaninf)
    _fp_init                                 0x0800727f   Thumb Code    10  fpinit.o(x$fpl$fpinit)
    __fplib_config_fpu_vfp                   0x08007287   Thumb Code     0  fpinit.o(x$fpl$fpinit)
    __fplib_config_pureend_doubles           0x08007287   Thumb Code     0  fpinit.o(x$fpl$fpinit)
    __fpl_fretinf                            0x08007289   Thumb Code    10  fretinf.o(x$fpl$fretinf)
    __I$use$fp                               0x08007292   Number         0  usenofp.o(x$fpl$usenofp)
    AHBPrescTable                            0x080073ac   Data          16  system_stm32f4xx.o(.constdata)
    APBPrescTable                            0x080073bc   Data           8  system_stm32f4xx.o(.constdata)
    Region$$Table$$Base                      0x080074b4   Number         0  anon$$obj.o(Region$$Table)
    Region$$Table$$Limit                     0x080074d4   Number         0  anon$$obj.o(Region$$Table)
    testHandle                               0x20000000   Data           4  freertos.o(.data)
    LaserTaskHandle                          0x20000004   Data           4  freertos.o(.data)
    FricTaskHandle                           0x20000008   Data           4  freertos.o(.data)
    LedFlowTaskHandle                        0x2000000c   Data           4  freertos.o(.data)
    GimbalTaskHandle                         0x20000010   Data           4  freertos.o(.data)
    GimbalLockedTasHandle                    0x20000014   Data           4  freertos.o(.data)
    TranslateTaskHandle                      0x20000018   Data           4  freertos.o(.data)
    AdvanceTaskHandle                        0x2000001c   Data           4  freertos.o(.data)
    ModeSetTaskHandle                        0x20000020   Data           4  freertos.o(.data)
    buzzer_taskHandle                        0x20000024   Data           4  freertos.o(.data)
    SystemCoreClock                          0x2000002c   Data           4  system_stm32f4xx.o(.data)
    BuzzerCount                              0x20000040   Data           1  buzzer_task.o(.data)
    RGB_flow_color                           0x20000044   Data          28  led_flow_task.o(.data)
    count_i                                  0x2000006c   Data           4  can_bus.o(.data)
    count_j                                  0x2000008a   Data           2  fric_task.o(.data)
    last_s_trans                             0x20000094   Data           4  translate_task.o(.data)
    dart_count                               0x20000098   Data           4  advance_task.o(.data)
    last_s_adv                               0x200000a0   Data           4  advance_task.o(.data)
    dart_mode                                0x200000a4   Data           8  mode_set_task.o(.data)
    uwTickFreq                               0x200000ac   Data           1  stm32f4xx_hal.o(.data)
    uwTickPrio                               0x200000b0   Data           4  stm32f4xx_hal.o(.data)
    uwTick                                   0x200000b4   Data           4  stm32f4xx_hal.o(.data)
    pxCurrentTCB                             0x200000b8   Data           4  tasks.o(.data)
    hcan1                                    0x200007d4   Data          40  can.o(.bss)
    hcan2                                    0x200007fc   Data          40  can.o(.bss)
    hi2c3                                    0x20000824   Data          84  i2c.o(.bss)
    hrng                                     0x20000878   Data          16  rng.o(.bss)
    hspi1                                    0x20000888   Data          88  spi.o(.bss)
    hdma_spi1_rx                             0x200008e0   Data          96  spi.o(.bss)
    hdma_spi1_tx                             0x20000940   Data          96  spi.o(.bss)
    htim1                                    0x200009a0   Data          64  tim.o(.bss)
    htim4                                    0x200009e0   Data          64  tim.o(.bss)
    htim5                                    0x20000a20   Data          64  tim.o(.bss)
    htim10                                   0x20000a60   Data          64  tim.o(.bss)
    huart1                                   0x20000aa0   Data          64  usart.o(.bss)
    huart3                                   0x20000ae0   Data          64  usart.o(.bss)
    hdma_usart1_tx                           0x20000b20   Data          96  usart.o(.bss)
    hdma_usart3_rx                           0x20000b80   Data          96  usart.o(.bss)
    motor_data                               0x20000c28   Data         180  can_bus.o(.bss)
    rc_ctrl                                  0x20000cdc   Data          23  remote_control.o(.bss)
    fric_act                                 0x20000d3c   Data         560  fric_task.o(.bss)
    gimbal_act                               0x20000f6c   Data         232  gimbal_task.o(.bss)
    trans_act                                0x20001054   Data         172  translate_task.o(.bss)
    adv_act                                  0x20001100   Data         168  advance_task.o(.bss)
    xQueueRegistry                           0x200011a8   Data          64  queue.o(.bss)
    __libspace_start                         0x200073e8   Data          96  libspace.o(.bss)
    __temporary_stack_top$libspace           0x20007448   Data           0  libspace.o(.bss)



==============================================================================

Memory Map of the image

  Image Entry point : 0x08000189

  Load Region LR_IROM1 (Base: 0x08000000, Size: 0x00007600, Max: 0x00100000, ABSOLUTE, COMPRESSED[0x000074fc])

    Execution Region ER_IROM1 (Exec base: 0x08000000, Load base: 0x08000000, Size: 0x000074d4, Max: 0x00100000, ABSOLUTE)

    Exec Addr    Load Addr    Size         Type   Attr      Idx    E Section Name        Object

    0x08000000   0x08000000   0x00000188   Data   RO            3    RESET               startup_stm32f407xx.o
    0x08000188   0x08000188   0x00000008   Code   RO         7774  * !!!main             c_w.l(__main.o)
    0x08000190   0x08000190   0x00000034   Code   RO         8060    !!!scatter          c_w.l(__scatter.o)
    0x080001c4   0x080001c4   0x0000005a   Code   RO         8058    !!dczerorl2         c_w.l(__dczerorl2.o)
    0x0800021e   0x0800021e   0x00000002   PAD
    0x08000220   0x08000220   0x0000001c   Code   RO         8062    !!handler_zi        c_w.l(__scatter_zi.o)
    0x0800023c   0x0800023c   0x00000002   Code   RO         7940    .ARM.Collect$$libinit$$00000000  c_w.l(libinit.o)
    0x0800023e   0x0800023e   0x00000004   Code   RO         7941    .ARM.Collect$$libinit$$00000001  c_w.l(libinit2.o)
    0x08000242   0x08000242   0x00000000   Code   RO         7944    .ARM.Collect$$libinit$$00000004  c_w.l(libinit2.o)
    0x08000242   0x08000242   0x00000000   Code   RO         7947    .ARM.Collect$$libinit$$0000000A  c_w.l(libinit2.o)
    0x08000242   0x08000242   0x00000000   Code   RO         7949    .ARM.Collect$$libinit$$0000000C  c_w.l(libinit2.o)
    0x08000242   0x08000242   0x00000000   Code   RO         7951    .ARM.Collect$$libinit$$0000000E  c_w.l(libinit2.o)
    0x08000242   0x08000242   0x00000000   Code   RO         7954    .ARM.Collect$$libinit$$00000011  c_w.l(libinit2.o)
    0x08000242   0x08000242   0x00000000   Code   RO         7956    .ARM.Collect$$libinit$$00000013  c_w.l(libinit2.o)
    0x08000242   0x08000242   0x00000000   Code   RO         7958    .ARM.Collect$$libinit$$00000015  c_w.l(libinit2.o)
    0x08000242   0x08000242   0x00000000   Code   RO         7960    .ARM.Collect$$libinit$$00000017  c_w.l(libinit2.o)
    0x08000242   0x08000242   0x00000000   Code   RO         7962    .ARM.Collect$$libinit$$00000019  c_w.l(libinit2.o)
    0x08000242   0x08000242   0x00000000   Code   RO         7964    .ARM.Collect$$libinit$$0000001B  c_w.l(libinit2.o)
    0x08000242   0x08000242   0x00000000   Code   RO         7966    .ARM.Collect$$libinit$$0000001D  c_w.l(libinit2.o)
    0x08000242   0x08000242   0x00000000   Code   RO         7968    .ARM.Collect$$libinit$$0000001F  c_w.l(libinit2.o)
    0x08000242   0x08000242   0x00000000   Code   RO         7970    .ARM.Collect$$libinit$$00000021  c_w.l(libinit2.o)
    0x08000242   0x08000242   0x00000000   Code   RO         7972    .ARM.Collect$$libinit$$00000023  c_w.l(libinit2.o)
    0x08000242   0x08000242   0x00000000   Code   RO         7974    .ARM.Collect$$libinit$$00000025  c_w.l(libinit2.o)
    0x08000242   0x08000242   0x00000000   Code   RO         7978    .ARM.Collect$$libinit$$0000002C  c_w.l(libinit2.o)
    0x08000242   0x08000242   0x00000000   Code   RO         7980    .ARM.Collect$$libinit$$0000002E  c_w.l(libinit2.o)
    0x08000242   0x08000242   0x00000000   Code   RO         7982    .ARM.Collect$$libinit$$00000030  c_w.l(libinit2.o)
    0x08000242   0x08000242   0x00000000   Code   RO         7984    .ARM.Collect$$libinit$$00000032  c_w.l(libinit2.o)
    0x08000242   0x08000242   0x00000002   Code   RO         7985    .ARM.Collect$$libinit$$00000033  c_w.l(libinit2.o)
    0x08000244   0x08000244   0x00000002   Code   RO         8023    .ARM.Collect$$libshutdown$$00000000  c_w.l(libshutdown.o)
    0x08000246   0x08000246   0x00000000   Code   RO         8041    .ARM.Collect$$libshutdown$$00000002  c_w.l(libshutdown2.o)
    0x08000246   0x08000246   0x00000000   Code   RO         8043    .ARM.Collect$$libshutdown$$00000004  c_w.l(libshutdown2.o)
    0x08000246   0x08000246   0x00000000   Code   RO         8046    .ARM.Collect$$libshutdown$$00000007  c_w.l(libshutdown2.o)
    0x08000246   0x08000246   0x00000000   Code   RO         8049    .ARM.Collect$$libshutdown$$0000000A  c_w.l(libshutdown2.o)
    0x08000246   0x08000246   0x00000000   Code   RO         8051    .ARM.Collect$$libshutdown$$0000000C  c_w.l(libshutdown2.o)
    0x08000246   0x08000246   0x00000000   Code   RO         8054    .ARM.Collect$$libshutdown$$0000000F  c_w.l(libshutdown2.o)
    0x08000246   0x08000246   0x00000002   Code   RO         8055    .ARM.Collect$$libshutdown$$00000010  c_w.l(libshutdown2.o)
    0x08000248   0x08000248   0x00000000   Code   RO         7822    .ARM.Collect$$rtentry$$00000000  c_w.l(__rtentry.o)
    0x08000248   0x08000248   0x00000000   Code   RO         7850    .ARM.Collect$$rtentry$$00000002  c_w.l(__rtentry2.o)
    0x08000248   0x08000248   0x00000006   Code   RO         7862    .ARM.Collect$$rtentry$$00000004  c_w.l(__rtentry4.o)
    0x0800024e   0x0800024e   0x00000000   Code   RO         7852    .ARM.Collect$$rtentry$$00000009  c_w.l(__rtentry2.o)
    0x0800024e   0x0800024e   0x00000004   Code   RO         7853    .ARM.Collect$$rtentry$$0000000A  c_w.l(__rtentry2.o)
    0x08000252   0x08000252   0x00000000   Code   RO         7855    .ARM.Collect$$rtentry$$0000000C  c_w.l(__rtentry2.o)
    0x08000252   0x08000252   0x00000008   Code   RO         7856    .ARM.Collect$$rtentry$$0000000D  c_w.l(__rtentry2.o)
    0x0800025a   0x0800025a   0x00000002   Code   RO         7986    .ARM.Collect$$rtexit$$00000000  c_w.l(rtexit.o)
    0x0800025c   0x0800025c   0x00000000   Code   RO         7999    .ARM.Collect$$rtexit$$00000002  c_w.l(rtexit2.o)
    0x0800025c   0x0800025c   0x00000004   Code   RO         8000    .ARM.Collect$$rtexit$$00000003  c_w.l(rtexit2.o)
    0x08000260   0x08000260   0x00000006   Code   RO         8001    .ARM.Collect$$rtexit$$00000004  c_w.l(rtexit2.o)
    0x08000266   0x08000266   0x00000002   PAD
    0x08000268   0x08000268   0x000000be   Code   RO         7649    .emb_text           port.o
    0x08000326   0x08000326   0x00000002   PAD
    0x08000328   0x08000328   0x00000040   Code   RO            4    .text               startup_stm32f407xx.o
    0x08000368   0x08000368   0x00000002   Code   RO         7728    .text               c_w.l(use_no_semi_2.o)
    0x0800036a   0x0800036a   0x000000ee   Code   RO         7730    .text               c_w.l(lludivv7m.o)
    0x08000458   0x08000458   0x0000008a   Code   RO         7762    .text               c_w.l(rt_memcpy_v6.o)
    0x080004e2   0x080004e2   0x00000064   Code   RO         7764    .text               c_w.l(rt_memcpy_w.o)
    0x08000546   0x08000546   0x00000010   Code   RO         7768    .text               c_w.l(aeabi_memset.o)
    0x08000556   0x08000556   0x0000004e   Code   RO         7770    .text               c_w.l(rt_memclr_w.o)
    0x080005a4   0x080005a4   0x00000006   Code   RO         7772    .text               c_w.l(heapauxi.o)
    0x080005aa   0x080005aa   0x00000002   Code   RO         7820    .text               c_w.l(use_no_semi.o)
    0x080005ac   0x080005ac   0x00000044   Code   RO         7834    .text               c_w.l(rt_memclr.o)
    0x080005f0   0x080005f0   0x00000008   Code   RO         7920    .text               c_w.l(libspace.o)
    0x080005f8   0x080005f8   0x0000004a   Code   RO         7923    .text               c_w.l(sys_stackheap_outer.o)
    0x08000642   0x08000642   0x00000012   Code   RO         7927    .text               c_w.l(exit.o)
    0x08000654   0x08000654   0x00000002   Code   RO          760    i.BusFault_Handler  stm32f4xx_it.o
    0x08000656   0x08000656   0x00000002   PAD
    0x08000658   0x08000658   0x00000048   Code   RO         1341    i.Buzzer_Task       buzzer_task.o
    0x080006a0   0x080006a0   0x00000080   Code   RO         1342    i.Buzzer_control_mode  buzzer_task.o
    0x08000720   0x08000720   0x0000007c   Code   RO         1343    i.Buzzer_game_mode  buzzer_task.o
    0x0800079c   0x0800079c   0x0000000c   Code   RO          761    i.CAN1_RX0_IRQHandler  stm32f4xx_it.o
    0x080007a8   0x080007a8   0x0000000c   Code   RO          762    i.CAN2_RX0_IRQHandler  stm32f4xx_it.o
    0x080007b4   0x080007b4   0x00000048   Code   RO         1615    i.CAN_cmd_can2      can_bus.o
    0x080007fc   0x080007fc   0x00000048   Code   RO         1616    i.CAN_cmd_fricl     can_bus.o
    0x08000844   0x08000844   0x00000048   Code   RO         1617    i.CAN_cmd_fricr     can_bus.o
    0x0800088c   0x0800088c   0x0000000c   Code   RO          763    i.DMA1_Stream1_IRQHandler  stm32f4xx_it.o
    0x08000898   0x08000898   0x0000000c   Code   RO          764    i.DMA2_Stream7_IRQHandler  stm32f4xx_it.o
    0x080008a4   0x080008a4   0x00000034   Code   RO         3395    i.DMA_CalcBaseAndBitshift  stm32f4xx_hal_dma.o
    0x080008d8   0x080008d8   0x0000007e   Code   RO         3396    i.DMA_CheckFifoParam  stm32f4xx_hal_dma.o
    0x08000956   0x08000956   0x00000002   Code   RO          765    i.DebugMon_Handler  stm32f4xx_it.o
    0x08000958   0x08000958   0x00000006   Code   RO          766    i.EXTI0_IRQHandler  stm32f4xx_it.o
    0x0800095e   0x0800095e   0x00000006   Code   RO          767    i.EXTI3_IRQHandler  stm32f4xx_it.o
    0x08000964   0x08000964   0x00000006   Code   RO          768    i.EXTI4_IRQHandler  stm32f4xx_it.o
    0x0800096a   0x0800096a   0x00000006   Code   RO          769    i.EXTI9_5_IRQHandler  stm32f4xx_it.o
    0x08000970   0x08000970   0x00000002   Code   RO           13    i.Error_Handler     main.o
    0x08000972   0x08000972   0x00000024   Code   RO         2658    i.HAL_CAN_ActivateNotification  stm32f4xx_hal_can.o
    0x08000996   0x08000996   0x00000104   Code   RO         2659    i.HAL_CAN_AddTxMessage  stm32f4xx_hal_can.o
    0x08000a9a   0x08000a9a   0x00000002   PAD
    0x08000a9c   0x08000a9c   0x00000128   Code   RO         2660    i.HAL_CAN_ConfigFilter  stm32f4xx_hal_can.o
    0x08000bc4   0x08000bc4   0x00000002   Code   RO         2663    i.HAL_CAN_ErrorCallback  stm32f4xx_hal_can.o
    0x08000bc6   0x08000bc6   0x0000016c   Code   RO         2666    i.HAL_CAN_GetRxMessage  stm32f4xx_hal_can.o
    0x08000d32   0x08000d32   0x00000234   Code   RO         2670    i.HAL_CAN_IRQHandler  stm32f4xx_hal_can.o
    0x08000f66   0x08000f66   0x00000168   Code   RO         2671    i.HAL_CAN_Init      stm32f4xx_hal_can.o
    0x080010ce   0x080010ce   0x00000002   PAD
    0x080010d0   0x080010d0   0x000000f8   Code   RO          407    i.HAL_CAN_MspInit   can.o
    0x080011c8   0x080011c8   0x00000002   Code   RO         2678    i.HAL_CAN_RxFifo0FullCallback  stm32f4xx_hal_can.o
    0x080011ca   0x080011ca   0x00000002   PAD
    0x080011cc   0x080011cc   0x00000134   Code   RO         1618    i.HAL_CAN_RxFifo0MsgPendingCallback  can_bus.o
    0x08001300   0x08001300   0x00000002   Code   RO         2680    i.HAL_CAN_RxFifo1FullCallback  stm32f4xx_hal_can.o
    0x08001302   0x08001302   0x00000002   Code   RO         2681    i.HAL_CAN_RxFifo1MsgPendingCallback  stm32f4xx_hal_can.o
    0x08001304   0x08001304   0x00000002   Code   RO         2682    i.HAL_CAN_SleepCallback  stm32f4xx_hal_can.o
    0x08001306   0x08001306   0x00000064   Code   RO         2683    i.HAL_CAN_Start     stm32f4xx_hal_can.o
    0x0800136a   0x0800136a   0x00000002   Code   RO         2685    i.HAL_CAN_TxMailbox0AbortCallback  stm32f4xx_hal_can.o
    0x0800136c   0x0800136c   0x00000002   Code   RO         2686    i.HAL_CAN_TxMailbox0CompleteCallback  stm32f4xx_hal_can.o
    0x0800136e   0x0800136e   0x00000002   Code   RO         2687    i.HAL_CAN_TxMailbox1AbortCallback  stm32f4xx_hal_can.o
    0x08001370   0x08001370   0x00000002   Code   RO         2688    i.HAL_CAN_TxMailbox1CompleteCallback  stm32f4xx_hal_can.o
    0x08001372   0x08001372   0x00000002   Code   RO         2689    i.HAL_CAN_TxMailbox2AbortCallback  stm32f4xx_hal_can.o
    0x08001374   0x08001374   0x00000002   Code   RO         2690    i.HAL_CAN_TxMailbox2CompleteCallback  stm32f4xx_hal_can.o
    0x08001376   0x08001376   0x00000002   Code   RO         2692    i.HAL_CAN_WakeUpFromRxMsgCallback  stm32f4xx_hal_can.o
    0x08001378   0x08001378   0x000001ec   Code   RO         3403    i.HAL_DMA_IRQHandler  stm32f4xx_hal_dma.o
    0x08001564   0x08001564   0x000000ec   Code   RO         3404    i.HAL_DMA_Init      stm32f4xx_hal_dma.o
    0x08001650   0x08001650   0x00000002   Code   RO         3289    i.HAL_GPIO_EXTI_Callback  stm32f4xx_hal_gpio.o
    0x08001652   0x08001652   0x00000002   PAD
    0x08001654   0x08001654   0x00000018   Code   RO         3290    i.HAL_GPIO_EXTI_IRQHandler  stm32f4xx_hal_gpio.o
    0x0800166c   0x0800166c   0x0000021c   Code   RO         3291    i.HAL_GPIO_Init     stm32f4xx_hal_gpio.o
    0x08001888   0x08001888   0x0000000e   Code   RO         3295    i.HAL_GPIO_WritePin  stm32f4xx_hal_gpio.o
    0x08001896   0x08001896   0x00000002   PAD
    0x08001898   0x08001898   0x0000000c   Code   RO         3818    i.HAL_GetTick       stm32f4xx_hal.o
    0x080018a4   0x080018a4   0x00000198   Code   RO         4071    i.HAL_I2C_Init      stm32f4xx_hal_i2c.o
    0x08001a3c   0x08001a3c   0x0000008c   Code   RO          480    i.HAL_I2C_MspInit   i2c.o
    0x08001ac8   0x08001ac8   0x00000010   Code   RO         3824    i.HAL_IncTick       stm32f4xx_hal.o
    0x08001ad8   0x08001ad8   0x00000034   Code   RO         3825    i.HAL_Init          stm32f4xx_hal.o
    0x08001b0c   0x08001b0c   0x00000044   Code   RO         3826    i.HAL_InitTick      stm32f4xx_hal.o
    0x08001b50   0x08001b50   0x00000038   Code   RO          872    i.HAL_MspInit       stm32f4xx_hal_msp.o
    0x08001b88   0x08001b88   0x0000001c   Code   RO         3680    i.HAL_NVIC_EnableIRQ  stm32f4xx_hal_cortex.o
    0x08001ba4   0x08001ba4   0x00000068   Code   RO         3686    i.HAL_NVIC_SetPriority  stm32f4xx_hal_cortex.o
    0x08001c0c   0x08001c0c   0x00000024   Code   RO         3687    i.HAL_NVIC_SetPriorityGrouping  stm32f4xx_hal_cortex.o
    0x08001c30   0x08001c30   0x00000174   Code   RO         2892    i.HAL_RCC_ClockConfig  stm32f4xx_hal_rcc.o
    0x08001da4   0x08001da4   0x0000000c   Code   RO         2897    i.HAL_RCC_GetHCLKFreq  stm32f4xx_hal_rcc.o
    0x08001db0   0x08001db0   0x00000020   Code   RO         2899    i.HAL_RCC_GetPCLK1Freq  stm32f4xx_hal_rcc.o
    0x08001dd0   0x08001dd0   0x00000020   Code   RO         2900    i.HAL_RCC_GetPCLK2Freq  stm32f4xx_hal_rcc.o
    0x08001df0   0x08001df0   0x00000070   Code   RO         2901    i.HAL_RCC_GetSysClockFreq  stm32f4xx_hal_rcc.o
    0x08001e60   0x08001e60   0x00000436   Code   RO         2904    i.HAL_RCC_OscConfig  stm32f4xx_hal_rcc.o
    0x08002296   0x08002296   0x00000034   Code   RO         4549    i.HAL_RNG_Init      stm32f4xx_hal_rng.o
    0x080022ca   0x080022ca   0x00000002   PAD
    0x080022cc   0x080022cc   0x00000028   Code   RO          522    i.HAL_RNG_MspInit   rng.o
    0x080022f4   0x080022f4   0x00000082   Code   RO         4653    i.HAL_SPI_Init      stm32f4xx_hal_spi.o
    0x08002376   0x08002376   0x00000002   PAD
    0x08002378   0x08002378   0x000000fc   Code   RO          564    i.HAL_SPI_MspInit   spi.o
    0x08002474   0x08002474   0x00000028   Code   RO         3691    i.HAL_SYSTICK_Config  stm32f4xx_hal_cortex.o
    0x0800249c   0x0800249c   0x00000066   Code   RO         5655    i.HAL_TIMEx_ConfigBreakDeadTime  stm32f4xx_hal_tim_ex.o
    0x08002502   0x08002502   0x0000004e   Code   RO         5670    i.HAL_TIMEx_MasterConfigSynchronization  stm32f4xx_hal_tim_ex.o
    0x08002550   0x08002550   0x00000038   Code   RO         4966    i.HAL_TIM_Base_Init  stm32f4xx_hal_tim.o
    0x08002588   0x08002588   0x00000044   Code   RO          606    i.HAL_TIM_Base_MspInit  tim.o
    0x080025cc   0x080025cc   0x00000024   Code   RO         4969    i.HAL_TIM_Base_Start  stm32f4xx_hal_tim.o
    0x080025f0   0x080025f0   0x000000e4   Code   RO         4975    i.HAL_TIM_ConfigClockSource  stm32f4xx_hal_tim.o
    0x080026d4   0x080026d4   0x00000118   Code   RO          607    i.HAL_TIM_MspPostInit  tim.o
    0x080027ec   0x080027ec   0x000000dc   Code   RO         5033    i.HAL_TIM_PWM_ConfigChannel  stm32f4xx_hal_tim.o
    0x080028c8   0x080028c8   0x00000038   Code   RO         5036    i.HAL_TIM_PWM_Init  stm32f4xx_hal_tim.o
    0x08002900   0x08002900   0x00000044   Code   RO          609    i.HAL_TIM_PWM_MspInit  tim.o
    0x08002944   0x08002944   0x00000042   Code   RO         5041    i.HAL_TIM_PWM_Start  stm32f4xx_hal_tim.o
    0x08002986   0x08002986   0x00000064   Code   RO         5928    i.HAL_UART_Init     stm32f4xx_hal_uart.o
    0x080029ea   0x080029ea   0x00000002   PAD
    0x080029ec   0x080029ec   0x0000016c   Code   RO          684    i.HAL_UART_MspInit  usart.o
    0x08002b58   0x08002b58   0x00000002   Code   RO          770    i.HardFault_Handler  stm32f4xx_it.o
    0x08002b5a   0x08002b5a   0x00000002   PAD
    0x08002b5c   0x08002b5c   0x00000044   Code   RO          408    i.MX_CAN1_Init      can.o
    0x08002ba0   0x08002ba0   0x00000044   Code   RO          409    i.MX_CAN2_Init      can.o
    0x08002be4   0x08002be4   0x0000006c   Code   RO          455    i.MX_DMA_Init       dma.o
    0x08002c50   0x08002c50   0x000000ec   Code   RO          292    i.MX_FREERTOS_Init  freertos.o
    0x08002d3c   0x08002d3c   0x000001b8   Code   RO          267    i.MX_GPIO_Init      gpio.o
    0x08002ef4   0x08002ef4   0x00000040   Code   RO          481    i.MX_I2C3_Init      i2c.o
    0x08002f34   0x08002f34   0x00000024   Code   RO          523    i.MX_RNG_Init       rng.o
    0x08002f58   0x08002f58   0x00000048   Code   RO          565    i.MX_SPI1_Init      spi.o
    0x08002fa0   0x08002fa0   0x00000064   Code   RO          610    i.MX_TIM10_Init     tim.o
    0x08003004   0x08003004   0x000000b4   Code   RO          611    i.MX_TIM1_Init      tim.o
    0x080030b8   0x080030b8   0x00000070   Code   RO          612    i.MX_TIM4_Init      tim.o
    0x08003128   0x08003128   0x000000b8   Code   RO          613    i.MX_TIM5_Init      tim.o
    0x080031e0   0x080031e0   0x00000038   Code   RO          685    i.MX_USART1_UART_Init  usart.o
    0x08003218   0x08003218   0x0000003c   Code   RO          686    i.MX_USART3_UART_Init  usart.o
    0x08003254   0x08003254   0x00000002   Code   RO          771    i.MemManage_Handler  stm32f4xx_it.o
    0x08003256   0x08003256   0x00000002   Code   RO          772    i.NMI_Handler       stm32f4xx_it.o
    0x08003258   0x08003258   0x00000128   Code   RO         2274    i.PID_calc          pid.o
    0x08003380   0x08003380   0x00000040   Code   RO         2275    i.PID_clear         pid.o
    0x080033c0   0x080033c0   0x0000005c   Code   RO         2276    i.PID_init          pid.o
    0x0800341c   0x0800341c   0x00000060   Code   RO         1205    i.RC_Init           bsp_rc.o
    0x0800347c   0x0800347c   0x00000018   Code   RO          773    i.SysTick_Handler   stm32f4xx_it.o
    0x08003494   0x08003494   0x00000084   Code   RO           14    i.SystemClock_Config  main.o
    0x08003518   0x08003518   0x00000054   Code   RO          897    i.SystemInit        system_stm32f4xx.o
    0x0800356c   0x0800356c   0x000000cc   Code   RO         5054    i.TIM_Base_SetConfig  stm32f4xx_hal_tim.o
    0x08003638   0x08003638   0x0000001e   Code   RO         5055    i.TIM_CCxChannelCmd  stm32f4xx_hal_tim.o
    0x08003656   0x08003656   0x00000016   Code   RO         5065    i.TIM_ETR_SetConfig  stm32f4xx_hal_tim.o
    0x0800366c   0x0800366c   0x00000010   Code   RO         5066    i.TIM_ITRx_SetConfig  stm32f4xx_hal_tim.o
    0x0800367c   0x0800367c   0x00000070   Code   RO         5067    i.TIM_OC1_SetConfig  stm32f4xx_hal_tim.o
    0x080036ec   0x080036ec   0x00000078   Code   RO         5068    i.TIM_OC2_SetConfig  stm32f4xx_hal_tim.o
    0x08003764   0x08003764   0x00000078   Code   RO         5069    i.TIM_OC3_SetConfig  stm32f4xx_hal_tim.o
    0x080037dc   0x080037dc   0x00000058   Code   RO         5070    i.TIM_OC4_SetConfig  stm32f4xx_hal_tim.o
    0x08003834   0x08003834   0x00000026   Code   RO         5072    i.TIM_TI1_ConfigInputStage  stm32f4xx_hal_tim.o
    0x0800385a   0x0800385a   0x00000024   Code   RO         5074    i.TIM_TI2_ConfigInputStage  stm32f4xx_hal_tim.o
    0x0800387e   0x0800387e   0x00000002   PAD
    0x08003880   0x08003880   0x00000340   Code   RO         5955    i.UART_SetConfig    stm32f4xx_hal_uart.o
    0x08003bc0   0x08003bc0   0x000000a8   Code   RO         1695    i.USART3_IRQHandler  remote_control.o
    0x08003c68   0x08003c68   0x00000002   Code   RO          774    i.UsageFault_Handler  stm32f4xx_it.o
    0x08003c6a   0x08003c6a   0x00000002   Code   RO          688    i._sys_exit         usart.o
    0x08003c6c   0x08003c6c   0x0000003c   Code   RO         1074    i.aRGB_led_show     bsp_led.o
    0x08003ca8   0x08003ca8   0x00000022   Code   RO         2159    i.abs_limit         user_lib.o
    0x08003cca   0x08003cca   0x00000002   PAD
    0x08003ccc   0x08003ccc   0x00000080   Code   RO         2070    i.adv_PID_calc      advance_task.o
    0x08003d4c   0x08003d4c   0x0000013c   Code   RO         2071    i.adv_control_loop  advance_task.o
    0x08003e88   0x08003e88   0x00000024   Code   RO         2072    i.adv_feedback_update  advance_task.o
    0x08003eac   0x08003eac   0x000000a0   Code   RO         2073    i.adv_init          advance_task.o
    0x08003f4c   0x08003f4c   0x000000d8   Code   RO         2074    i.adv_set_mode      advance_task.o
    0x08004024   0x08004024   0x00000034   Code   RO         2075    i.advance_task      advance_task.o
    0x08004058   0x08004058   0x00000058   Code   RO         1279    i.can_filter_init   bsp_can.o
    0x080040b0   0x080040b0   0x00000028   Code   RO          934    i.delay_init        bsp_delay.o
    0x080040d8   0x080040d8   0x00000010   Code   RO         1344    i.fn_BuzzerClose    buzzer_task.o
    0x080040e8   0x080040e8   0x0000011c   Code   RO         1787    i.fric_control_loop  fric_task.o
    0x08004204   0x08004204   0x0000002a   Code   RO         1788    i.fric_feedback_update  fric_task.o
    0x0800422e   0x0800422e   0x00000002   PAD
    0x08004230   0x08004230   0x00000108   Code   RO         1789    i.fric_init         fric_task.o
    0x08004338   0x08004338   0x000000a0   Code   RO         1790    i.fric_set_mode     fric_task.o
    0x080043d8   0x080043d8   0x00000038   Code   RO         1791    i.fric_task         fric_task.o
    0x08004410   0x08004410   0x0000001c   Code   RO         1619    i.get_motor_measure  can_bus.o
    0x0800442c   0x0800442c   0x00000080   Code   RO         1620    i.get_motor_measure_point  can_bus.o
    0x080044ac   0x080044ac   0x00000008   Code   RO         1696    i.get_remote_control_point  remote_control.o
    0x080044b4   0x080044b4   0x00000080   Code   RO         1855    i.gimbal_PID_calc   gimbal_task.o
    0x08004534   0x08004534   0x00000030   Code   RO         1856    i.gimbal_PID_clear  gimbal_task.o
    0x08004564   0x08004564   0x00000024   Code   RO         1857    i.gimbal_PID_init   gimbal_task.o
    0x08004588   0x08004588   0x00000044   Code   RO         1858    i.gimbal_feedback_update  gimbal_task.o
    0x080045cc   0x080045cc   0x0000000a   Code   RO         1859    i.gimbal_free_control  gimbal_task.o
    0x080045d6   0x080045d6   0x00000002   PAD
    0x080045d8   0x080045d8   0x000000bc   Code   RO         1860    i.gimbal_init       gimbal_task.o
    0x08004694   0x08004694   0x00000020   Code   RO         1861    i.gimbal_locked_control  gimbal_task.o
    0x080046b4   0x080046b4   0x00000080   Code   RO         1945    i.gimbal_locked_set  gimbal_locked_task.o
    0x08004734   0x08004734   0x00000018   Code   RO         1946    i.gimbal_locked_task  gimbal_locked_task.o
    0x0800474c   0x0800474c   0x00000026   Code   RO         1862    i.gimbal_mode_change_control_transit  gimbal_task.o
    0x08004772   0x08004772   0x00000002   PAD
    0x08004774   0x08004774   0x000000b8   Code   RO         1863    i.gimbal_rc_control  gimbal_task.o
    0x0800482c   0x0800482c   0x0000007c   Code   RO         1864    i.gimbal_task       gimbal_task.o
    0x080048a8   0x080048a8   0x00000012   Code   RO         1621    i.init_ecd_record   can_bus.o
    0x080048ba   0x080048ba   0x00000002   PAD
    0x080048bc   0x080048bc   0x00000020   Code   RO         1967    i.laser_control     laser_task.o
    0x080048dc   0x080048dc   0x00000010   Code   RO         1968    i.laser_task        laser_task.o
    0x080048ec   0x080048ec   0x000001d4   Code   RO         1439    i.led_RGB_flow_task  led_flow_task.o
    0x08004ac0   0x08004ac0   0x00000064   Code   RO           15    i.main              main.o
    0x08004b24   0x08004b24   0x0000000c   Code   RO         7221    i.makeFreeRtosPriority  cmsis_os.o
    0x08004b30   0x08004b30   0x00000070   Code   RO         2131    i.mode_set_task     mode_set_task.o
    0x08004ba0   0x08004ba0   0x00000010   Code   RO         7223    i.osDelay           cmsis_os.o
    0x08004bb0   0x08004bb0   0x0000000a   Code   RO         7226    i.osKernelStart     cmsis_os.o
    0x08004bba   0x08004bba   0x0000005c   Code   RO         7260    i.osThreadCreate    cmsis_os.o
    0x08004c16   0x08004c16   0x00000002   PAD
    0x08004c18   0x08004c18   0x00000080   Code   RO         6719    i.prvAddCurrentTaskToDelayedList  tasks.o
    0x08004c98   0x08004c98   0x00000088   Code   RO         6720    i.prvAddNewTaskToReadyList  tasks.o
    0x08004d20   0x08004d20   0x0000005c   Code   RO         7068    i.prvCheckForValidListAndQueue  timers.o
    0x08004d7c   0x08004d7c   0x00000040   Code   RO         6721    i.prvCheckTasksWaitingTermination  tasks.o
    0x08004dbc   0x08004dbc   0x00000024   Code   RO         6375    i.prvCopyDataFromQueue  queue.o
    0x08004de0   0x08004de0   0x0000006e   Code   RO         6376    i.prvCopyDataToQueue  queue.o
    0x08004e4e   0x08004e4e   0x00000040   Code   RO         6722    i.prvDeleteTCB      tasks.o
    0x08004e8e   0x08004e8e   0x00000002   PAD
    0x08004e90   0x08004e90   0x00000024   Code   RO         7069    i.prvGetNextExpireTime  timers.o
    0x08004eb4   0x08004eb4   0x00000050   Code   RO         7600    i.prvHeapInit       heap_4.o
    0x08004f04   0x08004f04   0x00000028   Code   RO         6723    i.prvIdleTask       tasks.o
    0x08004f2c   0x08004f2c   0x00000018   Code   RO         6379    i.prvInitialiseNewQueue  queue.o
    0x08004f44   0x08004f44   0x00000090   Code   RO         6724    i.prvInitialiseNewTask  tasks.o
    0x08004fd4   0x08004fd4   0x00000060   Code   RO         6725    i.prvInitialiseTaskLists  tasks.o
    0x08005034   0x08005034   0x0000005c   Code   RO         7601    i.prvInsertBlockIntoFreeList  heap_4.o
    0x08005090   0x08005090   0x00000048   Code   RO         7071    i.prvInsertTimerInActiveList  timers.o
    0x080050d8   0x080050d8   0x0000001a   Code   RO         6380    i.prvIsQueueEmpty   queue.o
    0x080050f2   0x080050f2   0x0000001e   Code   RO         6381    i.prvIsQueueFull    queue.o
    0x08005110   0x08005110   0x0000005c   Code   RO         7072    i.prvProcessExpiredTimer  timers.o
    0x0800516c   0x0800516c   0x000000d8   Code   RO         7073    i.prvProcessReceivedCommands  timers.o
    0x08005244   0x08005244   0x0000006c   Code   RO         7074    i.prvProcessTimerOrBlockTask  timers.o
    0x080052b0   0x080052b0   0x00000024   Code   RO         6726    i.prvResetNextTaskUnblockTime  tasks.o
    0x080052d4   0x080052d4   0x0000002c   Code   RO         7075    i.prvSampleTimeNow  timers.o
    0x08005300   0x08005300   0x00000074   Code   RO         7076    i.prvSwitchTimerLists  timers.o
    0x08005374   0x08005374   0x00000030   Code   RO         7650    i.prvTaskExitError  port.o
    0x080053a4   0x080053a4   0x00000014   Code   RO         7077    i.prvTimerTask      timers.o
    0x080053b8   0x080053b8   0x00000068   Code   RO         6382    i.prvUnlockQueue    queue.o
    0x08005420   0x08005420   0x000000e4   Code   RO         7602    i.pvPortMalloc      heap_4.o
    0x08005504   0x08005504   0x0000002c   Code   RO         7651    i.pxPortInitialiseStack  port.o
    0x08005530   0x08005530   0x00000010   Code   RO         1697    i.remote_control_init  remote_control.o
    0x08005540   0x08005540   0x000000b4   Code   RO         1698    i.sbus_to_rc        remote_control.o
    0x080055f4   0x080055f4   0x00000008   Code   RO         1584    i.test_task         test_task.o
    0x080055fc   0x080055fc   0x00000038   Code   RO         1345    i.tim0              buzzer_task.o
    0x08005634   0x08005634   0x00000038   Code   RO         1346    i.tim1              buzzer_task.o
    0x0800566c   0x0800566c   0x0000003c   Code   RO         1347    i.tim2              buzzer_task.o
    0x080056a8   0x080056a8   0x00000080   Code   RO         2002    i.trans_PID_calc    translate_task.o
    0x08005728   0x08005728   0x0000007c   Code   RO         2003    i.trans_control_loop  translate_task.o
    0x080057a4   0x080057a4   0x00000034   Code   RO         2004    i.trans_feedback_update  translate_task.o
    0x080057d8   0x080057d8   0x00000094   Code   RO         2005    i.trans_init        translate_task.o
    0x0800586c   0x0800586c   0x000000dc   Code   RO         2006    i.trans_set_mode    translate_task.o
    0x08005948   0x08005948   0x00000064   Code   RO         2007    i.translate_task    translate_task.o
    0x080059ac   0x080059ac   0x00000026   Code   RO         6335    i.uxListRemove      list.o
    0x080059d2   0x080059d2   0x00000002   PAD
    0x080059d4   0x080059d4   0x00000014   Code   RO          302    i.vApplicationGetIdleTaskMemory  freertos.o
    0x080059e8   0x080059e8   0x00000018   Code   RO          303    i.vApplicationGetTimerTaskMemory  freertos.o
    0x08005a00   0x08005a00   0x00000016   Code   RO         6336    i.vListInitialise   list.o
    0x08005a16   0x08005a16   0x00000006   Code   RO         6337    i.vListInitialiseItem  list.o
    0x08005a1c   0x08005a1c   0x00000036   Code   RO         6338    i.vListInsert       list.o
    0x08005a52   0x08005a52   0x00000018   Code   RO         6339    i.vListInsertEnd    list.o
    0x08005a6a   0x08005a6a   0x00000002   PAD
    0x08005a6c   0x08005a6c   0x00000040   Code   RO         7653    i.vPortEnterCritical  port.o
    0x08005aac   0x08005aac   0x0000002c   Code   RO         7654    i.vPortExitCritical  port.o
    0x08005ad8   0x08005ad8   0x0000005c   Code   RO         7603    i.vPortFree         heap_4.o
    0x08005b34   0x08005b34   0x00000024   Code   RO         7655    i.vPortSetupTimerInterrupt  port.o
    0x08005b58   0x08005b58   0x00000054   Code   RO         7656    i.vPortValidateInterruptPriority  port.o
    0x08005bac   0x08005bac   0x00000028   Code   RO         6386    i.vQueueAddToRegistry  queue.o
    0x08005bd4   0x08005bd4   0x0000004a   Code   RO         6389    i.vQueueWaitForMessageRestricted  queue.o
    0x08005c1e   0x08005c1e   0x00000002   PAD
    0x08005c20   0x08005c20   0x00000050   Code   RO         6737    i.vTaskDelay        tasks.o
    0x08005c70   0x08005c70   0x00000010   Code   RO         6741    i.vTaskInternalSetTimeOutState  tasks.o
    0x08005c80   0x08005c80   0x0000000c   Code   RO         6742    i.vTaskMissedYield  tasks.o
    0x08005c8c   0x08005c8c   0x00000034   Code   RO         6744    i.vTaskPlaceOnEventList  tasks.o
    0x08005cc0   0x08005cc0   0x0000003c   Code   RO         6745    i.vTaskPlaceOnEventListRestricted  tasks.o
    0x08005cfc   0x08005cfc   0x00000090   Code   RO         6752    i.vTaskStartScheduler  tasks.o
    0x08005d8c   0x08005d8c   0x00000010   Code   RO         6754    i.vTaskSuspendAll   tasks.o
    0x08005d9c   0x08005d9c   0x00000060   Code   RO         6755    i.vTaskSwitchContext  tasks.o
    0x08005dfc   0x08005dfc   0x00000104   Code   RO         7657    i.xPortStartScheduler  port.o
    0x08005f00   0x08005f00   0x0000002c   Code   RO         7658    i.xPortSysTickHandler  port.o
    0x08005f2c   0x08005f2c   0x00000070   Code   RO         6393    i.xQueueGenericCreateStatic  queue.o
    0x08005f9c   0x08005f9c   0x00000090   Code   RO         6394    i.xQueueGenericReset  queue.o
    0x0800602c   0x0800602c   0x00000170   Code   RO         6395    i.xQueueGenericSend  queue.o
    0x0800619c   0x0800619c   0x000000bc   Code   RO         6396    i.xQueueGenericSendFromISR  queue.o
    0x08006258   0x08006258   0x00000148   Code   RO         6404    i.xQueueReceive     queue.o
    0x080063a0   0x080063a0   0x00000098   Code   RO         6757    i.xTaskCheckForTimeOut  tasks.o
    0x08006438   0x08006438   0x0000006c   Code   RO         6758    i.xTaskCreate       tasks.o
    0x080064a4   0x080064a4   0x00000060   Code   RO         6759    i.xTaskCreateStatic  tasks.o
    0x08006504   0x08006504   0x0000001c   Code   RO         6764    i.xTaskGetSchedulerState  tasks.o
    0x08006520   0x08006520   0x0000000c   Code   RO         6765    i.xTaskGetTickCount  tasks.o
    0x0800652c   0x0800652c   0x000000d0   Code   RO         6767    i.xTaskIncrementTick  tasks.o
    0x080065fc   0x080065fc   0x0000009c   Code   RO         6770    i.xTaskPriorityDisinherit  tasks.o
    0x08006698   0x08006698   0x00000078   Code   RO         6772    i.xTaskRemoveFromEventList  tasks.o
    0x08006710   0x08006710   0x000000cc   Code   RO         6773    i.xTaskResumeAll    tasks.o
    0x080067dc   0x080067dc   0x00000068   Code   RO         7082    i.xTimerCreateTimerTask  timers.o
    0x08006844   0x08006844   0x00000074   Code   RO         7083    i.xTimerGenericCommand  timers.o
    0x080068b8   0x080068b8   0x00000062   Code   RO         7778    x$fpl$d2f           fz_wm.l(d2f.o)
    0x0800691a   0x0800691a   0x00000002   PAD
    0x0800691c   0x0800691c   0x00000150   Code   RO         7780    x$fpl$dadd          fz_wm.l(daddsub_clz.o)
    0x08006a6c   0x08006a6c   0x000002b0   Code   RO         7787    x$fpl$ddiv          fz_wm.l(ddiv.o)
    0x08006d1c   0x08006d1c   0x0000005a   Code   RO         7790    x$fpl$dfixu         fz_wm.l(dfixu.o)
    0x08006d76   0x08006d76   0x0000002e   Code   RO         7795    x$fpl$dflt          fz_wm.l(dflt_clz.o)
    0x08006da4   0x08006da4   0x00000026   Code   RO         7794    x$fpl$dfltu         fz_wm.l(dflt_clz.o)
    0x08006dca   0x08006dca   0x00000002   PAD
    0x08006dcc   0x08006dcc   0x00000154   Code   RO         7800    x$fpl$dmul          fz_wm.l(dmul.o)
    0x08006f20   0x08006f20   0x0000009c   Code   RO         7838    x$fpl$dnaninf       fz_wm.l(dnaninf.o)
    0x08006fbc   0x08006fbc   0x0000000c   Code   RO         7840    x$fpl$dretinf       fz_wm.l(dretinf.o)
    0x08006fc8   0x08006fc8   0x000001d4   Code   RO         7782    x$fpl$dsub          fz_wm.l(daddsub_clz.o)
    0x0800719c   0x0800719c   0x00000056   Code   RO         7804    x$fpl$f2d           fz_wm.l(f2d.o)
    0x080071f2   0x080071f2   0x0000008c   Code   RO         7844    x$fpl$fnaninf       fz_wm.l(fnaninf.o)
    0x0800727e   0x0800727e   0x0000000a   Code   RO         7996    x$fpl$fpinit        fz_wm.l(fpinit.o)
    0x08007288   0x08007288   0x0000000a   Code   RO         7846    x$fpl$fretinf       fz_wm.l(fretinf.o)
    0x08007292   0x08007292   0x00000000   Code   RO         7848    x$fpl$usenofp       fz_wm.l(usenofp.o)
    0x08007292   0x08007292   0x00000002   PAD
    0x08007294   0x08007294   0x00000118   Data   RO          305    .constdata          freertos.o
    0x080073ac   0x080073ac   0x00000010   Data   RO          898    .constdata          system_stm32f4xx.o
    0x080073bc   0x080073bc   0x00000008   Data   RO          899    .constdata          system_stm32f4xx.o
    0x080073c4   0x080073c4   0x00000048   Data   RO         1794    .constdata          fric_task.o
    0x0800740c   0x0800740c   0x0000000c   Data   RO         1866    .constdata          gimbal_task.o
    0x08007418   0x08007418   0x0000000c   Data   RO         2009    .constdata          translate_task.o
    0x08007424   0x08007424   0x0000000c   Data   RO         2078    .constdata          advance_task.o
    0x08007430   0x08007430   0x00000008   Data   RO         3410    .constdata          stm32f4xx_hal_dma.o
    0x08007438   0x08007438   0x00000079   Data   RO          306    .conststring        freertos.o
    0x080074b1   0x080074b1   0x00000003   PAD
    0x080074b4   0x080074b4   0x00000020   Data   RO         8056    Region$$Table       anon$$obj.o


    Execution Region RW_IRAM1 (Exec base: 0x20000000, Load base: 0x080074d4, Size: 0x0000b448, Max: 0x00020000, ABSOLUTE, COMPRESSED[0x00000028])

    Exec Addr    Load Addr    Size         Type   Attr      Idx    E Section Name        Object

    0x20000000   COMPRESSED   0x00000028   Data   RW          309    .data               freertos.o
    0x20000028   COMPRESSED   0x00000004   Data   RW          411    .data               can.o
    0x2000002c   COMPRESSED   0x00000004   Data   RW          900    .data               system_stm32f4xx.o
    0x20000030   COMPRESSED   0x00000008   Data   RW          937    .data               bsp_delay.o
    0x20000038   COMPRESSED   0x00000008   Data   RW         1075    .data               bsp_led.o
    0x20000040   COMPRESSED   0x00000001   Data   RW         1355    .data               buzzer_task.o
    0x20000041   COMPRESSED   0x00000003   PAD
    0x20000044   COMPRESSED   0x0000001c   Data   RW         1440    .data               led_flow_task.o
    0x20000060   COMPRESSED   0x00000028   Data   RW         1623    .data               can_bus.o
    0x20000088   COMPRESSED   0x00000002   Data   RW         1703    .data               remote_control.o
    0x2000008a   COMPRESSED   0x00000002   Data   RW         1795    .data               fric_task.o
    0x2000008c   COMPRESSED   0x00000002   Data   RW         1867    .data               gimbal_task.o
    0x2000008e   COMPRESSED   0x00000002   PAD
    0x20000090   COMPRESSED   0x00000008   Data   RW         2010    .data               translate_task.o
    0x20000098   COMPRESSED   0x0000000c   Data   RW         2079    .data               advance_task.o
    0x200000a4   COMPRESSED   0x00000008   Data   RW         2132    .data               mode_set_task.o
    0x200000ac   COMPRESSED   0x0000000c   Data   RW         3832    .data               stm32f4xx_hal.o
    0x200000b8   COMPRESSED   0x0000003c   Data   RW         6776    .data               tasks.o
    0x200000f4   COMPRESSED   0x00000014   Data   RW         7091    .data               timers.o
    0x20000108   COMPRESSED   0x00000018   Data   RW         7608    .data               heap_4.o
    0x20000120   COMPRESSED   0x0000000c   Data   RW         7659    .data               port.o
    0x2000012c        -       0x000006a8   Zero   RW          304    .bss                freertos.o
    0x200007d4        -       0x00000050   Zero   RW          410    .bss                can.o
    0x20000824        -       0x00000054   Zero   RW          482    .bss                i2c.o
    0x20000878        -       0x00000010   Zero   RW          524    .bss                rng.o
    0x20000888        -       0x00000118   Zero   RW          566    .bss                spi.o
    0x200009a0        -       0x00000100   Zero   RW          614    .bss                tim.o
    0x20000aa0        -       0x00000140   Zero   RW          691    .bss                usart.o
    0x20000be0        -       0x000000fc   Zero   RW         1622    .bss                can_bus.o
    0x20000cdc        -       0x0000005f   Zero   RW         1702    .bss                remote_control.o
    0x20000d3b   COMPRESSED   0x00000001   PAD
    0x20000d3c        -       0x00000230   Zero   RW         1793    .bss                fric_task.o
    0x20000f6c        -       0x000000e8   Zero   RW         1865    .bss                gimbal_task.o
    0x20001054        -       0x000000ac   Zero   RW         2008    .bss                translate_task.o
    0x20001100        -       0x000000a8   Zero   RW         2077    .bss                advance_task.o
    0x200011a8        -       0x00000040   Zero   RW         6407    .bss                queue.o
    0x200011e8        -       0x000000f0   Zero   RW         6775    .bss                tasks.o
    0x200012d8        -       0x00000110   Zero   RW         7090    .bss                timers.o
    0x200013e8        -       0x00006000   Zero   RW         7607    .bss                heap_4.o
    0x200073e8        -       0x00000060   Zero   RW         7921    .bss                c_w.l(libspace.o)
    0x20007448        -       0x00002000   Zero   RW            2    HEAP                startup_stm32f407xx.o
    0x20009448        -       0x00002000   Zero   RW            1    STACK               startup_stm32f407xx.o


==============================================================================

Image component sizes


      Code (inc. data)   RO Data    RW Data    ZI Data      Debug   Object Name

       908         92         12         12        168       5439   advance_task.o
        88          8          0          0          0        590   bsp_can.o
        40         14          0          8          0     593177   bsp_delay.o
        60          8          0          8          0        624   bsp_led.o
        96         12          0          0          0       1030   bsp_rc.o
       512         52          0          1          0       7119   buzzer_task.o
       384         42          0          4         80       2478   can.o
       698         82          0         40        252       6423   can_bus.o
       130          0          0          0          0      22107   cmsis_os.o
       108          4          0          0          0        830   dma.o
         0          0          0          0          0      17852   event_groups.o
       280         18        401         40       1704       3669   freertos.o
       806         62         72          2        560       7734   fric_task.o
       152         22          0          0          0       1706   gimbal_locked_task.o
       856         92         12          2        232       9483   gimbal_task.o
       440         28          0          0          0       1211   gpio.o
       492         32          0         24      24576       4979   heap_4.o
       204         32          0          0         84       1721   i2c.o
        48          6          0          0          0       1517   laser_task.o
       468         16          0         28          0     598581   led_flow_task.o
       144          0          0          0          0       3634   list.o
       234         12          0          0          0     749018   main.o
       112         12          0          8          0       1617   mode_set_task.o
       452         14          0          0          0       3066   pid.o
       814         92          0         12          0      12093   port.o
      1584         24          0          0         64      15144   queue.o
       372         34          0          2         95       3335   remote_control.o
        76         18          0          0         16       1519   rng.o
       324         34          0          0        280       1907   spi.o
        64         26        392          0      16384        852   startup_stm32f407xx.o
       148         24          0         12          0       3993   stm32f4xx_hal.o
      2004          6          0          0          0      15159   stm32f4xx_hal_can.o
       208         16          0          0          0      33711   stm32f4xx_hal_cortex.o
       906         18          8          0          0       4344   stm32f4xx_hal_dma.o
       580         28          0          0          0       3768   stm32f4xx_hal_gpio.o
       408         18          0          0          0       2103   stm32f4xx_hal_i2c.o
        56          4          0          0          0        854   stm32f4xx_hal_msp.o
      1638        100          0          0          0       6476   stm32f4xx_hal_rcc.o
        52          0          0          0          0       1107   stm32f4xx_hal_rng.o
       130          0          0          0          0       1195   stm32f4xx_hal_spi.o
      1448         46          0          0          0      12713   stm32f4xx_hal_tim.o
       180          0          0          0          0       2268   stm32f4xx_hal_tim_ex.o
       932         14          0          0          0       1892   stm32f4xx_hal_uart.o
       108         24          0          0          0       7085   stm32f4xx_it.o
         0          0          0          0          0        388   stream_buffer.o
        84         18         24          4          0       1183   system_stm32f4xx.o
      2268        194          0         60        240      25262   tasks.o
         8          0          0          0          0        492   test_task.o
       992        100          0          0        256       5275   tim.o
      1016         96          0         20        272      27511   timers.o
       772         84         12          8        172       7152   translate_task.o
       482         60          0          0        320       4469   usart.o
        34          0          0          0          0       1520   user_lib.o

    ----------------------------------------------------------------------
     25444       1738        968        300      45756    2250375   Object Totals
         0          0         32          0          0          0   (incl. Generated)
        44          0          3          5          1          0   (incl. Padding)

    ----------------------------------------------------------------------

      Code (inc. data)   RO Data    RW Data    ZI Data      Debug   Library Member Name

        90          0          0          0          0          0   __dczerorl2.o
         8          0          0          0          0         68   __main.o
         0          0          0          0          0          0   __rtentry.o
        12          0          0          0          0          0   __rtentry2.o
         6          0          0          0          0          0   __rtentry4.o
        52          8          0          0          0          0   __scatter.o
        28          0          0          0          0          0   __scatter_zi.o
        16          0          0          0          0         68   aeabi_memset.o
        18          0          0          0          0         80   exit.o
         6          0          0          0          0        152   heapauxi.o
         2          0          0          0          0          0   libinit.o
         6          0          0          0          0          0   libinit2.o
         2          0          0          0          0          0   libshutdown.o
         2          0          0          0          0          0   libshutdown2.o
         8          4          0          0         96         68   libspace.o
       238          0          0          0          0        100   lludivv7m.o
        68          0          0          0          0         68   rt_memclr.o
        78          0          0          0          0         80   rt_memclr_w.o
       138          0          0          0          0         68   rt_memcpy_v6.o
       100          0          0          0          0         80   rt_memcpy_w.o
         2          0          0          0          0          0   rtexit.o
        10          0          0          0          0          0   rtexit2.o
        74          0          0          0          0         80   sys_stackheap_outer.o
         2          0          0          0          0         68   use_no_semi.o
         2          0          0          0          0         68   use_no_semi_2.o
        98          4          0          0          0        140   d2f.o
       804         16          0          0          0        368   daddsub_clz.o
       688        140          0          0          0        256   ddiv.o
        90          4          0          0          0        140   dfixu.o
        84          0          0          0          0        232   dflt_clz.o
       340         12          0          0          0        152   dmul.o
       156          4          0          0          0        140   dnaninf.o
        12          0          0          0          0        116   dretinf.o
        86          4          0          0          0        132   f2d.o
       140          4          0          0          0        132   fnaninf.o
        10          0          0          0          0        116   fpinit.o
        10          0          0          0          0        116   fretinf.o
         0          0          0          0          0          0   usenofp.o

    ----------------------------------------------------------------------
      3496        200          0          0         96       3088   Library Totals
        10          0          0          0          0          0   (incl. Padding)

    ----------------------------------------------------------------------

      Code (inc. data)   RO Data    RW Data    ZI Data      Debug   Library Name

       968         12          0          0         96       1048   c_w.l
      2518        188          0          0          0       2040   fz_wm.l

    ----------------------------------------------------------------------
      3496        200          0          0         96       3088   Library Totals

    ----------------------------------------------------------------------

==============================================================================


      Code (inc. data)   RO Data    RW Data    ZI Data      Debug   

     28940       1938        968        300      45852    2229195   Grand Totals
     28940       1938        968         40      45852    2229195   ELF Image Totals (compressed)
     28940       1938        968         40          0          0   ROM Totals

==============================================================================

    Total RO  Size (Code + RO Data)                29908 (  29.21kB)
    Total RW  Size (RW Data + ZI Data)             46152 (  45.07kB)
    Total ROM Size (Code + RO Data + RW Data)      29948 (  29.25kB)

==============================================================================

